Welcome to Ubuntu 24.04.3 LTS (GNU/Linux 6.14.0-37-generic x86_64)

 * Documentation:  https://help.ubuntu.com
 * Management:     https://landscape.canonical.com
 * Support:        https://ubuntu.com/pro

Expanded Security Maintenance for Applications is not enabled.

250 updates can be applied immediately.
To see these additional updates run: apt list --upgradable

16 additional security updates can be applied with ESM Apps.
Learn more about enabling ESM Apps service at https://ubuntu.com/esm

*** System restart required ***
Last login: Thu May 14 17:12:25 2026 from 192.168.80.230
[?2004h]0;solid@OL4-RUC: ~solid@OL4-RUC:~$ ip neighbo | grep 10.0.20
[?2004l[01;31m[K10.0.20[m[K.122 dev dasan FAILED 
[01;31m[K10.0.20[m[K.103 dev dasan lladdr dc:c1:01:00:d2:24 REACHABLE 
[01;31m[K10.0.20[m[K.126 dev dasan INCOMPLETE 
[01;31m[K10.0.20[m[K.108 dev dasan FAILED 
[01;31m[K10.0.20[m[K.133 dev dasan lladdr dc:c1:01:00:00:09 DELAY 
[01;31m[K10.0.20[m[K.130 dev dasan INCOMPLETE 
[01;31m[K10.0.20[m[K.127 dev dasan lladdr 00:0a:35:00:00:0e STALE 
[01;31m[K10.0.20[m[K.100 dev dasan lladdr dc:c1:01:00:92:2d REACHABLE 
[01;31m[K10.0.20[m[K.106 dev dasan FAILED 
[01;31m[K10.0.20[m[K.134 dev dasan lladdr dc:c1:01:00:a6:24 DELAY 
[01;31m[K10.0.20[m[K.50 dev dasan lladdr d0:96:fb:9d:82:8e REACHABLE 
[01;31m[K10.0.20[m[K.254 dev dasan FAILED 
[01;31m[K10.0.20[m[K.101 dev dasan lladdr dc:c1:01:02:03:04 REACHABLE 
[01;31m[K10.0.20[m[K.102 dev dasan lladdr 00:0a:35:00:00:02 REACHABLE 
[01;31m[K10.0.20[m[K.128 dev dasan FAILED 
[?2004h]0;solid@OL4-RUC: ~solid@OL4-RUC:~$ 