Welcome to Ubuntu 20.04.6 LTS (GNU/Linux 5.15.0-139-generic x86_64)

 * Documentation:  https://help.ubuntu.com
 * Management:     https://landscape.canonical.com
 * Support:        https://ubuntu.com/pro

Expanded Security Maintenance for Infrastructure is not enabled.

7 updates can be applied immediately.
To see these additional updates run: apt list --upgradable

219 additional security updates can be applied with ESM Infra.
Learn more about enabling ESM Infra service for Ubuntu 20.04 at
https://ubuntu.com/20-04

New release '22.04.5 LTS' available.
Run 'do-release-upgrade' to upgrade to it.

Your Hardware Enablement Stack (HWE) is supported until April 2025.
Last login: Mon May 11 16:36:36 2026 from 192.168.80.58
slab@slab:~$ cd /home/slab/trex/v3.08
slab@slab:~/trex/v3.08$ ./trex-console

Using 'python3' as Python interpeter


Connecting to RPC server on localhost:4501                   [SUCCESS]


Connecting to publisher server on localhost:4500             [SUCCESS]


Acquiring ports [0, 1]:                                      [SUCCESS]


Server Info:

Server version:   v3.08 @ STL
Server mode:      Stateless
Server CPU:       1 x Intel(R) Core(TM) i7-9700K CPU @ 3.60GHz
Ports count:      1 x 25Gbps @ Ethernet Controller XXV710 for 25GbE SFP28	1 x 10Gbps @ Ethernet Controller XXV710 for 25GbE SFP28	

-=TRex Console v3.0=-

Type 'help' or '?' for supported actions

trex>portattr 
Port Status

     port       |          0           |          1           
----------------+----------------------+---------------------
driver          |       net_i40e       |       net_i40e       
description     |  Ethernet Controlle  |  Ethernet Controlle  
link status     |          UP          |          UP          
link speed      |       10 Gb/s        |       25 Gb/s        
port status     |         IDLE         |         IDLE         
promiscuous     |         off          |         off          
multicast       |         off          |         off          
flow ctrl       |         none         |         none         
vxlan fs        |          -           |          -           
--              |                      |                      
layer mode      |       Ethernet       |       Ethernet       
src IPv4        |          -           |          -           
IPv6            |         off          |         off          
src MAC         |  b4:96:91:a9:e2:04   |  b4:96:91:a9:e2:05   
---             |                      |                      
Destination     |  b4:96:91:a9:e2:05   |  b4:96:91:a9:e2:04   
ARP Resolution  |          -           |          -           
----            |                      |                      
VLAN            |          -           |          -           
-----           |                      |                      
PCI Address     |     0000:02:00.0     |     0000:02:00.1     
NUMA Node       |          -1          |          -1          
RX Filter Mode  |    hardware match    |    hardware match    
RX Queueing     |         off          |         off          
Grat ARP        |         off          |         off          
------          |                      |                      

trex>status
'status' is an unrecognized command. type 'help' or '?' for a list

trex>statusportattr 
Port Status

     port       |          0           |          1           
----------------+----------------------+---------------------
driver          |       net_i40e       |       net_i40e       
description     |  Ethernet Controlle  |  Ethernet Controlle  
link status     |          UP          |          UP          
link speed      |       10 Gb/s        |       25 Gb/s        
port status     |         IDLE         |         IDLE         
promiscuous     |         off          |         off          
multicast       |         off          |         off          
flow ctrl       |         none         |         none         
vxlan fs        |          -           |          -           
--              |                      |                      
layer mode      |       Ethernet       |       Ethernet       
src IPv4        |          -           |          -           
IPv6            |         off          |         off          
src MAC         |  b4:96:91:a9:e2:04   |  b4:96:91:a9:e2:05   
---             |                      |                      
Destination     |  b4:96:91:a9:e2:05   |  b4:96:91:a9:e2:04   
ARP Resolution  |          -           |          -           
----            |                      |                      
VLAN            |          -           |          -           
-----           |                      |                      
PCI Address     |     0000:02:00.0     |     0000:02:00.1     
NUMA Node       |          -1          |          -1          
RX Filter Mode  |    hardware match    |    hardware match    
RX Queueing     |         off          |         off          
Grat ARP        |         off          |         off          
------          |                      |                      

trex>

2026-05-11 16:41:30 - [local][warning]   - Connection lost - Subscriber timeout: no data from TRex server for more than 5 seconds

trex(offline)>

*** Caught Ctrl + C... Exiting...


Shutting down RPC client

slab@slab:~/trex/v3.08$ 