[2026-05-11 18:27:36] Welcome to Ubuntu 20.04.6 LTS (GNU/Linux 5.15.0-139-generic x86_64)

[2026-05-11 18:27:36]  * Documentation:  https://help.ubuntu.com
[2026-05-11 18:27:36]  * Management:     https://landscape.canonical.com
[2026-05-11 18:27:36]  * Support:        https://ubuntu.com/pro

[2026-05-11 18:27:36] Expanded Security Maintenance for Infrastructure is not enabled.

[2026-05-11 18:27:36] 7 updates can be applied immediately.
[2026-05-11 18:27:36] To see these additional updates run: apt list --upgradable

[2026-05-11 18:27:36] 219 additional security updates can be applied with ESM Infra.
[2026-05-11 18:27:36] Learn more about enabling ESM Infra service for Ubuntu 20.04 at
[2026-05-11 18:27:36] https://ubuntu.com/20-04

[2026-05-11 18:27:36] New release '22.04.5 LTS' available.
[2026-05-11 18:27:36] Run 'do-release-upgrade' to upgrade to it.

[2026-05-11 18:27:36] Your Hardware Enablement Stack (HWE) is supported until April 2025.
[2026-05-11 18:27:36] Last login: Mon May 11 17:27:28 2026 from 192.168.80.58

[2026-05-11 18:27:36] slab@slab:~$ minicom2
                                                                                                                                       
[2026-05-11 18:27:38] CTRL-A Z for help | 115200 8N1 | NOR | Minicom 2.7.1 | VT102 | Offline | ttyUSB2                                                       CTRL-A Z for help | 115200 8N1 | NOR | Minicom 2.7.1 | VT102 | Offline | ttyUSB2                                                       
[2026-05-11 18:27:38] Welcome to minicom 2.7.1

[2026-05-11 18:27:38] OPTIONS: I18n 
[2026-05-11 18:27:38] Compiled on Dec 23 2019, 02:06:26.
[2026-05-11 18:27:38] Port /dev/ttyUSB2, 14:56:34

[2026-05-11 18:27:38] Press CTRL-A Z for help on special keys

[2026-05-11 18:27:40] solid
[2026-05-11 18:27:40] -sh: solid: command not found
[2026-05-11 18:27:40] root@nDLPU:~# ngenesisQ!@
[2026-05-11 18:27:42] -sh: !@: event not found
[2026-05-11 18:27:42] root@nDLPU:~# ifconfig
[2026-05-11 19:07:40] dbg: flags=4163<UP,BROADCAST,RUNNING,MULTICAST>  mtu 1500
[2026-05-11 19:07:40]         inet6 fe80::8ccd:5bff:fe1b:656  prefixlen 64  scopeid 0x20<link>
[2026-05-11 19:07:40]         ether 8e:cd:5b:1b:06:56  txqueuelen 1000  (Ethernet)
[2026-05-11 19:07:40]         RX packets 0  bytes 0 (0.0 B)
[2026-05-11 19:07:40]         RX errors 0  dropped 0  overruns 0  frame 0
[2026-05-11 19:07:40]         TX packets 299  bytes 22550 (22.0 KiB)
[2026-05-11 19:07:40]         TX errors 299  dropped 0 overruns 0  carrier 299  collisions 0
[2026-05-11 19:07:40]         device interrupt 43  

[2026-05-11 19:07:40] docker0: flags=4099<UP,BROADCAST,MULTICAST>  mtu 1500
[2026-05-11 19:07:40]         inet 172.17.0.1  netmask 255.255.0.0  broadcast 172.17.255.255
[2026-05-11 19:07:40]         ether 02:42:da:0d:46:48  txqueuelen 0  (Ethernet)
[2026-05-11 19:07:40]         RX packets 0  bytes 0 (0.0 B)
[2026-05-11 19:07:40]         RX errors 0  dropped 0  overruns 0  frame 0
[2026-05-11 19:07:40]         TX packets 0  bytes 0 (0.0 B)
[2026-05-11 19:07:40]         TX errors 0  dropped 0 overruns 0  carrier 0  collisions 0

[2026-05-11 19:07:40] lo: flags=73<UP,LOOPBACK,RUNNING>  mtu 65536
[2026-05-11 19:07:40]         inet 127.0.0.1  netmask 255.0.0.0
[2026-05-11 19:07:40]         inet6 ::1  prefixlen 128  scopeid 0x10<host>
[2026-05-11 19:07:40]         loop  txqueuelen 1000  (Local Loopback)
[2026-05-11 19:07:40]         RX packets 298714899  bytes 1897974378866 (1.7 TiB)
[2026-05-11 19:07:40]         RX errors 0  dropped 0  overruns 0  frame 0
[2026-05-11 19:07:40]         TX packets 298714899  bytes 1897974378866 (1.7 TiB)
[2026-05-11 19:07:40]         TX errors 0  dropped 0 overruns 0  carrier 0  collisions 0

[2026-05-11 19:07:40] oranbr0: flags=4163<UP,BROADCAST,RUNNING,MULTICAST>  mtu 1500
[2026-05-11 19:07:40]         inet6 fe80::cc4:45ff:fed0:a81b  prefixlen 64  scopeid 0x20<link>
[2026-05-11 19:07:40]         ether 00:0a:35:00:00:02  txqueuelen 1000  (Ethernet)
[2026-05-11 19:07:40]         RX packets 40341658  bytes 2137395098 (1.9 GiB)
[2026-05-11 19:07:40]         RX errors 0  dropped 0  overruns 0  frame 0
[2026-05-11 19:07:40]         TX packets 282  bytes 19884 (19.4 KiB)
[2026-05-11 19:07:40]         TX errors 0  dropped 0 overruns 0  carrier 0  collisions 0

[2026-05-11 19:07:40] oru0: flags=67<UP,BROADCAST,RUNNING>  mtu 1500
[2026-05-11 19:07:40]         ether 00:0a:35:00:00:02  txqueuelen 1000  (Ethernet)
[2026-05-11 19:07:40]         RX packets 42249666  bytes 2844553960 (2.6 GiB)
[2026-05-11 19:07:40]         RX errors 0  dropped 477  overruns 0  frame 0
[2026-05-11 19:07:40]         TX packets 18173448  bytes 1123059895 (1.0 GiB)
[2026-05-11 19:07:40]         TX errors 0  dropped 0 overruns 0  carrier 0  collisions 0

[2026-05-11 19:07:40] sys: flags=4163<UP,BROADCAST,RUNNING,MULTICAST>  mtu 1500
[2026-05-11 19:07:40]         inet 172.16.254.19  netmask 255.254.0.0  broadcast 172.17.255.255
[2026-05-11 19:07:40]         inet6 fe80::200:19ff:fe00:0  prefixlen 64  scopeid 0x20<link>
[2026-05-11 19:07:40]         ether 00:00:19:00:00:00  txqueuelen 1000  (Ethernet)
[2026-05-11 19:07:40]         RX packets 5722717  bytes 6398652108 (5.9 GiB)
[2026-05-11 19:07:40]         RX errors 5  dropped 0  overruns 0  frame 5
[2026-05-11 19:07:40]         TX packets 702879  bytes 177805826 (169.5 MiB)
[2026-05-11 19:07:40]         TX errors 0  dropped 0 overruns 0  carrier 0  collisions 0
[2026-05-11 19:07:40]         device interrupt 44  

[2026-05-11 19:07:40] sys:1: flags=4163<UP,BROADCAST,RUNNING,MULTICAST>  mtu 1500
[2026-05-11 19:07:40]         inet 192.168.58.11  netmask 255.255.255.0  broadcast 192.168.58.255
[2026-05-11 19:07:40]         ether 00:00:19:00:00:00  txqueuelen 1000  (Ethernet)
[2026-05-11 19:07:40]         device interrupt 44  

[2026-05-11 19:07:40] veth-oru1: flags=4163<UP,BROADCAST,RUNNING,MULTICAST>  mtu 1500
[2026-05-11 19:07:40]         inet6 fe80::3891:94ff:fe30:3e10  prefixlen 64  scopeid 0x20<link>
[2026-05-11 19:07:40]         ether 3a:91:94:30:3e:10  txqueuelen 1000  (Ethernet)
[2026-05-11 19:07:40]         RX packets 1414052  bytes 114570520 (109.2 MiB)
[2026-05-11 19:07:40]         RX errors 0  dropped 0  overruns 0  frame 0
[2026-05-11 19:07:40]         TX packets 40028873  bytes 2701652248 (2.5 GiB)
[2026-05-11 19:07:40]         TX errors 0  dropped 0 overruns 0  carrier 0  collisions 0

[2026-05-11 19:07:40] root@nDLPU:~# vt  oru-container-shell 
[2026-05-11 19:07:44] s
[2026-05-11 19:07:44] ========================================================================
[2026-05-11 19:07:44]  Developer mode enabled.
[2026-05-11 19:07:44] ========================================================================

[2026-05-11 19:07:44] Hello, this is O-RAN.MP.DAEMON (version 0.20.16 (0.20.16)).
[2026-05-11 19:07:44] Copyright 2019-2028 SOLiD Inc.

[2026-05-11 19:07:44] oru1-mplane# show dhcp 

[2026-05-11 19:07:46] DHCP 
[2026-05-11 19:07:46] ----------------------------------------------------------------------------------------------------
[2026-05-11 19:07:46]  ifname          link   client   discovery  mplane   IP-address                          lease-time 
[2026-05-11 19:07:46] ----------------------------------------------------------------------------------------------------
[2026-05-11 19:07:46]  sys.1           up     v4/up    *          *        10.0.60.166/255.255.255.0           300        
[2026-05-11 19:07:46] ----------------------------------------------------------------------------------------------------
[2026-05-11 19:07:46]  sys.1           up     v6/up    *          *        2001:1200:1100:1000::135/64         240        
[2026-05-11 19:07:46] ----------------------------------------------------------------------------------------------------
[2026-05-11 19:07:46]  VLAN discovery succeeded. 
[2026-05-11 19:07:46]    searchable-mplane-access-vlans-info: 
[2026-05-11 19:07:46]      searchable-access-vlans: 1 (untag) (vlan-discovery) 
[2026-05-11 19:07:46]      vlan-range: 
[2026-05-11 19:07:46]        lowest-vlan-id: 1 
[2026-05-11 19:07:46]        highest-vlan-id: 4094 

[2026-05-11 19:07:46] oru1-mplane# +----------------------+|    Leave Minicom?    ||               No     |+----------------------+   Yes          TX packets 18173448  bytes 1123059895 (1.0 GiB)                                  TX errors 0  dropped 0 overruns 0  carrier 0  collisions 0                                                                                                sys: flags=4163<UP,BROADCAST,RUNNING,MULTICAST>  mtu 1500                        slab@slab:~$ ss -lntp | rg ":4334"