+------------------------------ WARNING! ------------------------------+
 This computer system and network is PRIVATE and PROPRIETARY and may
 only be accessed by authorized users. Unauthorized use of this
 computer system or network is strictly prohibited and maybe subject to
 criminal prosecution, employee discipline up to and including
 discharge, or the termination of vendor/service contracts.

 The owner, or its agents, may monitor any activity or communication on
 the computer system or network. The owner, or its agents, may retrieve
 any information stored within the computer system or network. By
 accessing and using this computer system or network, you are
 consenting to such monitoring and information retrieval for law
 enforcement and other purposes.

 Users should have no expectation of privacy as to any communication on
 or information stored within the computer system or network, including
 information stored locally or remotely on a hard drive or other media
 in use with this computer system or network.
+----------------------------------------------------------------------+

Last login: Wed May 13 05:53:21 2026 from 192.168.80.58
Security & OS hardening are being applied.

========================================================================
 Developer mode enabled.
========================================================================

Hello, this is O-RAN.MP.DAEMON (version 0.17.1 (0.17.1-15-g844a6efc9)).
Copyright 2019-2028 SOLiD Inc.

nRU# show supervision p 

 M-Plane connectivity monitoring: 
------------------------------------------------------------------------------
 Supervision state: normal 
 Supervision action-of-failure: recovery-reset (close-session, reset-system) 
 Supervision count-of-failure:  0 
 Supervision reset-system-timer(180 secs): off 
 Supervision time interval: supervision-noti-interval(60 secs) guard-time-overhead(10 secs) 

 Netconf session supervision history: (latest 10 sessions)
----------------------------------------------------------------------------------------------------------------
 id    state      supervision  interval   count(tx/tx-err/rx)  supervision-timer 
                               start-time                      end-time                 
----------------------------------------------------------------------------------------------------------------
 2     running    normal       60/10      1/0/0                running (waiting 1 secs until rx watchdog-reset) 
                               2026-05-13 06:19:04 +00:00                                      
----------------------------------------------------------------------------------------------------------------
 
nRU# show supervision 

 M-Plane connectivity monitoring: 
------------------------------------------------------------------------------
 Supervision state: supervision-failure(session-id=2) 
 Supervision action-of-failure: recovery-reset (close-session, reset-system) 
 Supervision count-of-failure:  1 
 Supervision reset-system-timer(180 secs): running (remaining time 177 seconds) 
 Supervision time interval: supervision-noti-interval(60 secs) guard-time-overhead(10 secs) 

 Netconf session supervision history: (latest 10 sessions)
----------------------------------------------------------------------------------------------------------------
 id    state      supervision  interval   count(tx/tx-err/rx)  supervision-timer 
                               start-time                      end-time                 
----------------------------------------------------------------------------------------------------------------
 2     stopped    failure      60/10      1/0/0                --           
                               2026-05-13 06:19:04 +00:00      2026-05-13 06:20:14 +00:00      
----------------------------------------------------------------------------------------------------------------
 
nRU# 
Broadcast message from root@localhost (Wed 2026-05-13 06:23:19 UTC):

The system is going down for reboot NOW!

