Welcome to Ubuntu 24.04.3 LTS (GNU/Linux 6.14.0-37-generic x86_64)

 * Documentation:  https://help.ubuntu.com
 * Management:     https://landscape.canonical.com
 * Support:        https://ubuntu.com/pro

Expanded Security Maintenance for Applications is not enabled.

255 updates can be applied immediately.
12 of these updates are standard security updates.
To see these additional updates run: apt list --upgradable

16 additional security updates can be applied with ESM Apps.
Learn more about enabling ESM Apps service at https://ubuntu.com/esm

*** System restart required ***
Last login: Mon May 11 11:21:45 2026 from 192.168.80.136
solid@OL4-RUC:~$ ip neighbo | grep 10.0.20
10.0.20.103 dev dasan FAILED 
10.0.20.126 dev dasan lladdr 00:0a:35:00:00:0a REACHABLE 
10.0.20.108 dev dasan FAILED 
10.0.20.133 dev dasan lladdr dc:c1:01:00:00:09 REACHABLE 
10.0.20.130 dev dasan INCOMPLETE 
10.0.20.100 dev dasan lladdr dc:c1:01:00:92:2d STALE 
10.0.20.50 dev dasan lladdr d0:96:fb:9d:82:8e REACHABLE 
10.0.20.254 dev dasan FAILED 
10.0.20.101 dev dasan lladdr dc:c1:01:02:03:04 STALE 
10.0.20.102 dev dasan lladdr 00:0a:35:00:00:02 STALE 
10.0.20.128 dev dasan FAILED 
solid@OL4-RUC:~$ cd /miplane_automation/miniDU/
config/  edit/    get/     SS_TEST/ T_SH_SY/ 
solid@OL4-RUC:~$ cd /mplane_automation/miniDU/
solid@OL4-RUC:/mplane_automation/miniDU$ scp cp -r eget/ /var/tmp/netconf_tmp/
solid@OL4-RUC:/mplane_automation/miniDU$ cp -r get/ /var/tmp/netconf_tmp/etdit
solid@OL4-RUC:/mplane_automation/miniDU$ cd /t
bin/                etc/                lost+found/         root/               srv/                var/
bin.usr-is-merged/  home/               media/              run/                sys/                
boot/               lib/                mnt/                RUyang/             tailf_backup/       
cdrom/              lib32/              mplane_automation/  sbin/               tmp/                
dev/                lib64/              opt/                sbin.usr-is-merged/ tmp2/               
dhcp-4.4.2/         lib.usr-is-merged/  proc/               snap/               usr/                
solid@OL4-RUC:/mplane_automation/miniDU$ cd /ls
config                conformance_3121.sh   conformance_3152.sh            conformance_3183.sh  miniDU_last.sh  miniDU_v6.sh
conformance_31101.sh  conformance_31301.sh  conformance_3161.sh            conformance_3184.sh  miniDU.sh       RDLTEST.EXT
conformance_31102.sh  conformance_3131.sh   conformance_3162.sh            conformance_3185.sh  miniDU_v1.sh    SS_reproduce.sh
conformance_3111.sh   conformance_3132.sh   conformance_3170.sh            conformance_3186.sh  miniDU_v2.sh    SS-RRB2-A-0-PKGu.EXT
conformance_3112.sh   conformance_3141.sh   conformance_3180_init_user.sh  edit                 miniDU_v3.sh    SS_TEST
conformance_31201.sh  conformance_3142.sh   conformance_3181.sh            get                  miniDU_v4.sh    T_SH_SY
conformance_31202.sh  conformance_3151.sh   conformance_3182.sh            miniDU_callhome.sh   miniDU_v5.sh
solid@OL4-RUC:/mplane_automation/miniDU$ cd ..
solid@OL4-RUC:/mplane_automation$ cls
conformance_test  docopt.cpp    libnetconf2  LOCALYANG  ncclient   org    q3      reset.xml  rhu.xml  sysrepo
connect           dot1ag-utils  libyang      miniDU     netopeer2  pcre2  replxx  RF2216CO   SERVER   trompeloeil
solid@OL4-RUC:/mplane_automation$ cd conformance_test/
solid@OL4-RUC:/mplane_automation/conformance_test$ ls
3111.xml   conf2.sh      CONF_3112.sh  CONF_3131.sh  conf3.sh  criteria       log              supervision.log  watchdog.xml
close.xml  CONF_3111.sh  CONF_3121.sh  CONF_3132.sh  conf.sh   jsontest.json  reproduction.sh  sync.xml         :wq
solid@OL4-RUC:/mplane_automation/conformance_test$ mv 3111.xml cp 3111.xml /var/tmp/netconf_tmp/
solid@OL4-RUC:/mplane_automation/conformance_test$ cp 3111.xml /var/tmp/netconf_tmp/close.xml
cp: cannot stat 'close.xml.xml': No such file or directory
solid@OL4-RUC:/mplane_automation/conformance_test$ cp close.xml.xml /var/tmp/netconf_tmp/
solid@OL4-RUC:/mplane_automation/conformance_test$ cp close.xml /var/tmp/netconf_tmp/sync.xml /var/tmp/netconf_tmp/
solid@OL4-RUC:/mplane_automation/conformance_test$ cp sync.xml /var/tmp/netconf_tmp/watchdog.xml
solid@OL4-RUC:/mplane_automation/conformance_test$ 