+------------------------------ WARNING! ------------------------------+
 This computer system and network is PRIVATE and PROPRIETARY and may
 only be accessed by authorized users. Unauthorized use of this
 computer system or network is strictly prohibited and maybe subject to
 criminal prosecution, employee discipline up to and including
 discharge, or the termination of vendor/service contracts.

 The owner, or its agents, may monitor any activity or communication on
 the computer system or network. The owner, or its agents, may retrieve
 any information stored within the computer system or network. By
 accessing and using this computer system or network, you are
 consenting to such monitoring and information retrieval for law
 enforcement and other purposes.

 Users should have no expectation of privacy as to any communication on
 or information stored within the computer system or network, including
 information stored locally or remotely on a hard drive or other media
 in use with this computer system or network.
+----------------------------------------------------------------------+

Last login: Wed May 13 08:00:45 2026 from 192.168.80.58
Security & OS hardening are being applied.

========================================================================
 Developer mode enabled.
========================================================================

Hello, this is O-RAN.MP.DAEMON (version 0.17.1 (0.17.1-15-g844a6efc9)).
Copyright 2019-2028 SOLiD Inc.

nRU# start-shell 
admin@nRU:~$ tail -F /var/lot g/netconf-rpc.log
<rpc xmlns="urn:ietf:params:xml:ns:netconf:base:1.0" message-id="5">
  <create-subscription xmlns="urn:ietf:params:xml:ns:netconf:notification:1.0">
    <stream>NETCONF</stream>
  </create-subscription>
</rpc>
May 14 02:20:36 local4.info netopeer2-server[6557]: Session 6: sending message (len=91):
<rpc-reply xmlns="urn:ietf:params:xml:ns:netconf:base:1.0" message-id="5">
  <ok/>
</rpc-reply>
May 14 02:20:36 local4.info netopeer2-server[6557]: Session 6: message (len=4) flushed successfully.
May 14 02:21:36 local4.info netopeer2-server[6557]: Session 6: sending message (len=189):
<notification xmlns="urn:ietf:params:xml:ns:netconf:notification:1.0">
  <eventTime>2026-05-14T02:21:36Z</eventTime>
  <supervision-notification xmlns="urn:o-ran:supervision:1.0"/>
</notification>
May 14 02:21:36 local4.info netopeer2-server[6557]: Session 6: message (len=4) flushed successfully.
May 14 02:21:36 local4.info netopeer2-server[6557]: Session 6: received message (len=137):
<rpc xmlns="urn:ietf:params:xml:ns:netconf:base:1.0" message-id="6">
  <supervision-watchdog-reset xmlns="urn:o-ran:supervision:1.0"/>
</rpc>
May 14 02:21:36 local4.info netopeer2-server[6557]: Session 6: sending message (len=178):
<rpc-reply xmlns="urn:ietf:params:xml:ns:netconf:base:1.0" message-id="6">
  <next-update-at xmlns="urn:o-ran:supervision:1.0">2026-05-14T02:22:36+00:00</next-update-at>
</rpc-reply>
May 14 02:21:36 local4.info netopeer2-server[6557]: Session 6: message (len=4) flushed successfully.
May 14 02:22:02 local4.info netopeer2-server[6557]: Session 6: received message (len=138):
<rpc xmlns="urn:ietf:params:xml:ns:netconf:base:1.0" message-id="7">
  <close-session xmlns="urn:ietf:params:xml:ns:netconf:base:1.0"/>
</rpc>
May 14 02:22:02 local4.info netopeer2-server[6557]: Session 6: sending message (len=91):
<rpc-reply xmlns="urn:ietf:params:xml:ns:netconf:base:1.0" message-id="7">
  <ok/>
</rpc-reply>
May 14 02:22:02 local4.info netopeer2-server[6557]: Session 6: message (len=4) flushed successfully.
^[[A


CLI connection is closed by idle-timeout (600 seconds).

