+------------------------------ WARNING! ------------------------------+
 This computer system and network is PRIVATE and PROPRIETARY and may
 only be accessed by authorized users. Unauthorized use of this
 computer system or network is strictly prohibited and maybe subject to
 criminal prosecution, employee discipline up to and including
 discharge, or the termination of vendor/service contracts.

 The owner, or its agents, may monitor any activity or communication on
 the computer system or network. The owner, or its agents, may retrieve
 any information stored within the computer system or network. By
 accessing and using this computer system or network, you are
 consenting to such monitoring and information retrieval for law
 enforcement and other purposes.

 Users should have no expectation of privacy as to any communication on
 or information stored within the computer system or network, including
 information stored locally or remotely on a hard drive or other media
 in use with this computer system or network.
+----------------------------------------------------------------------+

Last login: Wed May 13 07:01:58 2026 from 10.0.20.254
Security & OS hardening are being applied.

========================================================================
 Developer mode enabled.
========================================================================

Hello, this is O-RAN.MP.DAEMON (version 0.17.1 (0.17.1-15-g844a6efc9)).
Copyright 2019-2028 SOLiD Inc.

nRU# show reset history 3
System Reset History 
------------------------------------------------------------------------------
MORTEM : 1 
Reset Time : Wed May 13 07:15:26 UTC 2026
Reset Reason : SUPERVISION-WATCHDOG
Package Version : 01.00.00
Addition Info :
    UP_TIME= 07:15:26 up 51 min,  0 users,  load average: 0.28, 0.43, 0.48
    BUILD_DATE=2026-01-23T04:56:30+00:00
    SLOT=first
    BOOT_COUNT=266
------------------------------------------------------------------------------
MORTEM : 2 
Reset Time : Wed May 13 06:23:20 UTC 2026
Reset Reason : SUPERVISION-WATCHDOG
Package Version : 01.00.00
Addition Info :
    UP_TIME= 06:23:20 up 25 min,  0 users,  load average: 0.45, 0.50, 0.41
    BUILD_DATE=2026-01-23T04:56:30+00:00
    SLOT=first
    BOOT_COUNT=265
------------------------------------------------------------------------------
MORTEM : 3 
Reset Time : Wed May 13 05:57:08 UTC 2026
Reset Reason : SUPERVISION-WATCHDOG
Package Version : 01.00.00
Addition Info :
    UP_TIME= 05:57:08 up 1 day,  3:06,  0 users,  load average: 0.64, 0.54, 0.54
    BUILD_DATE=2026-01-23T04:56:30+00:00
    SLOT=first
    BOOT_COUNT=264
------------------------------------------------------------------------------
Mortem Reset History 

nRU# 
nRU# show reset history 3
System Reset History 
------------------------------------------------------------------------------
MORTEM : 1 
Reset Time : Wed May 13 07:15:26 UTC 2026
Reset Reason : SUPERVISION-WATCHDOG
Package Version : 01.00.00
Addition Info :
    UP_TIME= 07:15:26 up 51 min,  0 users,  load average: 0.28, 0.43, 0.48
    BUILD_DATE=2026-01-23T04:56:30+00:00
    SLOT=first
    BOOT_COUNT=266
------------------------------------------------------------------------------
MORTEM : 2 
Reset Time : Wed May 13 06:23:20 UTC 2026
Reset Reason : SUPERVISION-WATCHDOG
Package Version : 01.00.00
Addition Info :
    UP_TIME= 06:23:20 up 25 min,  0 users,  load average: 0.45, 0.50, 0.41
    BUILD_DATE=2026-01-23T04:56:30+00:00
    SLOT=first
    BOOT_COUNT=265
------------------------------------------------------------------------------
MORTEM : 3 
Reset Time : Wed May 13 05:57:08 UTC 2026
Reset Reason : SUPERVISION-WATCHDOG
Package Version : 01.00.00
Addition Info :
    UP_TIME= 05:57:08 up 1 day,  3:06,  0 users,  load average: 0.64, 0.54, 0.54
    BUILD_DATE=2026-01-23T04:56:30+00:00
    SLOT=first
    BOOT_COUNT=264
------------------------------------------------------------------------------
Mortem Reset History 

nRU# show reset history 3nRU# [7Pno test alarmnRU# show reset history 3nRU# [Kshow supervision 

 M-Plane connectivity monitoring: 
------------------------------------------------------------------------------
 Supervision state: normal 
 Supervision action-of-failure: recovery-reset (close-session, reset-system) 
 Supervision count-of-failure:  0 
 Supervision reset-system-timer(180 secs): off 
 Supervision time interval: supervision-noti-interval(60 secs) guard-time-overhead(10 secs) 

 Netconf session supervision history: (latest 10 sessions)
----------------------------------------------------------------------------------------------------------------
 id    state      supervision  interval   count(tx/tx-err/rx)  supervision-timer 
                               start-time                      end-time                 
----------------------------------------------------------------------------------------------------------------
 2     stopped    normal       60/10      5/0/10               --           
                               2026-05-13 07:01:54 +00:00      2026-05-13 07:07:06 +00:00      
----------------------------------------------------------------------------------------------------------------
 
nRU# 
nRU# 
nRU# show supervision 

 M-Plane connectivity monitoring: 
------------------------------------------------------------------------------
 Supervision state: normal 
 Supervision action-of-failure: recovery-reset (close-session, reset-system) 
 Supervision count-of-failure:  0 
 Supervision reset-system-timer(180 secs): off 
 Supervision time interval: supervision-noti-interval(60 secs) guard-time-overhead(10 secs) 

 Netconf session supervision history: (latest 10 sessions)
----------------------------------------------------------------------------------------------------------------
 id    state      supervision  interval   count(tx/tx-err/rx)  supervision-timer 
                               start-time                      end-time                 
----------------------------------------------------------------------------------------------------------------
 2     stopped    normal       60/10      5/0/10               --           
                               2026-05-13 07:01:54 +00:00      2026-05-13 07:07:06 +00:00      
 3     running    normal       60/10      0/0/0                running (will be tx notification after 58 secs) 
                               2026-05-13 07:40:30 +00:00                                      
----------------------------------------------------------------------------------------------------------------
 
nRU# show supervision 

 M-Plane connectivity monitoring: 
------------------------------------------------------------------------------
 Supervision state: normal 
 Supervision action-of-failure: recovery-reset (close-session, reset-system) 
 Supervision count-of-failure:  0 
 Supervision reset-system-timer(180 secs): off 
 Supervision time interval: supervision-noti-interval(60 secs) guard-time-overhead(10 secs) 

 Netconf session supervision history: (latest 10 sessions)
----------------------------------------------------------------------------------------------------------------
 id    state      supervision  interval   count(tx/tx-err/rx)  supervision-timer 
                               start-time                      end-time                 
----------------------------------------------------------------------------------------------------------------
 2     stopped    normal       60/10      5/0/10               --           
                               2026-05-13 07:01:54 +00:00      2026-05-13 07:07:06 +00:00      
 3     running    normal       60/10      0/0/0                running (will be tx notification after 54 secs) 
                               2026-05-13 07:40:30 +00:00                                      
----------------------------------------------------------------------------------------------------------------
 
nRU# show supervision 

 M-Plane connectivity monitoring: 
------------------------------------------------------------------------------
 Supervision state: normal 
 Supervision action-of-failure: recovery-reset (close-session, reset-system) 
 Supervision count-of-failure:  0 
 Supervision reset-system-timer(180 secs): off 
 Supervision time interval: supervision-noti-interval(60 secs) guard-time-overhead(10 secs) 

 Netconf session supervision history: (latest 10 sessions)
----------------------------------------------------------------------------------------------------------------
 id    state      supervision  interval   count(tx/tx-err/rx)  supervision-timer 
                               start-time                      end-time                 
----------------------------------------------------------------------------------------------------------------
 2     stopped    normal       60/10      5/0/10               --           
                               2026-05-13 07:01:54 +00:00      2026-05-13 07:07:06 +00:00      
 3     running    normal       60/10      0/0/0                running (will be tx notification after 47 secs) 
                               2026-05-13 07:40:30 +00:00                                      
----------------------------------------------------------------------------------------------------------------
 
nRU# show supervision 

 M-Plane connectivity monitoring: 
------------------------------------------------------------------------------
 Supervision state: normal 
 Supervision action-of-failure: recovery-reset (close-session, reset-system) 
 Supervision count-of-failure:  0 
 Supervision reset-system-timer(180 secs): off 
 Supervision time interval: supervision-noti-interval(60 secs) guard-time-overhead(10 secs) 

 Netconf session supervision history: (latest 10 sessions)
----------------------------------------------------------------------------------------------------------------
 id    state      supervision  interval   count(tx/tx-err/rx)  supervision-timer 
                               start-time                      end-time                 
----------------------------------------------------------------------------------------------------------------
 2     stopped    normal       60/10      5/0/10               --           
                               2026-05-13 07:01:54 +00:00      2026-05-13 07:07:06 +00:00      
 3     running    normal       60/10      0/0/0                running (will be tx notification after 46 secs) 
                               2026-05-13 07:40:30 +00:00                                      
----------------------------------------------------------------------------------------------------------------
 
nRU# show supervision 

 M-Plane connectivity monitoring: 
------------------------------------------------------------------------------
 Supervision state: normal 
 Supervision action-of-failure: recovery-reset (close-session, reset-system) 
 Supervision count-of-failure:  0 
 Supervision reset-system-timer(180 secs): off 
 Supervision time interval: supervision-noti-interval(60 secs) guard-time-overhead(10 secs) 

 Netconf session supervision history: (latest 10 sessions)
----------------------------------------------------------------------------------------------------------------
 id    state      supervision  interval   count(tx/tx-err/rx)  supervision-timer 
                               start-time                      end-time                 
----------------------------------------------------------------------------------------------------------------
 2     stopped    normal       60/10      5/0/10               --           
                               2026-05-13 07:01:54 +00:00      2026-05-13 07:07:06 +00:00      
 3     running    normal       60/10      0/0/0                running (will be tx notification after 41 secs) 
                               2026-05-13 07:40:30 +00:00                                      
----------------------------------------------------------------------------------------------------------------
 
nRU# show sync
< PTP Infomation > 
 clocktype:ORDINARY
 clockstate:HOLDOVER
 clocksynchronized:SYNCHRONIZED
 error_converged:YES
 domainnumber:24
 clockclass:255
 clockidentity:0xDCC101FFFE000505
 holdover_time_synce_unlock:30
 holdover_time_synce_lock:1800
 time_error:-5.000
 frequency_error:0.075
 source_clockidentity:0xD096FBFFFE9D828E
 source_port_number:50
 Announce msg info
 |--two_step_flag:FALSE
 |--frequency_traceable:FALSE
 |--time_traceable:TRUE
 |--ptp_timescale:FALSE
 |--current_utc_offset_valid:TRUE
 |--leap59:FALSE
 |--leap61:FALSE
 |-current_utc_offset:37
 |-master_clockclass:6
 |-master_clockaccuracy:254
 |-master_offset_scaled_log_variance:0xffff
 |-priority1:128
 |-priority2:128
 |-grandmaster_clockidentity:0x00B0AEFFFE0903E6
 |-steps_removed:0
 |-time_source:0x20
< Synce Infomation >
 clockstate: HOLDOVER
 holdover_reason:
 PKT_RECV_TIMEOUT
 recv_ssm_level: QL_PRC
 acceptance_ssm_level: QL_PRC


< Conformance Test Information >
 sync-state: HOLDOVER
 ptp lock-state: UNLOCKED
 ptp state: NOK
 ptp clock-class: 6
 synce lock-state: UNLOCKED
 synce state: DISABLED
 synce quality-level: QL_PRC

nRU# show sync
< PTP Infomation > 
 clocktype:ORDINARY
 clockstate:HOLDOVER
 clocksynchronized:SYNCHRONIZED
 error_converged:YES
 domainnumber:24
 clockclass:255
 clockidentity:0xDCC101FFFE000505
 holdover_time_synce_unlock:30
 holdover_time_synce_lock:1800
 time_error:-5.000
 frequency_error:0.075
 source_clockidentity:0xD096FBFFFE9D828E
 source_port_number:50
 Announce msg info
 |--two_step_flag:FALSE
 |--frequency_traceable:FALSE
 |--time_traceable:TRUE
 |--ptp_timescale:FALSE
 |--current_utc_offset_valid:TRUE
 |--leap59:FALSE
 |--leap61:FALSE
 |-current_utc_offset:37
 |-master_clockclass:6
 |-master_clockaccuracy:254
 |-master_offset_scaled_log_variance:0xffff
 |-priority1:128
 |-priority2:128
 |-grandmaster_clockidentity:0x00B0AEFFFE0903E6
 |-steps_removed:0
 |-time_source:0x20
< Synce Infomation >
 clockstate: HOLDOVER
 holdover_reason:
 PKT_RECV_TIMEOUT
 recv_ssm_level: QL_PRC
 acceptance_ssm_level: QL_PRC


< Conformance Test Information >
 sync-state: HOLDOVER
 ptp lock-state: UNLOCKED
 ptp state: NOK
 ptp clock-class: 6
 synce lock-state: UNLOCKED
 synce state: DISABLED
 synce quality-level: QL_PRC

nRU# show sync
< PTP Infomation > 
 clocktype:ORDINARY
 clockstate:HOLDOVER
 clocksynchronized:SYNCHRONIZED
 error_converged:YES
 domainnumber:24
 clockclass:255
 clockidentity:0xDCC101FFFE000505
 holdover_time_synce_unlock:30
 holdover_time_synce_lock:1800
 time_error:-5.000
 frequency_error:0.075
 source_clockidentity:0xD096FBFFFE9D828E
 source_port_number:50
 Announce msg info
 |--two_step_flag:FALSE
 |--frequency_traceable:FALSE
 |--time_traceable:TRUE
 |--ptp_timescale:FALSE
 |--current_utc_offset_valid:TRUE
 |--leap59:FALSE
 |--leap61:FALSE
 |-current_utc_offset:37
 |-master_clockclass:6
 |-master_clockaccuracy:254
 |-master_offset_scaled_log_variance:0xffff
 |-priority1:128
 |-priority2:128
 |-grandmaster_clockidentity:0x00B0AEFFFE0903E6
 |-steps_removed:0
 |-time_source:0x20
< Synce Infomation >
 clockstate: HOLDOVER
 holdover_reason:
 PKT_RECV_TIMEOUT
 recv_ssm_level: QL_PRC
 acceptance_ssm_level: QL_PRC


< Conformance Test Information >
 sync-state: HOLDOVER
 ptp lock-state: UNLOCKED
 ptp state: NOK
 ptp clock-class: 6
 synce lock-state: UNLOCKED
 synce state: DISABLED
 synce quality-level: QL_PRC

nRU# show syncupervision 

 M-Plane connectivity monitoring: 
------------------------------------------------------------------------------
 Supervision state: normal 
 Supervision action-of-failure: recovery-reset (close-session, reset-system) 
 Supervision count-of-failure:  0 
 Supervision reset-system-timer(180 secs): off 
 Supervision time interval: supervision-noti-interval(60 secs) guard-time-overhead(10 secs) 

 Netconf session supervision history: (latest 10 sessions)
----------------------------------------------------------------------------------------------------------------
 id    state      supervision  interval   count(tx/tx-err/rx)  supervision-timer 
                               start-time                      end-time                 
----------------------------------------------------------------------------------------------------------------
 2     stopped    normal       60/10      5/0/10               --           
                               2026-05-13 07:01:54 +00:00      2026-05-13 07:07:06 +00:00      
 3     running    normal       60/10      0/0/0                running (will be tx notification after 33 secs) 
                               2026-05-13 07:40:30 +00:00                                      
----------------------------------------------------------------------------------------------------------------
 
nRU# exit
