Welcome to Ubuntu 20.04.6 LTS (GNU/Linux 5.15.0-139-generic x86_64)

 * Documentation:  https://help.ubuntu.com
 * Management:     https://landscape.canonical.com
 * Support:        https://ubuntu.com/pro

Expanded Security Maintenance for Infrastructure is not enabled.

7 updates can be applied immediately.
To see these additional updates run: apt list --upgradable

219 additional security updates can be applied with ESM Infra.
Learn more about enabling ESM Infra service for Ubuntu 20.04 at
https://ubuntu.com/20-04

New release '22.04.5 LTS' available.
Run 'do-release-upgrade' to upgrade to it.

Your Hardware Enablement Stack (HWE) is supported until April 2025.
Last login: Mon May 11 14:43:49 2026 from 192.168.80.58
slab@slab:~$ minicom0
                                                                                                                                       CTRL-A Z for help | 115200 8N1 | NOR | Minicom 2.7.1 | VT102 | Offline | ttyUSB0                                                       CTRL-A Z for help | 115200 8N1 | NOR | Minicom 2.7.1 | VT102 | Offline | ttyUSB0                                                       
Welcome to minicom 2.7.1

OPTIONS: I18n 
Compiled on Dec 23 2019, 02:06:26.
Port /dev/ttyUSB0

Press CTRL-A Z for help on special keys


nDIU login: 
nDIU login: +----------------------+|    Leave Minicom?    ||               No     |+----------------------+   Yes  Press CTRL-A Z for help on special keys                                                                                                                                                                                                            nDIU login:                                                                      slab@slab:~$ minicom01
                                                                                                                                       CTRL-A Z for help | 115200 8N1 | NOR | Minicom 2.7.1 | VT102 | Offline | ttyUSB1                                                       CTRL-A Z for help | 115200 8N1 | NOR | Minicom 2.7.1 | VT102 | Offline | ttyUSB1                                                       
Welcome to minicom 2.7.1

OPTIONS: I18n 
Compiled on Dec 23 2019, 02:06:26.
Port /dev/ttyUSB1

Press CTRL-A Z for help on special keys


n78-ru login: 
n78-ru login: 
n78-ru login: +----------------------+|    Leave Minicom?    ||               No     |+----------------------+   Yes  Press CTRL-A Z for help on special keys                                                                                                                                                                                                            n78-ru login:                                                                    slab@slab:~$ minicom12
                                                                                                                                       CTRL-A Z for help | 115200 8N1 | NOR | Minicom 2.7.1 | VT102 | Offline | ttyUSB2                                                       CTRL-A Z for help | 115200 8N1 | NOR | Minicom 2.7.1 | VT102 | Offline | ttyUSB2                                                       
Welcome to minicom 2.7.1

OPTIONS: I18n 
Compiled on Dec 23 2019, 02:06:26.
Port /dev/ttyUSB2

Press CTRL-A Z for help on special keys


root@nDLPU:~# 
root@nDLPU:~# 
root@nDLPU:~# +----------------------+|    Leave Minicom?    ||               No     |+----------------------+   Yes  Press CTRL-A Z for help on special keys                                                                                                                                                                                                            root@nDLPU:~#                                                                    slab@slab:~$ minicom23
Device /dev/ttyUSB3 is locked.
slab@slab:~$ 
slab@slab:~$ 
slab@slab:~$ 
slab@slab:~$ 
slab@slab:~$ x
x: command not found
slab@slab:~$ xminicom34
                                                                                                                                       CTRL-A Z for help | 115200 8N1 | NOR | Minicom 2.7.1 | VT102 | Offline | ttyUSB4                                                       CTRL-A Z for help | 115200 8N1 | NOR | Minicom 2.7.1 | VT102 | Offline | ttyUSB4                                                       
Welcome to minicom 2.7.1

OPTIONS: I18n 
Compiled on Dec 23 2019, 02:06:26.
Port /dev/ttyUSB4

Press CTRL-A Z for help on special keys


root@nDLPU:~# 
root@nDLPU:~# 
root@nDLPU:~# 
root@nDLPU:~# +----------------------+|    Leave Minicom?    ||               No     |+----------------------+   Yes  Press CTRL-A Z for help on special keys                                                                                                                                                                                                            root@nDLPU:~#                                                                    slab@slab:~$ minicom45
                                                                                                                                       CTRL-A Z for help | 115200 8N1 | NOR | Minicom 2.7.1 | VT102 | Offline | ttyUSB5                                                       CTRL-A Z for help | 115200 8N1 | NOR | Minicom 2.7.1 | VT102 | Offline | ttyUSB5                                                       
Welcome to minicom 2.7.1

OPTIONS: I18n 
Compiled on Dec 23 2019, 02:06:26.
Port /dev/ttyUSB5, 14:55:26

Press CTRL-A Z for help on special keys


Authorized uses only. All activity may be monitored and reported.

rhu-xx login: 
Authorized uses only. All activity may be monitored and reported.

rhu-xx login: 
Authorized uses only. All activity may be monitored and reported.

rhu-xx login: root
Password: 
Last login: Mon May 11 05:47:25 UTC 2026 from 10.0.20.254 on pts/0
Security & OS hardening are being applied.
root@rhu-xx:~# 
root@rhu-xx:~# 
root@rhu-xx:~# 
root@rhu-xx:~# 
root@rhu-xx:~# show dh       ifconfig
eth0      Link encap:Ethernet  HWaddr DC:C1:01:00:79:D9  
          inet addr:192.168.20.24  Bcast:192.168.20.255  Mask:255.255.255.0
          UP BROADCAST MULTICAST  MTU:1500  Metric:1
          RX packets:0 errors:0 dropped:0 overruns:0 frame:0
          TX packets:0 errors:0 dropped:0 overruns:0 carrier:0
          collisions:0 txqueuelen:1000 
          RX bytes:0 (0.0 B)  TX bytes:0 (0.0 B)
          Interrupt:30 

eth1      Link encap:Ethernet  HWaddr DC:C1:01:00:79:DA  
          inet6 addr: fe80::dec1:1ff:fe00:79da/64 Scope:Link
          UP BROADCAST RUNNING PROMISC MULTICAST  MTU:1500  Metric:1
          RX packets:16447 errors:0 dropped:0 overruns:0 frame:0
          TX packets:1260 errors:0 dropped:0 overruns:0 carrier:0
          collisions:0 txqueuelen:1000 
          RX bytes:919932 (898.3 KiB)  TX bytes:167824 (163.8 KiB)
          Interrupt:31 

eth1.0    Link encap:Ethernet  HWaddr DC:C1:01:00:79:DA  
          inet6 addr: fe80::dec1:1ff:fe00:79da/64 Scope:Link
          UP BROADCAST RUNNING MULTICAST  MTU:1500  Metric:1
          RX packets:16447 errors:0 dropped:14326 overruns:0 frame:0
          TX packets:290 errors:0 dropped:0 overruns:0 carrier:0
          collisions:0 txqueuelen:1000 
          RX bytes:919932 (898.3 KiB)  TX bytes:39190 (38.2 KiB)

lo        Link encap:Local Loopback  
          inet addr:127.0.0.1  Mask:255.0.0.0
          inet6 addr: ::1/128 Scope:Host
          UP LOOPBACK RUNNING  MTU:65536  Metric:1
          RX packets:21 errors:0 dropped:0 overruns:0 frame:0
          TX packets:21 errors:0 dropped:0 overruns:0 carrier:0
          collisions:0 txqueuelen:1000 
          RX bytes:3232 (3.1 KiB)  TX bytes:3232 (3.1 KiB)

root@rhu-xx:~# exit
logout

Authorized uses only. All activity may be monitored and reported.

rhu-xx login: exi   +----------------------+|    Leave Minicom?    ||               No     |+----------------------+   Yes  rhu-xx login:                                                                    Authorized uses only. All activity may be monitored and reported.                                                                                                 rhu-xx login: root                                                               slab@slab:~$ 