+------------------------------ WARNING! ------------------------------+
 This computer system and network is PRIVATE and PROPRIETARY and may
 only be accessed by authorized users. Unauthorized use of this
 computer system or network is strictly prohibited and maybe subject to
 criminal prosecution, employee discipline up to and including
 discharge, or the termination of vendor/service contracts.

 The owner, or its agents, may monitor any activity or communication on
 the computer system or network. The owner, or its agents, may retrieve
 any information stored within the computer system or network. By
 accessing and using this computer system or network, you are
 consenting to such monitoring and information retrieval for law
 enforcement and other purposes.

 Users should have no expectation of privacy as to any communication on
 or information stored within the computer system or network, including
 information stored locally or remotely on a hard drive or other media
 in use with this computer system or network.
+----------------------------------------------------------------------+

Last login: Wed May 13 07:11:14 2026 from 10.0.20.254
Security & OS hardening are being applied.

========================================================================
 Developer mode enabled.
========================================================================

Hello, this is O-RAN.MP.DAEMON (version 0.17.1 (0.17.1-15-g844a6efc9)).
Copyright 2019-2028 SOLiD Inc.

nRU# show reset sh his    hjios    istory 
% Command incomplete.
nRU# show reset history 3
System Reset History 
------------------------------------------------------------------------------
MORTEM : 1 
Reset Time : Wed May 13 07:15:26 UTC 2026
Reset Reason : SUPERVISION-WATCHDOG
Package Version : 01.00.00
Addition Info :
    UP_TIME= 07:15:26 up 51 min,  0 users,  load average: 0.28, 0.43, 0.48
    BUILD_DATE=2026-01-23T04:56:30+00:00
    SLOT=first
    BOOT_COUNT=266
------------------------------------------------------------------------------
MORTEM : 2 
Reset Time : Wed May 13 06:23:20 UTC 2026
Reset Reason : SUPERVISION-WATCHDOG
Package Version : 01.00.00
Addition Info :
    UP_TIME= 06:23:20 up 25 min,  0 users,  load average: 0.45, 0.50, 0.41
    BUILD_DATE=2026-01-23T04:56:30+00:00
    SLOT=first
    BOOT_COUNT=265
------------------------------------------------------------------------------
MORTEM : 3 
Reset Time : Wed May 13 05:57:08 UTC 2026
Reset Reason : SUPERVISION-WATCHDOG
Package Version : 01.00.00
Addition Info :
    UP_TIME= 05:57:08 up 1 day,  3:06,  0 users,  load average: 0.64, 0.54, 0.54
    BUILD_DATE=2026-01-23T04:56:30+00:00
    SLOT=first
    BOOT_COUNT=264
------------------------------------------------------------------------------
Mortem Reset History 

nRU# 

CLI connection is closed by idle-timeout (600 seconds).

