+------------------------------ WARNING! ------------------------------+
 This computer system and network is PRIVATE and PROPRIETARY and may
 only be accessed by authorized users. Unauthorized use of this
 computer system or network is strictly prohibited and maybe subject to
 criminal prosecution, employee discipline up to and including
 discharge, or the termination of vendor/service contracts.

 The owner, or its agents, may monitor any activity or communication on
 the computer system or network. The owner, or its agents, may retrieve
 any information stored within the computer system or network. By
 accessing and using this computer system or network, you are
 consenting to such monitoring and information retrieval for law
 enforcement and other purposes.

 Users should have no expectation of privacy as to any communication on
 or information stored within the computer system or network, including
 information stored locally or remotely on a hard drive or other media
 in use with this computer system or network.
+----------------------------------------------------------------------+

Last login: Mon May 11 07:12:46 2026
Security & OS hardening are being applied.

========================================================================
 Developer mode enabled.
========================================================================

Hello, this is O-RAN.MP.DAEMON (version 0.20.9 (0.20.9-11-gf67998ab6)).
Copyright 2019-2028 SOLiD Inc.

nDIU# show netconf-server session 

Netconf server session:
----------------------------------------------------------------------------------------------------
 id   username     source-host              login-time              rpc/bad-rpc/rpc-err/noti
----------------------------------------------------------------------------------------------------
 No active Netconf session.
----------------------------------------------------------------------------------------------------

nDIU# show netconf-server session 

Netconf server session:
----------------------------------------------------------------------------------------------------
 id   username     source-host              login-time              rpc/bad-rpc/rpc-err/noti
----------------------------------------------------------------------------------------------------
 No active Netconf session.
----------------------------------------------------------------------------------------------------

nDIU# show netconf-server session 

Netconf server session:
----------------------------------------------------------------------------------------------------
 id   username     source-host              login-time              rpc/bad-rpc/rpc-err/noti
----------------------------------------------------------------------------------------------------
 No active Netconf session.
----------------------------------------------------------------------------------------------------

nDIU# show netconf-server session 

Netconf server session:
----------------------------------------------------------------------------------------------------
 id   username     source-host              login-time              rpc/bad-rpc/rpc-err/noti
----------------------------------------------------------------------------------------------------
 No active Netconf session.
----------------------------------------------------------------------------------------------------

nDIU# show netconf-server session 

Netconf server session:
----------------------------------------------------------------------------------------------------
 id   username     source-host              login-time              rpc/bad-rpc/rpc-err/noti
----------------------------------------------------------------------------------------------------
 No active Netconf session.
----------------------------------------------------------------------------------------------------

nDIU# show netconf-server session 

Netconf server session:
----------------------------------------------------------------------------------------------------
 id   username     source-host              login-time              rpc/bad-rpc/rpc-err/noti
----------------------------------------------------------------------------------------------------
 No active Netconf session.
----------------------------------------------------------------------------------------------------

nDIU# show netconf-server session 

Netconf server session:
----------------------------------------------------------------------------------------------------
 id   username     source-host              login-time              rpc/bad-rpc/rpc-err/noti
----------------------------------------------------------------------------------------------------
 No active Netconf session.
----------------------------------------------------------------------------------------------------

nDIU# show netconf-server session 

Netconf server session:
----------------------------------------------------------------------------------------------------
 id   username     source-host              login-time              rpc/bad-rpc/rpc-err/noti
----------------------------------------------------------------------------------------------------
 No active Netconf session.
----------------------------------------------------------------------------------------------------

nDIU# show netconf-server session 

Netconf server session:
----------------------------------------------------------------------------------------------------
 id   username     source-host              login-time              rpc/bad-rpc/rpc-err/noti
----------------------------------------------------------------------------------------------------
 No active Netconf session.
----------------------------------------------------------------------------------------------------

nDIU# show netconf-server session 

Netconf server session:
----------------------------------------------------------------------------------------------------
 id   username     source-host              login-time              rpc/bad-rpc/rpc-err/noti
----------------------------------------------------------------------------------------------------
 No active Netconf session.
----------------------------------------------------------------------------------------------------

nDIU# show netconf-server session 

Netconf server session:
----------------------------------------------------------------------------------------------------
 id   username     source-host              login-time              rpc/bad-rpc/rpc-err/noti
----------------------------------------------------------------------------------------------------
 No active Netconf session.
----------------------------------------------------------------------------------------------------

nDIU# show netconf-server session 

Netconf server session:
----------------------------------------------------------------------------------------------------
 id   username     source-host              login-time              rpc/bad-rpc/rpc-err/noti
----------------------------------------------------------------------------------------------------
 No active Netconf session.
----------------------------------------------------------------------------------------------------

nDIU# show netconf-server session 

Netconf server session:
----------------------------------------------------------------------------------------------------
 id   username     source-host              login-time              rpc/bad-rpc/rpc-err/noti
----------------------------------------------------------------------------------------------------
 No active Netconf session.
----------------------------------------------------------------------------------------------------

nDIU# show netconf-server session 

Netconf server session:
----------------------------------------------------------------------------------------------------
 id   username     source-host              login-time              rpc/bad-rpc/rpc-err/noti
----------------------------------------------------------------------------------------------------
 No active Netconf session.
----------------------------------------------------------------------------------------------------

nDIU# show netconf-server session 

Netconf server session:
----------------------------------------------------------------------------------------------------
 id   username     source-host              login-time              rpc/bad-rpc/rpc-err/noti
----------------------------------------------------------------------------------------------------
 No active Netconf session.
----------------------------------------------------------------------------------------------------

nDIU# show netconf-server session 

Netconf server session:
----------------------------------------------------------------------------------------------------
 id   username     source-host              login-time              rpc/bad-rpc/rpc-err/noti
----------------------------------------------------------------------------------------------------
 No active Netconf session.
----------------------------------------------------------------------------------------------------

nDIU# show netconf-server session 

Netconf server session:
----------------------------------------------------------------------------------------------------
 id   username     source-host              login-time              rpc/bad-rpc/rpc-err/noti
----------------------------------------------------------------------------------------------------
 No active Netconf session.
----------------------------------------------------------------------------------------------------

nDIU# show netconf-server session 

Netconf server session:
----------------------------------------------------------------------------------------------------
 id   username     source-host              login-time              rpc/bad-rpc/rpc-err/noti
----------------------------------------------------------------------------------------------------
 No active Netconf session.
----------------------------------------------------------------------------------------------------

nDIU# show netconf-server session 

Netconf server session:
----------------------------------------------------------------------------------------------------
 id   username     source-host              login-time              rpc/bad-rpc/rpc-err/noti
----------------------------------------------------------------------------------------------------
 No active Netconf session.
----------------------------------------------------------------------------------------------------

nDIU# show netconf-server session 

Netconf server session:
----------------------------------------------------------------------------------------------------
 id   username     source-host              login-time              rpc/bad-rpc/rpc-err/noti
----------------------------------------------------------------------------------------------------
 No active Netconf session.
----------------------------------------------------------------------------------------------------

nDIU# 
nDIU# show dhcp 

DHCP 
----------------------------------------------------------------------------------------------------
 ifname          link   client   discovery  mplane   IP-address                          lease-time 
----------------------------------------------------------------------------------------------------
 sys.1           up     v4/up    *          *        10.0.20.126/255.255.255.0           77177      
----------------------------------------------------------------------------------------------------
 sys.1           up     v6/down  *          *        leasefail                           -          
----------------------------------------------------------------------------------------------------
 VLAN discovery succeeded. 
   searchable-mplane-access-vlans-info: 
     searchable-access-vlans: 1 (untag) (vlan-discovery) 
     vlan-range: 
       lowest-vlan-id: 1 
       highest-vlan-id: 1 

nDIU# show interface 

Interface (all) 
----------------------------------------------------------------------------------------------------
 ifname          C   vlan            mac-address         mtu    discovery  mplane  dhcp    status     
----------------------------------------------------------------------------------------------------
 dbg             *   -               fe:73:68:30:a7:ad   1500                      -       disabled   
 dbg.1               dbg / 1 (u)     fe:73:68:30:a7:ad   1500              *       -       disabled   
 sys             *   -               00:0a:35:00:00:0a   1500                      -       up         
 sys.1000        *   sys / 1000      00:0a:35:00:00:0a   1500                      -       up         
 sys.1               sys / 1 (u)     00:0a:35:00:00:0a   1500   *          *       v4/v6   up         
----------------------------------------------------------------------------------------------------

nDIU#  show netconf-server s call-home 

Netconf server call-home:
----------------------------------------------------------------------------------------------------
 client-name              endpoint-name    address                        port  
----------------------------------------------------------------------------------------------------
 dhcp.64c40d6a1b10d748    ep.0             10.0.20.254                    4335  
----------------------------------------------------------------------------------------------------

nDIU# exit    