+------------------------------ WARNING! ------------------------------+
 This computer system and network is PRIVATE and PROPRIETARY and may
 only be accessed by authorized users. Unauthorized use of this
 computer system or network is strictly prohibited and maybe subject to
 criminal prosecution, employee discipline up to and including
 discharge, or the termination of vendor/service contracts.

 The owner, or its agents, may monitor any activity or communication on
 the computer system or network. The owner, or its agents, may retrieve
 any information stored within the computer system or network. By
 accessing and using this computer system or network, you are
 consenting to such monitoring and information retrieval for law
 enforcement and other purposes.

 Users should have no expectation of privacy as to any communication on
 or information stored within the computer system or network, including
 information stored locally or remotely on a hard drive or other media
 in use with this computer system or network.
+----------------------------------------------------------------------+

Last login: Wed May 13 06:20:10 2026 from 192.168.80.58
Security & OS hardening are being applied.

========================================================================
 Developer mode enabled.
========================================================================

Hello, this is O-RAN.MP.DAEMON (version 0.17.1 (0.17.1-15-g844a6efc9)).
Copyright 2019-2028 SOLiD Inc.

nRU# show supervision 

 M-Plane connectivity monitoring: 
------------------------------------------------------------------------------
 Supervision state: normal 
 Supervision action-of-failure: recovery-reset (close-session, reset-system) 
 Supervision count-of-failure:  0 
 Supervision reset-system-timer(180 secs): off 
 Supervision time interval: supervision-noti-interval(60 secs) guard-time-overhead(10 secs) 

 Netconf session supervision history: (latest 10 sessions)
----------------------------------------------------------------------------------------------------------------
 id    state      supervision  interval   count(tx/tx-err/rx)  supervision-timer 
                               start-time                      end-time                 
----------------------------------------------------------------------------------------------------------------
 2     running    normal       60/10      0/0/0                running (will be tx notification after 50 secs) 
                               2026-05-13 06:31:07 +00:00                                      
----------------------------------------------------------------------------------------------------------------
 
nRU# show supervision 

 M-Plane connectivity monitoring: 
------------------------------------------------------------------------------
 Supervision state: normal 
 Supervision action-of-failure: recovery-reset (close-session, reset-system) 
 Supervision count-of-failure:  0 
 Supervision reset-system-timer(180 secs): off 
 Supervision time interval: supervision-noti-interval(60 secs) guard-time-overhead(10 secs) 

 Netconf session supervision history: (latest 10 sessions)
----------------------------------------------------------------------------------------------------------------
 id    state      supervision  interval   count(tx/tx-err/rx)  supervision-timer 
                               start-time                      end-time                 
----------------------------------------------------------------------------------------------------------------
 2     running    normal       60/10      0/0/0                running (will be tx notification after 47 secs) 
                               2026-05-13 06:31:07 +00:00                                      
----------------------------------------------------------------------------------------------------------------
 
nRU# show supervision 

 M-Plane connectivity monitoring: 
------------------------------------------------------------------------------
 Supervision state: normal 
 Supervision action-of-failure: recovery-reset (close-session, reset-system) 
 Supervision count-of-failure:  0 
 Supervision reset-system-timer(180 secs): off 
 Supervision time interval: supervision-noti-interval(60 secs) guard-time-overhead(10 secs) 

 Netconf session supervision history: (latest 10 sessions)
----------------------------------------------------------------------------------------------------------------
 id    state      supervision  interval   count(tx/tx-err/rx)  supervision-timer 
                               start-time                      end-time                 
----------------------------------------------------------------------------------------------------------------
 2     running    normal       60/10      0/0/0                running (will be tx notification after 46 secs) 
                               2026-05-13 06:31:07 +00:00                                      
----------------------------------------------------------------------------------------------------------------
 
nRU# show supervision 

 M-Plane connectivity monitoring: 
------------------------------------------------------------------------------
 Supervision state: normal 
 Supervision action-of-failure: recovery-reset (close-session, reset-system) 
 Supervision count-of-failure:  0 
 Supervision reset-system-timer(180 secs): off 
 Supervision time interval: supervision-noti-interval(60 secs) guard-time-overhead(10 secs) 

 Netconf session supervision history: (latest 10 sessions)
----------------------------------------------------------------------------------------------------------------
 id    state      supervision  interval   count(tx/tx-err/rx)  supervision-timer 
                               start-time                      end-time                 
----------------------------------------------------------------------------------------------------------------
 2     running    normal       60/10      0/0/0                running (will be tx notification after 34 secs) 
                               2026-05-13 06:31:07 +00:00                                      
----------------------------------------------------------------------------------------------------------------
 
nRU# show supervision 

 M-Plane connectivity monitoring: 
------------------------------------------------------------------------------
 Supervision state: normal 
 Supervision action-of-failure: recovery-reset (close-session, reset-system) 
 Supervision count-of-failure:  0 
 Supervision reset-system-timer(180 secs): off 
 Supervision time interval: supervision-noti-interval(60 secs) guard-time-overhead(10 secs) 

 Netconf session supervision history: (latest 10 sessions)
----------------------------------------------------------------------------------------------------------------
 id    state      supervision  interval   count(tx/tx-err/rx)  supervision-timer 
                               start-time                      end-time                 
----------------------------------------------------------------------------------------------------------------
 2     running    normal       60/10      0/0/0                running (will be tx notification after 34 secs) 
                               2026-05-13 06:31:07 +00:00                                      
----------------------------------------------------------------------------------------------------------------
 
nRU# show supervision 

 M-Plane connectivity monitoring: 
------------------------------------------------------------------------------
 Supervision state: normal 
 Supervision action-of-failure: recovery-reset (close-session, reset-system) 
 Supervision count-of-failure:  0 
 Supervision reset-system-timer(180 secs): off 
 Supervision time interval: supervision-noti-interval(60 secs) guard-time-overhead(10 secs) 

 Netconf session supervision history: (latest 10 sessions)
----------------------------------------------------------------------------------------------------------------
 id    state      supervision  interval   count(tx/tx-err/rx)  supervision-timer 
                               start-time                      end-time                 
----------------------------------------------------------------------------------------------------------------
 2     running    normal       60/10      0/0/0                running (will be tx notification after 33 secs) 
                               2026-05-13 06:31:07 +00:00                                      
----------------------------------------------------------------------------------------------------------------
 
nRU# show supervision 

 M-Plane connectivity monitoring: 
------------------------------------------------------------------------------
 Supervision state: normal 
 Supervision action-of-failure: recovery-reset (close-session, reset-system) 
 Supervision count-of-failure:  0 
 Supervision reset-system-timer(180 secs): off 
 Supervision time interval: supervision-noti-interval(60 secs) guard-time-overhead(10 secs) 

 Netconf session supervision history: (latest 10 sessions)
----------------------------------------------------------------------------------------------------------------
 id    state      supervision  interval   count(tx/tx-err/rx)  supervision-timer 
                               start-time                      end-time                 
----------------------------------------------------------------------------------------------------------------
 2     running    normal       60/10      0/0/0                running (will be tx notification after 33 secs) 
                               2026-05-13 06:31:07 +00:00                                      
----------------------------------------------------------------------------------------------------------------
 
nRU# show supervision 

 M-Plane connectivity monitoring: 
------------------------------------------------------------------------------
 Supervision state: normal 
 Supervision action-of-failure: recovery-reset (close-session, reset-system) 
 Supervision count-of-failure:  0 
 Supervision reset-system-timer(180 secs): off 
 Supervision time interval: supervision-noti-interval(60 secs) guard-time-overhead(10 secs) 

 Netconf session supervision history: (latest 10 sessions)
----------------------------------------------------------------------------------------------------------------
 id    state      supervision  interval   count(tx/tx-err/rx)  supervision-timer 
                               start-time                      end-time                 
----------------------------------------------------------------------------------------------------------------
 2     running    normal       60/10      0/0/0                running (will be tx notification after 33 secs) 
                               2026-05-13 06:31:07 +00:00                                      
----------------------------------------------------------------------------------------------------------------
 
nRU# show supervision 

 M-Plane connectivity monitoring: 
------------------------------------------------------------------------------
 Supervision state: normal 
 Supervision action-of-failure: recovery-reset (close-session, reset-system) 
 Supervision count-of-failure:  0 
 Supervision reset-system-timer(180 secs): off 
 Supervision time interval: supervision-noti-interval(60 secs) guard-time-overhead(10 secs) 

 Netconf session supervision history: (latest 10 sessions)
----------------------------------------------------------------------------------------------------------------
 id    state      supervision  interval   count(tx/tx-err/rx)  supervision-timer 
                               start-time                      end-time                 
----------------------------------------------------------------------------------------------------------------
 2     running    normal       60/10      0/0/0                running (will be tx notification after 32 secs) 
                               2026-05-13 06:31:07 +00:00                                      
----------------------------------------------------------------------------------------------------------------
 
nRU# show supervision 

 M-Plane connectivity monitoring: 
------------------------------------------------------------------------------
 Supervision state: normal 
 Supervision action-of-failure: recovery-reset (close-session, reset-system) 
 Supervision count-of-failure:  0 
 Supervision reset-system-timer(180 secs): off 
 Supervision time interval: supervision-noti-interval(60 secs) guard-time-overhead(10 secs) 

 Netconf session supervision history: (latest 10 sessions)
----------------------------------------------------------------------------------------------------------------
 id    state      supervision  interval   count(tx/tx-err/rx)  supervision-timer 
                               start-time                      end-time                 
----------------------------------------------------------------------------------------------------------------
 2     running    normal       60/10      0/0/0                running (will be tx notification after 32 secs) 
                               2026-05-13 06:31:07 +00:00                                      
----------------------------------------------------------------------------------------------------------------
 
nRU# show supervision 

 M-Plane connectivity monitoring: 
------------------------------------------------------------------------------
 Supervision state: normal 
 Supervision action-of-failure: recovery-reset (close-session, reset-system) 
 Supervision count-of-failure:  0 
 Supervision reset-system-timer(180 secs): off 
 Supervision time interval: supervision-noti-interval(60 secs) guard-time-overhead(10 secs) 

 Netconf session supervision history: (latest 10 sessions)
----------------------------------------------------------------------------------------------------------------
 id    state      supervision  interval   count(tx/tx-err/rx)  supervision-timer 
                               start-time                      end-time                 
----------------------------------------------------------------------------------------------------------------
 2     running    normal       60/10      0/0/0                running (will be tx notification after 31 secs) 
                               2026-05-13 06:31:07 +00:00                                      
----------------------------------------------------------------------------------------------------------------
 
nRU# show supervision 

 M-Plane connectivity monitoring: 
------------------------------------------------------------------------------
 Supervision state: normal 
 Supervision action-of-failure: recovery-reset (close-session, reset-system) 
 Supervision count-of-failure:  0 
 Supervision reset-system-timer(180 secs): off 
 Supervision time interval: supervision-noti-interval(60 secs) guard-time-overhead(10 secs) 

 Netconf session supervision history: (latest 10 sessions)
----------------------------------------------------------------------------------------------------------------
 id    state      supervision  interval   count(tx/tx-err/rx)  supervision-timer 
                               start-time                      end-time                 
----------------------------------------------------------------------------------------------------------------
 2     running    normal       60/10      0/0/0                running (will be tx notification after 11 secs) 
                               2026-05-13 06:31:07 +00:00                                      
----------------------------------------------------------------------------------------------------------------
 
nRU# show supervision 

 M-Plane connectivity monitoring: 
------------------------------------------------------------------------------
 Supervision state: normal 
 Supervision action-of-failure: recovery-reset (close-session, reset-system) 
 Supervision count-of-failure:  0 
 Supervision reset-system-timer(180 secs): off 
 Supervision time interval: supervision-noti-interval(60 secs) guard-time-overhead(10 secs) 

 Netconf session supervision history: (latest 10 sessions)
----------------------------------------------------------------------------------------------------------------
 id    state      supervision  interval   count(tx/tx-err/rx)  supervision-timer 
                               start-time                      end-time                 
----------------------------------------------------------------------------------------------------------------
 2     running    normal       60/10      0/0/0                running (will be tx notification after 10 secs) 
                               2026-05-13 06:31:07 +00:00                                      
----------------------------------------------------------------------------------------------------------------
 
nRU# show supervision 

 M-Plane connectivity monitoring: 
------------------------------------------------------------------------------
 Supervision state: normal 
 Supervision action-of-failure: recovery-reset (close-session, reset-system) 
 Supervision count-of-failure:  0 
 Supervision reset-system-timer(180 secs): off 
 Supervision time interval: supervision-noti-interval(60 secs) guard-time-overhead(10 secs) 

 Netconf session supervision history: (latest 10 sessions)
----------------------------------------------------------------------------------------------------------------
 id    state      supervision  interval   count(tx/tx-err/rx)  supervision-timer 
                               start-time                      end-time                 
----------------------------------------------------------------------------------------------------------------
 2     running    normal       60/10      0/0/0                running (will be tx notification after 9 secs) 
                               2026-05-13 06:31:07 +00:00                                      
----------------------------------------------------------------------------------------------------------------
 
nRU# show supervision 

 M-Plane connectivity monitoring: 
------------------------------------------------------------------------------
 Supervision state: normal 
 Supervision action-of-failure: recovery-reset (close-session, reset-system) 
 Supervision count-of-failure:  0 
 Supervision reset-system-timer(180 secs): off 
 Supervision time interval: supervision-noti-interval(60 secs) guard-time-overhead(10 secs) 

 Netconf session supervision history: (latest 10 sessions)
----------------------------------------------------------------------------------------------------------------
 id    state      supervision  interval   count(tx/tx-err/rx)  supervision-timer 
                               start-time                      end-time                 
----------------------------------------------------------------------------------------------------------------
 2     running    normal       60/10      0/0/0                running (will be tx notification after 9 secs) 
                               2026-05-13 06:31:07 +00:00                                      
----------------------------------------------------------------------------------------------------------------
 
nRU# show supervision 

 M-Plane connectivity monitoring: 
------------------------------------------------------------------------------
 Supervision state: normal 
 Supervision action-of-failure: recovery-reset (close-session, reset-system) 
 Supervision count-of-failure:  0 
 Supervision reset-system-timer(180 secs): off 
 Supervision time interval: supervision-noti-interval(60 secs) guard-time-overhead(10 secs) 

 Netconf session supervision history: (latest 10 sessions)
----------------------------------------------------------------------------------------------------------------
 id    state      supervision  interval   count(tx/tx-err/rx)  supervision-timer 
                               start-time                      end-time                 
----------------------------------------------------------------------------------------------------------------
 2     running    normal       60/10      0/0/0                running (will be tx notification after 8 secs) 
                               2026-05-13 06:31:07 +00:00                                      
----------------------------------------------------------------------------------------------------------------
 
nRU# show supervision 

 M-Plane connectivity monitoring: 
------------------------------------------------------------------------------
 Supervision state: normal 
 Supervision action-of-failure: recovery-reset (close-session, reset-system) 
 Supervision count-of-failure:  0 
 Supervision reset-system-timer(180 secs): off 
 Supervision time interval: supervision-noti-interval(60 secs) guard-time-overhead(10 secs) 

 Netconf session supervision history: (latest 10 sessions)
----------------------------------------------------------------------------------------------------------------
 id    state      supervision  interval   count(tx/tx-err/rx)  supervision-timer 
                               start-time                      end-time                 
----------------------------------------------------------------------------------------------------------------
 2     running    normal       60/10      0/0/0                running (will be tx notification after 8 secs) 
                               2026-05-13 06:31:07 +00:00                                      
----------------------------------------------------------------------------------------------------------------
 
nRU# show supervision 

 M-Plane connectivity monitoring: 
------------------------------------------------------------------------------
 Supervision state: normal 
 Supervision action-of-failure: recovery-reset (close-session, reset-system) 
 Supervision count-of-failure:  0 
 Supervision reset-system-timer(180 secs): off 
 Supervision time interval: supervision-noti-interval(60 secs) guard-time-overhead(10 secs) 

 Netconf session supervision history: (latest 10 sessions)
----------------------------------------------------------------------------------------------------------------
 id    state      supervision  interval   count(tx/tx-err/rx)  supervision-timer 
                               start-time                      end-time                 
----------------------------------------------------------------------------------------------------------------
 2     running    normal       60/10      0/0/0                running (will be tx notification after 7 secs) 
                               2026-05-13 06:31:07 +00:00                                      
----------------------------------------------------------------------------------------------------------------
 
nRU# show supervision 

 M-Plane connectivity monitoring: 
------------------------------------------------------------------------------
 Supervision state: normal 
 Supervision action-of-failure: recovery-reset (close-session, reset-system) 
 Supervision count-of-failure:  0 
 Supervision reset-system-timer(180 secs): off 
 Supervision time interval: supervision-noti-interval(60 secs) guard-time-overhead(10 secs) 

 Netconf session supervision history: (latest 10 sessions)
----------------------------------------------------------------------------------------------------------------
 id    state      supervision  interval   count(tx/tx-err/rx)  supervision-timer 
                               start-time                      end-time                 
----------------------------------------------------------------------------------------------------------------
 2     running    normal       60/10      0/0/0                running (will be tx notification after 6 secs) 
                               2026-05-13 06:31:07 +00:00                                      
----------------------------------------------------------------------------------------------------------------
 
nRU# show supervision 

 M-Plane connectivity monitoring: 
------------------------------------------------------------------------------
 Supervision state: normal 
 Supervision action-of-failure: recovery-reset (close-session, reset-system) 
 Supervision count-of-failure:  0 
 Supervision reset-system-timer(180 secs): off 
 Supervision time interval: supervision-noti-interval(60 secs) guard-time-overhead(10 secs) 

 Netconf session supervision history: (latest 10 sessions)
----------------------------------------------------------------------------------------------------------------
 id    state      supervision  interval   count(tx/tx-err/rx)  supervision-timer 
                               start-time                      end-time                 
----------------------------------------------------------------------------------------------------------------
 2     running    normal       60/10      0/0/0                running (will be tx notification after 6 secs) 
                               2026-05-13 06:31:07 +00:00                                      
----------------------------------------------------------------------------------------------------------------
 
nRU# show supervision 

 M-Plane connectivity monitoring: 
------------------------------------------------------------------------------
 Supervision state: normal 
 Supervision action-of-failure: recovery-reset (close-session, reset-system) 
 Supervision count-of-failure:  0 
 Supervision reset-system-timer(180 secs): off 
 Supervision time interval: supervision-noti-interval(60 secs) guard-time-overhead(10 secs) 

 Netconf session supervision history: (latest 10 sessions)
----------------------------------------------------------------------------------------------------------------
 id    state      supervision  interval   count(tx/tx-err/rx)  supervision-timer 
                               start-time                      end-time                 
----------------------------------------------------------------------------------------------------------------
 2     running    normal       60/10      0/0/0                running (will be tx notification after 6 secs) 
                               2026-05-13 06:31:07 +00:00                                      
----------------------------------------------------------------------------------------------------------------
 
nRU# show supervision 

 M-Plane connectivity monitoring: 
------------------------------------------------------------------------------
 Supervision state: normal 
 Supervision action-of-failure: recovery-reset (close-session, reset-system) 
 Supervision count-of-failure:  0 
 Supervision reset-system-timer(180 secs): off 
 Supervision time interval: supervision-noti-interval(60 secs) guard-time-overhead(10 secs) 

 Netconf session supervision history: (latest 10 sessions)
----------------------------------------------------------------------------------------------------------------
 id    state      supervision  interval   count(tx/tx-err/rx)  supervision-timer 
                               start-time                      end-time                 
----------------------------------------------------------------------------------------------------------------
 2     running    normal       60/10      0/0/0                running (will be tx notification after 5 secs) 
                               2026-05-13 06:31:07 +00:00                                      
----------------------------------------------------------------------------------------------------------------
 
nRU# show supervision 

 M-Plane connectivity monitoring: 
------------------------------------------------------------------------------
 Supervision state: normal 
 Supervision action-of-failure: recovery-reset (close-session, reset-system) 
 Supervision count-of-failure:  0 
 Supervision reset-system-timer(180 secs): off 
 Supervision time interval: supervision-noti-interval(60 secs) guard-time-overhead(10 secs) 

 Netconf session supervision history: (latest 10 sessions)
----------------------------------------------------------------------------------------------------------------
 id    state      supervision  interval   count(tx/tx-err/rx)  supervision-timer 
                               start-time                      end-time                 
----------------------------------------------------------------------------------------------------------------
 2     running    normal       60/10      0/0/0                running (will be tx notification after 5 secs) 
                               2026-05-13 06:31:07 +00:00                                      
----------------------------------------------------------------------------------------------------------------
 
nRU# show supervision 

 M-Plane connectivity monitoring: 
------------------------------------------------------------------------------
 Supervision state: normal 
 Supervision action-of-failure: recovery-reset (close-session, reset-system) 
 Supervision count-of-failure:  0 
 Supervision reset-system-timer(180 secs): off 
 Supervision time interval: supervision-noti-interval(60 secs) guard-time-overhead(10 secs) 

 Netconf session supervision history: (latest 10 sessions)
----------------------------------------------------------------------------------------------------------------
 id    state      supervision  interval   count(tx/tx-err/rx)  supervision-timer 
                               start-time                      end-time                 
----------------------------------------------------------------------------------------------------------------
 2     running    normal       60/10      0/0/0                running (will be tx notification after 4 secs) 
                               2026-05-13 06:31:07 +00:00                                      
----------------------------------------------------------------------------------------------------------------
 
nRU# show supervision 

 M-Plane connectivity monitoring: 
------------------------------------------------------------------------------
 Supervision state: normal 
 Supervision action-of-failure: recovery-reset (close-session, reset-system) 
 Supervision count-of-failure:  0 
 Supervision reset-system-timer(180 secs): off 
 Supervision time interval: supervision-noti-interval(60 secs) guard-time-overhead(10 secs) 

 Netconf session supervision history: (latest 10 sessions)
----------------------------------------------------------------------------------------------------------------
 id    state      supervision  interval   count(tx/tx-err/rx)  supervision-timer 
                               start-time                      end-time                 
----------------------------------------------------------------------------------------------------------------
 2     running    normal       60/10      0/0/0                running (will be tx notification after 4 secs) 
                               2026-05-13 06:31:07 +00:00                                      
----------------------------------------------------------------------------------------------------------------
 
nRU# show supervision 

 M-Plane connectivity monitoring: 
------------------------------------------------------------------------------
 Supervision state: normal 
 Supervision action-of-failure: recovery-reset (close-session, reset-system) 
 Supervision count-of-failure:  0 
 Supervision reset-system-timer(180 secs): off 
 Supervision time interval: supervision-noti-interval(60 secs) guard-time-overhead(10 secs) 

 Netconf session supervision history: (latest 10 sessions)
----------------------------------------------------------------------------------------------------------------
 id    state      supervision  interval   count(tx/tx-err/rx)  supervision-timer 
                               start-time                      end-time                 
----------------------------------------------------------------------------------------------------------------
 2     running    normal       60/10      0/0/0                running (will be tx notification after 3 secs) 
                               2026-05-13 06:31:07 +00:00                                      
----------------------------------------------------------------------------------------------------------------
 
nRU# show supervision 

 M-Plane connectivity monitoring: 
------------------------------------------------------------------------------
 Supervision state: normal 
 Supervision action-of-failure: recovery-reset (close-session, reset-system) 
 Supervision count-of-failure:  0 
 Supervision reset-system-timer(180 secs): off 
 Supervision time interval: supervision-noti-interval(60 secs) guard-time-overhead(10 secs) 

 Netconf session supervision history: (latest 10 sessions)
----------------------------------------------------------------------------------------------------------------
 id    state      supervision  interval   count(tx/tx-err/rx)  supervision-timer 
                               start-time                      end-time                 
----------------------------------------------------------------------------------------------------------------
 2     running    normal       60/10      0/0/0                running (will be tx notification after 3 secs) 
                               2026-05-13 06:31:07 +00:00                                      
----------------------------------------------------------------------------------------------------------------
 
nRU# show supervision 

 M-Plane connectivity monitoring: 
------------------------------------------------------------------------------
 Supervision state: normal 
 Supervision action-of-failure: recovery-reset (close-session, reset-system) 
 Supervision count-of-failure:  0 
 Supervision reset-system-timer(180 secs): off 
 Supervision time interval: supervision-noti-interval(60 secs) guard-time-overhead(10 secs) 

 Netconf session supervision history: (latest 10 sessions)
----------------------------------------------------------------------------------------------------------------
 id    state      supervision  interval   count(tx/tx-err/rx)  supervision-timer 
                               start-time                      end-time                 
----------------------------------------------------------------------------------------------------------------
 2     running    normal       60/10      0/0/0                running (will be tx notification after 2 secs) 
                               2026-05-13 06:31:07 +00:00                                      
----------------------------------------------------------------------------------------------------------------
 
nRU# show supervision 

 M-Plane connectivity monitoring: 
------------------------------------------------------------------------------
 Supervision state: normal 
 Supervision action-of-failure: recovery-reset (close-session, reset-system) 
 Supervision count-of-failure:  0 
 Supervision reset-system-timer(180 secs): off 
 Supervision time interval: supervision-noti-interval(60 secs) guard-time-overhead(10 secs) 

 Netconf session supervision history: (latest 10 sessions)
----------------------------------------------------------------------------------------------------------------
 id    state      supervision  interval   count(tx/tx-err/rx)  supervision-timer 
                               start-time                      end-time                 
----------------------------------------------------------------------------------------------------------------
 2     running    normal       60/10      0/0/0                running (will be tx notification after 2 secs) 
                               2026-05-13 06:31:07 +00:00                                      
----------------------------------------------------------------------------------------------------------------
 
nRU# show supervision 

 M-Plane connectivity monitoring: 
------------------------------------------------------------------------------
 Supervision state: normal 
 Supervision action-of-failure: recovery-reset (close-session, reset-system) 
 Supervision count-of-failure:  0 
 Supervision reset-system-timer(180 secs): off 
 Supervision time interval: supervision-noti-interval(60 secs) guard-time-overhead(10 secs) 

 Netconf session supervision history: (latest 10 sessions)
----------------------------------------------------------------------------------------------------------------
 id    state      supervision  interval   count(tx/tx-err/rx)  supervision-timer 
                               start-time                      end-time                 
----------------------------------------------------------------------------------------------------------------
 2     running    normal       60/10      0/0/0                running (will be tx notification after 1 secs) 
                               2026-05-13 06:31:07 +00:00                                      
----------------------------------------------------------------------------------------------------------------
 
nRU# show supervision 

 M-Plane connectivity monitoring: 
------------------------------------------------------------------------------
 Supervision state: normal 
 Supervision action-of-failure: recovery-reset (close-session, reset-system) 
 Supervision count-of-failure:  0 
 Supervision reset-system-timer(180 secs): off 
 Supervision time interval: supervision-noti-interval(60 secs) guard-time-overhead(10 secs) 

 Netconf session supervision history: (latest 10 sessions)
----------------------------------------------------------------------------------------------------------------
 id    state      supervision  interval   count(tx/tx-err/rx)  supervision-timer 
                               start-time                      end-time                 
----------------------------------------------------------------------------------------------------------------
 2     running    normal       60/10      0/0/0                running (will be tx notification after 1 secs) 
                               2026-05-13 06:31:07 +00:00                                      
----------------------------------------------------------------------------------------------------------------
 
nRU# show supervision 

 M-Plane connectivity monitoring: 
------------------------------------------------------------------------------
 Supervision state: normal 
 Supervision action-of-failure: recovery-reset (close-session, reset-system) 
 Supervision count-of-failure:  0 
 Supervision reset-system-timer(180 secs): off 
 Supervision time interval: supervision-noti-interval(60 secs) guard-time-overhead(10 secs) 

 Netconf session supervision history: (latest 10 sessions)
----------------------------------------------------------------------------------------------------------------
 id    state      supervision  interval   count(tx/tx-err/rx)  supervision-timer 
                               start-time                      end-time                 
----------------------------------------------------------------------------------------------------------------
 2     running    normal       60/10      0/0/0                running (will be tx notification after 0 secs) 
                               2026-05-13 06:31:07 +00:00                                      
----------------------------------------------------------------------------------------------------------------
 
nRU# show supervision 

 M-Plane connectivity monitoring: 
------------------------------------------------------------------------------
 Supervision state: normal 
 Supervision action-of-failure: recovery-reset (close-session, reset-system) 
 Supervision count-of-failure:  0 
 Supervision reset-system-timer(180 secs): off 
 Supervision time interval: supervision-noti-interval(60 secs) guard-time-overhead(10 secs) 

 Netconf session supervision history: (latest 10 sessions)
----------------------------------------------------------------------------------------------------------------
 id    state      supervision  interval   count(tx/tx-err/rx)  supervision-timer 
                               start-time                      end-time                 
----------------------------------------------------------------------------------------------------------------
 2     stopped    normal       60/10      1/0/1                --           
                               2026-05-13 06:31:07 +00:00      2026-05-13 06:32:07 +00:00      
----------------------------------------------------------------------------------------------------------------
 
nRU# show supervision 

 M-Plane connectivity monitoring: 
------------------------------------------------------------------------------
 Supervision state: normal 
 Supervision action-of-failure: recovery-reset (close-session, reset-system) 
 Supervision count-of-failure:  0 
 Supervision reset-system-timer(180 secs): off 
 Supervision time interval: supervision-noti-interval(60 secs) guard-time-overhead(10 secs) 

 Netconf session supervision history: (latest 10 sessions)
----------------------------------------------------------------------------------------------------------------
 id    state      supervision  interval   count(tx/tx-err/rx)  supervision-timer 
                               start-time                      end-time                 
----------------------------------------------------------------------------------------------------------------
 2     stopped    normal       60/10      1/0/1                --           
                               2026-05-13 06:31:07 +00:00      2026-05-13 06:32:07 +00:00      
----------------------------------------------------------------------------------------------------------------
 
nRU# show supervision 

 M-Plane connectivity monitoring: 
------------------------------------------------------------------------------
 Supervision state: normal 
 Supervision action-of-failure: recovery-reset (close-session, reset-system) 
 Supervision count-of-failure:  0 
 Supervision reset-system-timer(180 secs): off 
 Supervision time interval: supervision-noti-interval(60 secs) guard-time-overhead(10 secs) 

 Netconf session supervision history: (latest 10 sessions)
----------------------------------------------------------------------------------------------------------------
 id    state      supervision  interval   count(tx/tx-err/rx)  supervision-timer 
                               start-time                      end-time                 
----------------------------------------------------------------------------------------------------------------
 2     stopped    normal       60/10      1/0/1                --           
                               2026-05-13 06:31:07 +00:00      2026-05-13 06:32:07 +00:00      
----------------------------------------------------------------------------------------------------------------
 
nRU# 

CLI connection is closed by idle-timeout (600 seconds).

