+------------------------------ WARNING! ------------------------------+
 This computer system and network is PRIVATE and PROPRIETARY and may
 only be accessed by authorized users. Unauthorized use of this
 computer system or network is strictly prohibited and maybe subject to
 criminal prosecution, employee discipline up to and including
 discharge, or the termination of vendor/service contracts.

 The owner, or its agents, may monitor any activity or communication on
 the computer system or network. The owner, or its agents, may retrieve
 any information stored within the computer system or network. By
 accessing and using this computer system or network, you are
 consenting to such monitoring and information retrieval for law
 enforcement and other purposes.

 Users should have no expectation of privacy as to any communication on
 or information stored within the computer system or network, including
 information stored locally or remotely on a hard drive or other media
 in use with this computer system or network.
+----------------------------------------------------------------------+

Last login: Wed May 13 07:41:04 2026 from 192.168.80.58
Security & OS hardening are being applied.

========================================================================
 Developer mode enabled.
========================================================================

Hello, this is O-RAN.MP.DAEMON (version 0.17.1 (0.17.1-15-g844a6efc9)).
Copyright 2019-2028 SOLiD Inc.

nRU# show alarm active-alarms 

 Alarm Oper State: enabled
 Alarm Detection: enabled 
 Alarm Notification: enabled 
 Alarm Recovery-action: enabled 
 Alarm Startup time: 30 (seconds) 
 Alarm Sync-error startup time: 220 (seconds) 
 Alarm Sync-error check: enabled 

 Proto: O - ORAN, I - Internal 
 Config: M - Mask, S - RF Shutdown, R - Recovery, I - Inactive 
         O - OperState(disabled),   C - CarrierState(disabled) 
         TS - Test(start-alarm),    TC - Test(cancel-alarm)
 State:  E - ORAN notification, R - Recovery 
---------------------------------------------------------------------------------------------------------------------------------
 Alarm Alarm                                         Fault            Protocol  Config         State   Event                                    
 Id    Name                                          Source           (state)                          Time                                     
---------------------------------------------------------------------------------------------------------------------------------
---------------------------------------------------------------------------------------------------------------------------------
 Total count = 0 

nRU# sho wsu    w us  supervision 

 M-Plane connectivity monitoring: 
------------------------------------------------------------------------------
 Supervision state: normal 
 Supervision action-of-failure: recovery-reset (close-session, reset-system) 
 Supervision count-of-failure:  0 
 Supervision reset-system-timer(180 secs): off 
 Supervision time interval: supervision-noti-interval(60 secs) guard-time-overhead(10 secs) 

 Netconf session supervision history: (latest 10 sessions)
----------------------------------------------------------------------------------------------------------------
 id    state      supervision  interval   count(tx/tx-err/rx)  supervision-timer 
                               start-time                      end-time                 
----------------------------------------------------------------------------------------------------------------
 2     stopped    normal       60/10      5/0/10               --           
                               2026-05-13 07:01:54 +00:00      2026-05-13 07:07:06 +00:00      
 3     running    normal       60/10      1/0/1                running (will be tx notification after 52 secs) 
                               2026-05-13 07:40:30 +00:00                                      
----------------------------------------------------------------------------------------------------------------
 
nRU# show supervision nRU# show alarm active-alarms 

 Alarm Oper State: enabled
 Alarm Detection: enabled 
 Alarm Notification: enabled 
 Alarm Recovery-action: enabled 
 Alarm Startup time: 30 (seconds) 
 Alarm Sync-error startup time: 220 (seconds) 
 Alarm Sync-error check: enabled 

 Proto: O - ORAN, I - Internal 
 Config: M - Mask, S - RF Shutdown, R - Recovery, I - Inactive 
         O - OperState(disabled),   C - CarrierState(disabled) 
         TS - Test(start-alarm),    TC - Test(cancel-alarm)
 State:  E - ORAN notification, R - Recovery 
---------------------------------------------------------------------------------------------------------------------------------
 Alarm Alarm                                         Fault            Protocol  Config         State   Event                                    
 Id    Name                                          Source           (state)                          Time                                     
---------------------------------------------------------------------------------------------------------------------------------
---------------------------------------------------------------------------------------------------------------------------------
 Total count = 0 

nRU# show alarm active-alarms 

 Alarm Oper State: enabled
 Alarm Detection: enabled 
 Alarm Notification: enabled 
 Alarm Recovery-action: enabled 
 Alarm Startup time: 30 (seconds) 
 Alarm Sync-error startup time: 220 (seconds) 
 Alarm Sync-error check: enabled 

 Proto: O - ORAN, I - Internal 
 Config: M - Mask, S - RF Shutdown, R - Recovery, I - Inactive 
         O - OperState(disabled),   C - CarrierState(disabled) 
         TS - Test(start-alarm),    TC - Test(cancel-alarm)
 State:  E - ORAN notification, R - Recovery 
---------------------------------------------------------------------------------------------------------------------------------
 Alarm Alarm                                         Fault            Protocol  Config         State   Event                                    
 Id    Name                                          Source           (state)                          Time                                     
---------------------------------------------------------------------------------------------------------------------------------
---------------------------------------------------------------------------------------------------------------------------------
 Total count = 0 

nRU# show alarm active-alarms 

 Alarm Oper State: enabled
 Alarm Detection: enabled 
 Alarm Notification: enabled 
 Alarm Recovery-action: enabled 
 Alarm Startup time: 30 (seconds) 
 Alarm Sync-error startup time: 220 (seconds) 
 Alarm Sync-error check: enabled 

 Proto: O - ORAN, I - Internal 
 Config: M - Mask, S - RF Shutdown, R - Recovery, I - Inactive 
         O - OperState(disabled),   C - CarrierState(disabled) 
         TS - Test(start-alarm),    TC - Test(cancel-alarm)
 State:  E - ORAN notification, R - Recovery 
---------------------------------------------------------------------------------------------------------------------------------
 Alarm Alarm                                         Fault            Protocol  Config         State   Event                                    
 Id    Name                                          Source           (state)                          Time                                     
---------------------------------------------------------------------------------------------------------------------------------
---------------------------------------------------------------------------------------------------------------------------------
 Total count = 0 

nRU# show alarm active-alarms 

 Alarm Oper State: enabled
 Alarm Detection: enabled 
 Alarm Notification: enabled 
 Alarm Recovery-action: enabled 
 Alarm Startup time: 30 (seconds) 
 Alarm Sync-error startup time: 220 (seconds) 
 Alarm Sync-error check: enabled 

 Proto: O - ORAN, I - Internal 
 Config: M - Mask, S - RF Shutdown, R - Recovery, I - Inactive 
         O - OperState(disabled),   C - CarrierState(disabled) 
         TS - Test(start-alarm),    TC - Test(cancel-alarm)
 State:  E - ORAN notification, R - Recovery 
---------------------------------------------------------------------------------------------------------------------------------
 Alarm Alarm                                         Fault            Protocol  Config         State   Event                                    
 Id    Name                                          Source           (state)                          Time                                     
---------------------------------------------------------------------------------------------------------------------------------
---------------------------------------------------------------------------------------------------------------------------------
 Total count = 0 

nRU# sho wsync
% Unknown command.
nRU# show sync
< PTP Infomation > 
 clocktype:ORDINARY
 clockstate:FREERUN
 clocksynchronized:SYNCHRONIZED
 error_converged:NO
 domainnumber:24
 clockclass:255
 clockidentity:0xDCC101FFFE000505
 holdover_time_synce_unlock:30
 holdover_time_synce_lock:1800
 time_error:-5.000
 frequency_error:0.075
 source_clockidentity:0xD096FBFFFE9D828E
 source_port_number:50
 Announce msg info
 |--two_step_flag:FALSE
 |--frequency_traceable:FALSE
 |--time_traceable:TRUE
 |--ptp_timescale:FALSE
 |--current_utc_offset_valid:TRUE
 |--leap59:FALSE
 |--leap61:FALSE
 |-current_utc_offset:37
 |-master_clockclass:6
 |-master_clockaccuracy:254
 |-master_offset_scaled_log_variance:0xffff
 |-priority1:128
 |-priority2:128
 |-grandmaster_clockidentity:0x00B0AEFFFE0903E6
 |-steps_removed:0
 |-time_source:0x20
< Synce Infomation >
 clockstate: HOLDOVER
 holdover_reason:
 PKT_RECV_TIMEOUT
 recv_ssm_level: QL_PRC
 acceptance_ssm_level: QL_PRC


< Conformance Test Information >
 sync-state: FREERUN
 ptp lock-state: UNLOCKED
 ptp state: NOK
 ptp clock-class: 255
 synce lock-state: UNLOCKED
 synce state: DISABLED
 synce quality-level: QL_PRC

nRU# show sync
< PTP Infomation > 
 clocktype:ORDINARY
 clockstate:FREERUN
 clocksynchronized:SYNCHRONIZED
 error_converged:NO
 domainnumber:24
 clockclass:255
 clockidentity:0xDCC101FFFE000505
 holdover_time_synce_unlock:30
 holdover_time_synce_lock:1800
 time_error:-5.000
 frequency_error:0.075
 source_clockidentity:0xD096FBFFFE9D828E
 source_port_number:50
 Announce msg info
 |--two_step_flag:FALSE
 |--frequency_traceable:FALSE
 |--time_traceable:TRUE
 |--ptp_timescale:FALSE
 |--current_utc_offset_valid:TRUE
 |--leap59:FALSE
 |--leap61:FALSE
 |-current_utc_offset:37
 |-master_clockclass:6
 |-master_clockaccuracy:254
 |-master_offset_scaled_log_variance:0xffff
 |-priority1:128
 |-priority2:128
 |-grandmaster_clockidentity:0x00B0AEFFFE0903E6
 |-steps_removed:0
 |-time_source:0x20
< Synce Infomation >
 clockstate: HOLDOVER
 holdover_reason:
 PKT_RECV_TIMEOUT
 recv_ssm_level: QL_PRC
 acceptance_ssm_level: QL_PRC


< Conformance Test Information >
 sync-state: FREERUN
 ptp lock-state: UNLOCKED
 ptp state: NOK
 ptp clock-class: 255
 synce lock-state: UNLOCKED
 synce state: DISABLED
 synce quality-level: QL_PRC

nRU# show sync wsyncw alarm active-alarms 

 Alarm Oper State: enabled
 Alarm Detection: enabled 
 Alarm Notification: enabled 
 Alarm Recovery-action: enabled 
 Alarm Startup time: 30 (seconds) 
 Alarm Sync-error startup time: 220 (seconds) 
 Alarm Sync-error check: enabled 

 Proto: O - ORAN, I - Internal 
 Config: M - Mask, S - RF Shutdown, R - Recovery, I - Inactive 
         O - OperState(disabled),   C - CarrierState(disabled) 
         TS - Test(start-alarm),    TC - Test(cancel-alarm)
 State:  E - ORAN notification, R - Recovery 
---------------------------------------------------------------------------------------------------------------------------------
 Alarm Alarm                                         Fault            Protocol  Config         State   Event                                    
 Id    Name                                          Source           (state)                          Time                                     
---------------------------------------------------------------------------------------------------------------------------------
---------------------------------------------------------------------------------------------------------------------------------
 Total count = 0 

nRU# show alarm active-alarms 

 Alarm Oper State: enabled
 Alarm Detection: enabled 
 Alarm Notification: enabled 
 Alarm Recovery-action: enabled 
 Alarm Startup time: 30 (seconds) 
 Alarm Sync-error startup time: 220 (seconds) 
 Alarm Sync-error check: enabled 

 Proto: O - ORAN, I - Internal 
 Config: M - Mask, S - RF Shutdown, R - Recovery, I - Inactive 
         O - OperState(disabled),   C - CarrierState(disabled) 
         TS - Test(start-alarm),    TC - Test(cancel-alarm)
 State:  E - ORAN notification, R - Recovery 
---------------------------------------------------------------------------------------------------------------------------------
 Alarm Alarm                                         Fault            Protocol  Config         State   Event                                    
 Id    Name                                          Source           (state)                          Time                                     
---------------------------------------------------------------------------------------------------------------------------------
---------------------------------------------------------------------------------------------------------------------------------
 Total count = 0 

nRU# show alarm active-alarms nRU# show sync
< PTP Infomation > 
 clocktype:ORDINARY
 clockstate:FREERUN
 clocksynchronized:SYNCHRONIZED
 error_converged:NO
 domainnumber:24
 clockclass:255
 clockidentity:0xDCC101FFFE000505
 holdover_time_synce_unlock:30
 holdover_time_synce_lock:1800
 time_error:-5.000
 frequency_error:0.075
 source_clockidentity:0xD096FBFFFE9D828E
 source_port_number:50
 Announce msg info
 |--two_step_flag:FALSE
 |--frequency_traceable:FALSE
 |--time_traceable:TRUE
 |--ptp_timescale:FALSE
 |--current_utc_offset_valid:TRUE
 |--leap59:FALSE
 |--leap61:FALSE
 |-current_utc_offset:37
 |-master_clockclass:6
 |-master_clockaccuracy:254
 |-master_offset_scaled_log_variance:0xffff
 |-priority1:128
 |-priority2:128
 |-grandmaster_clockidentity:0x00B0AEFFFE0903E6
 |-steps_removed:0
 |-time_source:0x20
< Synce Infomation >
 clockstate: HOLDOVER
 holdover_reason:
 PKT_RECV_TIMEOUT
 recv_ssm_level: QL_PRC
 acceptance_ssm_level: QL_PRC


< Conformance Test Information >
 sync-state: FREERUN
 ptp lock-state: UNLOCKED
 ptp state: NOK
 ptp clock-class: 255
 synce lock-state: UNLOCKED
 synce state: DISABLED
 synce quality-level: QL_PRC

nRU# show syncalarm active-alarms 

 Alarm Oper State: enabled
 Alarm Detection: enabled 
 Alarm Notification: enabled 
 Alarm Recovery-action: enabled 
 Alarm Startup time: 30 (seconds) 
 Alarm Sync-error startup time: 220 (seconds) 
 Alarm Sync-error check: enabled 

 Proto: O - ORAN, I - Internal 
 Config: M - Mask, S - RF Shutdown, R - Recovery, I - Inactive 
         O - OperState(disabled),   C - CarrierState(disabled) 
         TS - Test(start-alarm),    TC - Test(cancel-alarm)
 State:  E - ORAN notification, R - Recovery 
---------------------------------------------------------------------------------------------------------------------------------
 Alarm Alarm                                         Fault            Protocol  Config         State   Event                                    
 Id    Name                                          Source           (state)                          Time                                     
---------------------------------------------------------------------------------------------------------------------------------
---------------------------------------------------------------------------------------------------------------------------------
 Total count = 0 

nRU# show alarm active-alarms 

 Alarm Oper State: enabled
 Alarm Detection: enabled 
 Alarm Notification: enabled 
 Alarm Recovery-action: enabled 
 Alarm Startup time: 30 (seconds) 
 Alarm Sync-error startup time: 220 (seconds) 
 Alarm Sync-error check: enabled 

 Proto: O - ORAN, I - Internal 
 Config: M - Mask, S - RF Shutdown, R - Recovery, I - Inactive 
         O - OperState(disabled),   C - CarrierState(disabled) 
         TS - Test(start-alarm),    TC - Test(cancel-alarm)
 State:  E - ORAN notification, R - Recovery 
---------------------------------------------------------------------------------------------------------------------------------
 Alarm Alarm                                         Fault            Protocol  Config         State   Event                                    
 Id    Name                                          Source           (state)                          Time                                     
---------------------------------------------------------------------------------------------------------------------------------
---------------------------------------------------------------------------------------------------------------------------------
 Total count = 0 

nRU# 
nRU# show alarm active-alarms 

 Alarm Oper State: enabled
 Alarm Detection: enabled 
 Alarm Notification: enabled 
 Alarm Recovery-action: enabled 
 Alarm Startup time: 30 (seconds) 
 Alarm Sync-error startup time: 220 (seconds) 
 Alarm Sync-error check: enabled 

 Proto: O - ORAN, I - Internal 
 Config: M - Mask, S - RF Shutdown, R - Recovery, I - Inactive 
         O - OperState(disabled),   C - CarrierState(disabled) 
         TS - Test(start-alarm),    TC - Test(cancel-alarm)
 State:  E - ORAN notification, R - Recovery 
---------------------------------------------------------------------------------------------------------------------------------
 Alarm Alarm                                         Fault            Protocol  Config         State   Event                                    
 Id    Name                                          Source           (state)                          Time                                     
---------------------------------------------------------------------------------------------------------------------------------
---------------------------------------------------------------------------------------------------------------------------------
 Total count = 0 

nRU# show alarm active-alarms nRU# show sync
< PTP Infomation > 
 clocktype:ORDINARY
 clockstate:FREERUN
 clocksynchronized:SYNCHRONIZED
 error_converged:NO
 domainnumber:24
 clockclass:255
 clockidentity:0xDCC101FFFE000505
 holdover_time_synce_unlock:30
 holdover_time_synce_lock:1800
 time_error:-5.000
 frequency_error:0.075
 source_clockidentity:0xD096FBFFFE9D828E
 source_port_number:50
 Announce msg info
 |--two_step_flag:FALSE
 |--frequency_traceable:FALSE
 |--time_traceable:TRUE
 |--ptp_timescale:FALSE
 |--current_utc_offset_valid:TRUE
 |--leap59:FALSE
 |--leap61:FALSE
 |-current_utc_offset:37
 |-master_clockclass:6
 |-master_clockaccuracy:254
 |-master_offset_scaled_log_variance:0xffff
 |-priority1:128
 |-priority2:128
 |-grandmaster_clockidentity:0x00B0AEFFFE0903E6
 |-steps_removed:0
 |-time_source:0x20
< Synce Infomation >
 clockstate: HOLDOVER
 holdover_reason:
 PKT_RECV_TIMEOUT
 recv_ssm_level: QL_PRC
 acceptance_ssm_level: QL_PRC


< Conformance Test Information >
 sync-state: FREERUN
 ptp lock-state: UNLOCKED
 ptp state: NOK
 ptp clock-class: 255
 synce lock-state: UNLOCKED
 synce state: DISABLED
 synce quality-level: QL_PRC

nRU# show sync
< PTP Infomation > 
 clocktype:ORDINARY
 clockstate:FREERUN
 clocksynchronized:SYNCHRONIZED
 error_converged:NO
 domainnumber:24
 clockclass:255
 clockidentity:0xDCC101FFFE000505
 holdover_time_synce_unlock:30
 holdover_time_synce_lock:1800
 time_error:-5.000
 frequency_error:0.075
 source_clockidentity:0xD096FBFFFE9D828E
 source_port_number:50
 Announce msg info
 |--two_step_flag:FALSE
 |--frequency_traceable:FALSE
 |--time_traceable:TRUE
 |--ptp_timescale:FALSE
 |--current_utc_offset_valid:TRUE
 |--leap59:FALSE
 |--leap61:FALSE
 |-current_utc_offset:37
 |-master_clockclass:6
 |-master_clockaccuracy:254
 |-master_offset_scaled_log_variance:0xffff
 |-priority1:128
 |-priority2:128
 |-grandmaster_clockidentity:0x00B0AEFFFE0903E6
 |-steps_removed:0
 |-time_source:0x20
< Synce Infomation >
 clockstate: HOLDOVER
 holdover_reason:
 PKT_RECV_TIMEOUT
 recv_ssm_level: QL_PRC
 acceptance_ssm_level: QL_PRC


< Conformance Test Information >
 sync-state: FREERUN
 ptp lock-state: UNLOCKED
 ptp state: NOK
 ptp clock-class: 255
 synce lock-state: UNLOCKED
 synce state: DISABLED
 synce quality-level: QL_PRC

nRU# show sync
< PTP Infomation > 
 clocktype:ORDINARY
 clockstate:FREERUN
 clocksynchronized:SYNCHRONIZED
 error_converged:NO
 domainnumber:24
 clockclass:255
 clockidentity:0xDCC101FFFE000505
 holdover_time_synce_unlock:30
 holdover_time_synce_lock:1800
 time_error:-5.000
 frequency_error:0.075
 source_clockidentity:0xD096FBFFFE9D828E
 source_port_number:50
 Announce msg info
 |--two_step_flag:FALSE
 |--frequency_traceable:FALSE
 |--time_traceable:TRUE
 |--ptp_timescale:FALSE
 |--current_utc_offset_valid:TRUE
 |--leap59:FALSE
 |--leap61:FALSE
 |-current_utc_offset:37
 |-master_clockclass:6
 |-master_clockaccuracy:254
 |-master_offset_scaled_log_variance:0xffff
 |-priority1:128
 |-priority2:128
 |-grandmaster_clockidentity:0x00B0AEFFFE0903E6
 |-steps_removed:0
 |-time_source:0x20
< Synce Infomation >
 clockstate: HOLDOVER
 holdover_reason:
 PKT_RECV_TIMEOUT
 recv_ssm_level: QL_PRC
 acceptance_ssm_level: QL_PRC


< Conformance Test Information >
 sync-state: FREERUN
 ptp lock-state: UNLOCKED
 ptp state: NOK
 ptp clock-class: 255
 synce lock-state: UNLOCKED
 synce state: DISABLED
 synce quality-level: QL_PRC

nRU# show sync
< PTP Infomation > 
 clocktype:ORDINARY
 clockstate:FREERUN
 clocksynchronized:SYNCHRONIZED
 error_converged:NO
 domainnumber:24
 clockclass:255
 clockidentity:0xDCC101FFFE000505
 holdover_time_synce_unlock:30
 holdover_time_synce_lock:1800
 time_error:-5.000
 frequency_error:0.075
 source_clockidentity:0xD096FBFFFE9D828E
 source_port_number:50
 Announce msg info
 |--two_step_flag:FALSE
 |--frequency_traceable:FALSE
 |--time_traceable:TRUE
 |--ptp_timescale:FALSE
 |--current_utc_offset_valid:TRUE
 |--leap59:FALSE
 |--leap61:FALSE
 |-current_utc_offset:37
 |-master_clockclass:6
 |-master_clockaccuracy:254
 |-master_offset_scaled_log_variance:0xffff
 |-priority1:128
 |-priority2:128
 |-grandmaster_clockidentity:0x00B0AEFFFE0903E6
 |-steps_removed:0
 |-time_source:0x20
< Synce Infomation >
 clockstate: HOLDOVER
 holdover_reason:
 PKT_RECV_TIMEOUT
 recv_ssm_level: QL_PRC
 acceptance_ssm_level: QL_PRC


< Conformance Test Information >
 sync-state: FREERUN
 ptp lock-state: UNLOCKED
 ptp state: NOK
 ptp clock-class: 255
 synce lock-state: UNLOCKED
 synce state: DISABLED
 synce quality-level: QL_PRC

nRU# show sync
< PTP Infomation > 
 clocktype:ORDINARY
 clockstate:FREERUN
 clocksynchronized:SYNCHRONIZED
 error_converged:NO
 domainnumber:24
 clockclass:255
 clockidentity:0xDCC101FFFE000505
 holdover_time_synce_unlock:30
 holdover_time_synce_lock:1800
 time_error:-5.000
 frequency_error:0.075
 source_clockidentity:0xD096FBFFFE9D828E
 source_port_number:50
 Announce msg info
 |--two_step_flag:FALSE
 |--frequency_traceable:FALSE
 |--time_traceable:TRUE
 |--ptp_timescale:FALSE
 |--current_utc_offset_valid:TRUE
 |--leap59:FALSE
 |--leap61:FALSE
 |-current_utc_offset:37
 |-master_clockclass:6
 |-master_clockaccuracy:254
 |-master_offset_scaled_log_variance:0xffff
 |-priority1:128
 |-priority2:128
 |-grandmaster_clockidentity:0x00B0AEFFFE0903E6
 |-steps_removed:0
 |-time_source:0x20
< Synce Infomation >
 clockstate: HOLDOVER
 holdover_reason:
 PKT_RECV_TIMEOUT
 recv_ssm_level: QL_PRC
 acceptance_ssm_level: QL_PRC


< Conformance Test Information >
 sync-state: FREERUN
 ptp lock-state: UNLOCKED
 ptp state: NOK
 ptp clock-class: 255
 synce lock-state: UNLOCKED
 synce state: DISABLED
 synce quality-level: QL_PRC

nRU# show sync
< PTP Infomation > 
 clocktype:ORDINARY
 clockstate:FREERUN
 clocksynchronized:SYNCHRONIZED
 error_converged:NO
 domainnumber:24
 clockclass:255
 clockidentity:0xDCC101FFFE000505
 holdover_time_synce_unlock:30
 holdover_time_synce_lock:1800
 time_error:-5.000
 frequency_error:0.075
 source_clockidentity:0xD096FBFFFE9D828E
 source_port_number:50
 Announce msg info
 |--two_step_flag:FALSE
 |--frequency_traceable:FALSE
 |--time_traceable:TRUE
 |--ptp_timescale:FALSE
 |--current_utc_offset_valid:TRUE
 |--leap59:FALSE
 |--leap61:FALSE
 |-current_utc_offset:37
 |-master_clockclass:6
 |-master_clockaccuracy:254
 |-master_offset_scaled_log_variance:0xffff
 |-priority1:128
 |-priority2:128
 |-grandmaster_clockidentity:0x00B0AEFFFE0903E6
 |-steps_removed:0
 |-time_source:0x20
< Synce Infomation >
 clockstate: HOLDOVER
 holdover_reason:
 PKT_RECV_TIMEOUT
 recv_ssm_level: QL_PRC
 acceptance_ssm_level: QL_PRC


< Conformance Test Information >
 sync-state: FREERUN
 ptp lock-state: UNLOCKED
 ptp state: NOK
 ptp clock-class: 255
 synce lock-state: UNLOCKED
 synce state: DISABLED
 synce quality-level: QL_PRC

nRU# show sync
< PTP Infomation > 
 clocktype:ORDINARY
 clockstate:FREERUN
 clocksynchronized:SYNCHRONIZED
 error_converged:NO
 domainnumber:24
 clockclass:255
 clockidentity:0xDCC101FFFE000505
 holdover_time_synce_unlock:30
 holdover_time_synce_lock:1800
 time_error:-5.000
 frequency_error:0.075
 source_clockidentity:0xD096FBFFFE9D828E
 source_port_number:50
 Announce msg info
 |--two_step_flag:FALSE
 |--frequency_traceable:FALSE
 |--time_traceable:TRUE
 |--ptp_timescale:FALSE
 |--current_utc_offset_valid:TRUE
 |--leap59:FALSE
 |--leap61:FALSE
 |-current_utc_offset:37
 |-master_clockclass:6
 |-master_clockaccuracy:254
 |-master_offset_scaled_log_variance:0xffff
 |-priority1:128
 |-priority2:128
 |-grandmaster_clockidentity:0x00B0AEFFFE0903E6
 |-steps_removed:0
 |-time_source:0x20
< Synce Infomation >
 clockstate: HOLDOVER
 holdover_reason:
 PKT_RECV_TIMEOUT
 recv_ssm_level: QL_PRC
 acceptance_ssm_level: QL_PRC


< Conformance Test Information >
 sync-state: FREERUN
 ptp lock-state: UNLOCKED
 ptp state: NOK
 ptp clock-class: 255
 synce lock-state: UNLOCKED
 synce state: DISABLED
 synce quality-level: QL_PRC

nRU# show sync
< PTP Infomation > 
 clocktype:ORDINARY
 clockstate:FREERUN
 clocksynchronized:SYNCHRONIZED
 error_converged:NO
 domainnumber:24
 clockclass:255
 clockidentity:0xDCC101FFFE000505
 holdover_time_synce_unlock:30
 holdover_time_synce_lock:1800
 time_error:-5.000
 frequency_error:0.075
 source_clockidentity:0xD096FBFFFE9D828E
 source_port_number:50
 Announce msg info
 |--two_step_flag:FALSE
 |--frequency_traceable:FALSE
 |--time_traceable:TRUE
 |--ptp_timescale:FALSE
 |--current_utc_offset_valid:TRUE
 |--leap59:FALSE
 |--leap61:FALSE
 |-current_utc_offset:37
 |-master_clockclass:6
 |-master_clockaccuracy:254
 |-master_offset_scaled_log_variance:0xffff
 |-priority1:128
 |-priority2:128
 |-grandmaster_clockidentity:0x00B0AEFFFE0903E6
 |-steps_removed:0
 |-time_source:0x20
< Synce Infomation >
 clockstate: HOLDOVER
 holdover_reason:
 PKT_RECV_TIMEOUT
 recv_ssm_level: QL_PRC
 acceptance_ssm_level: QL_PRC


< Conformance Test Information >
 sync-state: FREERUN
 ptp lock-state: UNLOCKED
 ptp state: NOK
 ptp clock-class: 255
 synce lock-state: UNLOCKED
 synce state: DISABLED
 synce quality-level: QL_PRC

nRU# show sync
< PTP Infomation > 
 clocktype:ORDINARY
 clockstate:FREERUN
 clocksynchronized:SYNCHRONIZED
 error_converged:NO
 domainnumber:24
 clockclass:255
 clockidentity:0xDCC101FFFE000505
 holdover_time_synce_unlock:30
 holdover_time_synce_lock:1800
 time_error:-5.000
 frequency_error:0.075
 source_clockidentity:0xD096FBFFFE9D828E
 source_port_number:50
 Announce msg info
 |--two_step_flag:FALSE
 |--frequency_traceable:FALSE
 |--time_traceable:TRUE
 |--ptp_timescale:FALSE
 |--current_utc_offset_valid:TRUE
 |--leap59:FALSE
 |--leap61:FALSE
 |-current_utc_offset:37
 |-master_clockclass:6
 |-master_clockaccuracy:254
 |-master_offset_scaled_log_variance:0xffff
 |-priority1:128
 |-priority2:128
 |-grandmaster_clockidentity:0x00B0AEFFFE0903E6
 |-steps_removed:0
 |-time_source:0x20
< Synce Infomation >
 clockstate: HOLDOVER
 holdover_reason:
 PKT_RECV_TIMEOUT
 recv_ssm_level: QL_PRC
 acceptance_ssm_level: QL_PRC


< Conformance Test Information >
 sync-state: FREERUN
 ptp lock-state: UNLOCKED
 ptp state: NOK
 ptp clock-class: 255
 synce lock-state: UNLOCKED
 synce state: DISABLED
 synce quality-level: QL_PRC

nRU# show sync
< PTP Infomation > 
 clocktype:ORDINARY
 clockstate:FREERUN
 clocksynchronized:SYNCHRONIZED
 error_converged:NO
 domainnumber:24
 clockclass:255
 clockidentity:0xDCC101FFFE000505
 holdover_time_synce_unlock:30
 holdover_time_synce_lock:1800
 time_error:-5.000
 frequency_error:0.075
 source_clockidentity:0xD096FBFFFE9D828E
 source_port_number:50
 Announce msg info
 |--two_step_flag:FALSE
 |--frequency_traceable:FALSE
 |--time_traceable:TRUE
 |--ptp_timescale:FALSE
 |--current_utc_offset_valid:TRUE
 |--leap59:FALSE
 |--leap61:FALSE
 |-current_utc_offset:37
 |-master_clockclass:6
 |-master_clockaccuracy:254
 |-master_offset_scaled_log_variance:0xffff
 |-priority1:128
 |-priority2:128
 |-grandmaster_clockidentity:0x00B0AEFFFE0903E6
 |-steps_removed:0
 |-time_source:0x20
< Synce Infomation >
 clockstate: HOLDOVER
 holdover_reason:
 PKT_RECV_TIMEOUT
 recv_ssm_level: QL_PRC
 acceptance_ssm_level: QL_PRC


< Conformance Test Information >
 sync-state: FREERUN
 ptp lock-state: UNLOCKED
 ptp state: NOK
 ptp clock-class: 255
 synce lock-state: UNLOCKED
 synce state: DISABLED
 synce quality-level: QL_PRC

nRU# show sync
< PTP Infomation > 
 clocktype:ORDINARY
 clockstate:FREERUN
 clocksynchronized:SYNCHRONIZED
 error_converged:NO
 domainnumber:24
 clockclass:255
 clockidentity:0xDCC101FFFE000505
 holdover_time_synce_unlock:30
 holdover_time_synce_lock:1800
 time_error:-5.000
 frequency_error:0.075
 source_clockidentity:0xD096FBFFFE9D828E
 source_port_number:50
 Announce msg info
 |--two_step_flag:FALSE
 |--frequency_traceable:FALSE
 |--time_traceable:TRUE
 |--ptp_timescale:FALSE
 |--current_utc_offset_valid:TRUE
 |--leap59:FALSE
 |--leap61:FALSE
 |-current_utc_offset:37
 |-master_clockclass:6
 |-master_clockaccuracy:254
 |-master_offset_scaled_log_variance:0xffff
 |-priority1:128
 |-priority2:128
 |-grandmaster_clockidentity:0x00B0AEFFFE0903E6
 |-steps_removed:0
 |-time_source:0x20
< Synce Infomation >
 clockstate: HOLDOVER
 holdover_reason:
 PKT_RECV_TIMEOUT
 recv_ssm_level: QL_PRC
 acceptance_ssm_level: QL_PRC


< Conformance Test Information >
 sync-state: FREERUN
 ptp lock-state: UNLOCKED
 ptp state: NOK
 ptp clock-class: 255
 synce lock-state: UNLOCKED
 synce state: DISABLED
 synce quality-level: QL_PRC

nRU# show sync
< PTP Infomation > 
 clocktype:ORDINARY
 clockstate:FREERUN
 clocksynchronized:SYNCHRONIZED
 error_converged:NO
 domainnumber:24
 clockclass:255
 clockidentity:0xDCC101FFFE000505
 holdover_time_synce_unlock:30
 holdover_time_synce_lock:1800
 time_error:-5.000
 frequency_error:0.075
 source_clockidentity:0xD096FBFFFE9D828E
 source_port_number:50
 Announce msg info
 |--two_step_flag:FALSE
 |--frequency_traceable:FALSE
 |--time_traceable:TRUE
 |--ptp_timescale:FALSE
 |--current_utc_offset_valid:TRUE
 |--leap59:FALSE
 |--leap61:FALSE
 |-current_utc_offset:37
 |-master_clockclass:6
 |-master_clockaccuracy:254
 |-master_offset_scaled_log_variance:0xffff
 |-priority1:128
 |-priority2:128
 |-grandmaster_clockidentity:0x00B0AEFFFE0903E6
 |-steps_removed:0
 |-time_source:0x20
< Synce Infomation >
 clockstate: HOLDOVER
 holdover_reason:
 PKT_RECV_TIMEOUT
 recv_ssm_level: QL_PRC
 acceptance_ssm_level: QL_PRC


< Conformance Test Information >
 sync-state: FREERUN
 ptp lock-state: UNLOCKED
 ptp state: NOK
 ptp clock-class: 255
 synce lock-state: UNLOCKED
 synce state: DISABLED
 synce quality-level: QL_PRC

nRU# show sync
< PTP Infomation > 
 clocktype:ORDINARY
 clockstate:FREERUN
 clocksynchronized:SYNCHRONIZED
 error_converged:NO
 domainnumber:24
 clockclass:255
 clockidentity:0xDCC101FFFE000505
 holdover_time_synce_unlock:30
 holdover_time_synce_lock:1800
 time_error:-5.000
 frequency_error:0.075
 source_clockidentity:0xD096FBFFFE9D828E
 source_port_number:50
 Announce msg info
 |--two_step_flag:FALSE
 |--frequency_traceable:FALSE
 |--time_traceable:TRUE
 |--ptp_timescale:FALSE
 |--current_utc_offset_valid:TRUE
 |--leap59:FALSE
 |--leap61:FALSE
 |-current_utc_offset:37
 |-master_clockclass:6
 |-master_clockaccuracy:254
 |-master_offset_scaled_log_variance:0xffff
 |-priority1:128
 |-priority2:128
 |-grandmaster_clockidentity:0x00B0AEFFFE0903E6
 |-steps_removed:0
 |-time_source:0x20
< Synce Infomation >
 clockstate: HOLDOVER
 holdover_reason:
 PKT_RECV_TIMEOUT
 recv_ssm_level: QL_PRC
 acceptance_ssm_level: QL_PRC


< Conformance Test Information >
 sync-state: FREERUN
 ptp lock-state: UNLOCKED
 ptp state: NOK
 ptp clock-class: 255
 synce lock-state: UNLOCKED
 synce state: DISABLED
 synce quality-level: QL_PRC

nRU# show sync
< PTP Infomation > 
 clocktype:ORDINARY
 clockstate:FREERUN
 clocksynchronized:SYNCHRONIZED
 error_converged:NO
 domainnumber:24
 clockclass:255
 clockidentity:0xDCC101FFFE000505
 holdover_time_synce_unlock:30
 holdover_time_synce_lock:1800
 time_error:-5.000
 frequency_error:0.075
 source_clockidentity:0xD096FBFFFE9D828E
 source_port_number:50
 Announce msg info
 |--two_step_flag:FALSE
 |--frequency_traceable:FALSE
 |--time_traceable:TRUE
 |--ptp_timescale:FALSE
 |--current_utc_offset_valid:TRUE
 |--leap59:FALSE
 |--leap61:FALSE
 |-current_utc_offset:37
 |-master_clockclass:6
 |-master_clockaccuracy:254
 |-master_offset_scaled_log_variance:0xffff
 |-priority1:128
 |-priority2:128
 |-grandmaster_clockidentity:0x00B0AEFFFE0903E6
 |-steps_removed:0
 |-time_source:0x20
< Synce Infomation >
 clockstate: HOLDOVER
 holdover_reason:
 PKT_RECV_TIMEOUT
 recv_ssm_level: QL_PRC
 acceptance_ssm_level: QL_PRC


< Conformance Test Information >
 sync-state: FREERUN
 ptp lock-state: UNLOCKED
 ptp state: NOK
 ptp clock-class: 255
 synce lock-state: UNLOCKED
 synce state: DISABLED
 synce quality-level: QL_PRC

nRU# show sync
< PTP Infomation > 
 clocktype:ORDINARY
 clockstate:FREERUN
 clocksynchronized:SYNCHRONIZED
 error_converged:NO
 domainnumber:24
 clockclass:255
 clockidentity:0xDCC101FFFE000505
 holdover_time_synce_unlock:30
 holdover_time_synce_lock:1800
 time_error:-5.000
 frequency_error:0.075
 source_clockidentity:0xD096FBFFFE9D828E
 source_port_number:50
 Announce msg info
 |--two_step_flag:FALSE
 |--frequency_traceable:FALSE
 |--time_traceable:TRUE
 |--ptp_timescale:FALSE
 |--current_utc_offset_valid:TRUE
 |--leap59:FALSE
 |--leap61:FALSE
 |-current_utc_offset:37
 |-master_clockclass:6
 |-master_clockaccuracy:254
 |-master_offset_scaled_log_variance:0xffff
 |-priority1:128
 |-priority2:128
 |-grandmaster_clockidentity:0x00B0AEFFFE0903E6
 |-steps_removed:0
 |-time_source:0x20
< Synce Infomation >
 clockstate: HOLDOVER
 holdover_reason:
 PKT_RECV_TIMEOUT
 recv_ssm_level: QL_PRC
 acceptance_ssm_level: QL_PRC


< Conformance Test Information >
 sync-state: FREERUN
 ptp lock-state: UNLOCKED
 ptp state: NOK
 ptp clock-class: 255
 synce lock-state: UNLOCKED
 synce state: DISABLED
 synce quality-level: QL_PRC

nRU# show sync
< PTP Infomation > 
 clocktype:ORDINARY
 clockstate:FREERUN
 clocksynchronized:SYNCHRONIZED
 error_converged:NO
 domainnumber:24
 clockclass:255
 clockidentity:0xDCC101FFFE000505
 holdover_time_synce_unlock:30
 holdover_time_synce_lock:1800
 time_error:-5.000
 frequency_error:0.075
 source_clockidentity:0xD096FBFFFE9D828E
 source_port_number:50
 Announce msg info
 |--two_step_flag:FALSE
 |--frequency_traceable:FALSE
 |--time_traceable:TRUE
 |--ptp_timescale:FALSE
 |--current_utc_offset_valid:TRUE
 |--leap59:FALSE
 |--leap61:FALSE
 |-current_utc_offset:37
 |-master_clockclass:6
 |-master_clockaccuracy:254
 |-master_offset_scaled_log_variance:0xffff
 |-priority1:128
 |-priority2:128
 |-grandmaster_clockidentity:0x00B0AEFFFE0903E6
 |-steps_removed:0
 |-time_source:0x20
< Synce Infomation >
 clockstate: HOLDOVER
 holdover_reason:
 PKT_RECV_TIMEOUT
 recv_ssm_level: QL_PRC
 acceptance_ssm_level: QL_PRC


< Conformance Test Information >
 sync-state: FREERUN
 ptp lock-state: UNLOCKED
 ptp state: NOK
 ptp clock-class: 255
 synce lock-state: UNLOCKED
 synce state: DISABLED
 synce quality-level: QL_PRC

nRU# show sync
< PTP Infomation > 
 clocktype:ORDINARY
 clockstate:FREERUN
 clocksynchronized:SYNCHRONIZED
 error_converged:NO
 domainnumber:24
 clockclass:255
 clockidentity:0xDCC101FFFE000505
 holdover_time_synce_unlock:30
 holdover_time_synce_lock:1800
 time_error:-5.000
 frequency_error:0.075
 source_clockidentity:0xD096FBFFFE9D828E
 source_port_number:50
 Announce msg info
 |--two_step_flag:FALSE
 |--frequency_traceable:FALSE
 |--time_traceable:TRUE
 |--ptp_timescale:FALSE
 |--current_utc_offset_valid:TRUE
 |--leap59:FALSE
 |--leap61:FALSE
 |-current_utc_offset:37
 |-master_clockclass:6
 |-master_clockaccuracy:254
 |-master_offset_scaled_log_variance:0xffff
 |-priority1:128
 |-priority2:128
 |-grandmaster_clockidentity:0x00B0AEFFFE0903E6
 |-steps_removed:0
 |-time_source:0x20
< Synce Infomation >
 clockstate: HOLDOVER
 holdover_reason:
 PKT_RECV_TIMEOUT
 recv_ssm_level: QL_PRC
 acceptance_ssm_level: QL_PRC


< Conformance Test Information >
 sync-state: FREERUN
 ptp lock-state: UNLOCKED
 ptp state: NOK
 ptp clock-class: 255
 synce lock-state: UNLOCKED
 synce state: DISABLED
 synce quality-level: QL_PRC

nRU# show sync
< PTP Infomation > 
 clocktype:ORDINARY
 clockstate:FREERUN
 clocksynchronized:SYNCHRONIZED
 error_converged:NO
 domainnumber:24
 clockclass:255
 clockidentity:0xDCC101FFFE000505
 holdover_time_synce_unlock:30
 holdover_time_synce_lock:1800
 time_error:-5.000
 frequency_error:0.075
 source_clockidentity:0xD096FBFFFE9D828E
 source_port_number:50
 Announce msg info
 |--two_step_flag:FALSE
 |--frequency_traceable:FALSE
 |--time_traceable:TRUE
 |--ptp_timescale:FALSE
 |--current_utc_offset_valid:TRUE
 |--leap59:FALSE
 |--leap61:FALSE
 |-current_utc_offset:37
 |-master_clockclass:6
 |-master_clockaccuracy:254
 |-master_offset_scaled_log_variance:0xffff
 |-priority1:128
 |-priority2:128
 |-grandmaster_clockidentity:0x00B0AEFFFE0903E6
 |-steps_removed:0
 |-time_source:0x20
< Synce Infomation >
 clockstate: HOLDOVER
 holdover_reason:
 PKT_RECV_TIMEOUT
 recv_ssm_level: QL_PRC
 acceptance_ssm_level: QL_PRC


< Conformance Test Information >
 sync-state: FREERUN
 ptp lock-state: UNLOCKED
 ptp state: NOK
 ptp clock-class: 255
 synce lock-state: UNLOCKED
 synce state: DISABLED
 synce quality-level: QL_PRC

nRU# 

CLI connection is closed by idle-timeout (600 seconds).

