[2026-05-08 13:00:24.791] reload_result PDSCH:h=14,r=8, PRACH:h=9,r=8, PUSCH:h=16,r=8
[2026-05-08 13:00:24.794] render_start
[2026-05-08 13:00:24.805] PDSCH: headers=14 rows=8 first_row_len=14
[2026-05-08 13:00:24.833] PDSCH: rendered var_rows=8 canvas_w=1 xview=(0.0, 1.0)
[2026-05-08 13:00:24.835] PUSCH: headers=16 rows=8 first_row_len=16
[2026-05-08 13:00:24.856] PUSCH: rendered var_rows=8 canvas_w=1 xview=(0.0, 1.0)
[2026-05-08 13:00:24.858] PRACH: headers=9 rows=8 first_row_len=9
[2026-05-08 13:00:24.873] PRACH: rendered var_rows=8 canvas_w=1 xview=(0.0, 1.0)
[2026-05-08 13:00:24.876] render_done
[2026-05-08 13:01:50.419] reload_result PDSCH:h=14,r=8, PRACH:h=9,r=8, PUSCH:h=16,r=8
[2026-05-08 13:01:50.421] render_start
[2026-05-08 13:01:50.423] PDSCH: headers=14 rows=8 first_row_len=14
[2026-05-08 13:01:50.446] PDSCH: rendered var_rows=8 canvas_w=1 xview=(0.0, 1.0)
[2026-05-08 13:01:50.447] PUSCH: headers=16 rows=8 first_row_len=16
[2026-05-08 13:01:50.472] PUSCH: rendered var_rows=8 canvas_w=1 xview=(0.0, 1.0)
[2026-05-08 13:01:50.473] PRACH: headers=9 rows=8 first_row_len=9
[2026-05-08 13:01:50.489] PRACH: rendered var_rows=8 canvas_w=1 xview=(0.0, 1.0)
[2026-05-08 13:01:50.490] render_done
[2026-05-08 13:03:28.835] reload_result PDSCH:h=14,r=8, PRACH:h=9,r=8, PUSCH:h=16,r=8
[2026-05-08 13:03:28.839] render_start
[2026-05-08 13:03:28.842] PDSCH: headers=14 rows=8 first_row_len=14
[2026-05-08 13:03:28.872] PDSCH: rendered var_rows=8 canvas_w=1 xview=(0.0, 1.0)
[2026-05-08 13:03:28.873] PUSCH: headers=16 rows=8 first_row_len=16
[2026-05-08 13:03:28.907] PUSCH: rendered var_rows=8 canvas_w=1 xview=(0.0, 1.0)
[2026-05-08 13:03:28.909] PRACH: headers=9 rows=8 first_row_len=9
[2026-05-08 13:03:28.924] PRACH: rendered var_rows=8 canvas_w=1 xview=(0.0, 1.0)
[2026-05-08 13:03:28.926] render_done
[2026-05-08 15:54:35.911] reload_result PDSCH:h=14,r=8, PRACH:h=9,r=8, PUSCH:h=16,r=8
[2026-05-08 15:54:35.914] render_start
[2026-05-08 15:54:35.917] PDSCH: headers=14 rows=8 first_row_len=14
[2026-05-08 15:54:35.954] PDSCH: rendered var_rows=8 inner_w=1
[2026-05-08 15:54:35.959] PUSCH: headers=16 rows=8 first_row_len=16
[2026-05-08 15:54:36.032] PUSCH: rendered var_rows=8 inner_w=1
[2026-05-08 15:54:36.035] PRACH: headers=9 rows=8 first_row_len=9
[2026-05-08 15:54:36.069] PRACH: rendered var_rows=8 inner_w=1
[2026-05-08 15:54:36.081] render_done
[2026-05-08 15:57:32.860] reload_result PDSCH:h=14,r=8, PRACH:h=9,r=8, PUSCH:h=16,r=8
[2026-05-08 15:57:32.862] render_start
[2026-05-08 15:57:32.865] PDSCH: headers=14 rows=8 first_row_len=14
[2026-05-08 15:57:32.901] PDSCH: rendered var_rows=8 inner_w=1
[2026-05-08 15:57:32.903] PUSCH: headers=16 rows=8 first_row_len=16
[2026-05-08 15:57:32.939] PUSCH: rendered var_rows=8 inner_w=1
[2026-05-08 15:57:32.940] PRACH: headers=9 rows=8 first_row_len=9
[2026-05-08 15:57:32.964] PRACH: rendered var_rows=8 inner_w=1
[2026-05-08 15:57:32.978] render_done
[2026-05-08 16:03:25.731] reload_result PDSCH:h=14,r=8, PRACH:h=9,r=8, PUSCH:h=16,r=8
[2026-05-08 16:03:25.734] render_start
[2026-05-08 16:03:25.738] PDSCH: headers=14 rows=8 first_row_len=14
[2026-05-08 16:03:25.774] PDSCH: rendered var_rows=8 inner_w=1
[2026-05-08 16:03:25.775] PUSCH: headers=16 rows=8 first_row_len=16
[2026-05-08 16:03:25.808] PUSCH: rendered var_rows=8 inner_w=1
[2026-05-08 16:03:25.810] PRACH: headers=9 rows=8 first_row_len=9
[2026-05-08 16:03:25.835] PRACH: rendered var_rows=8 inner_w=1
[2026-05-08 16:03:25.847] render_done
[2026-05-08 16:05:42.962] reload_result PDSCH:h=14,r=8, PRACH:h=9,r=8, PUSCH:h=16,r=8
[2026-05-08 16:05:42.965] render_start
[2026-05-08 16:05:42.968] PDSCH: headers=14 rows=8 first_row_len=14
[2026-05-08 16:05:43.001] PDSCH: rendered var_rows=8 inner_w=1
[2026-05-08 16:05:43.003] PUSCH: headers=16 rows=8 first_row_len=16
[2026-05-08 16:05:43.037] PUSCH: rendered var_rows=8 inner_w=1
[2026-05-08 16:05:43.041] PRACH: headers=9 rows=8 first_row_len=9
[2026-05-08 16:05:43.064] PRACH: rendered var_rows=8 inner_w=1
[2026-05-08 16:05:43.077] render_done
[2026-05-08 16:10:56.823] reload_result PDSCH:h=14,r=8, PRACH:h=9,r=8, PUSCH:h=16,r=8
[2026-05-08 16:10:56.825] render_start
[2026-05-08 16:10:56.828] PDSCH: headers=14 rows=8 first_row_len=14
[2026-05-08 16:10:56.880] PDSCH: rendered var_rows=8 inner_w=1
[2026-05-08 16:10:56.881] PUSCH: headers=16 rows=8 first_row_len=16
[2026-05-08 16:10:56.928] PUSCH: rendered var_rows=8 inner_w=1
[2026-05-08 16:10:56.929] PRACH: headers=9 rows=8 first_row_len=9
[2026-05-08 16:10:56.970] PRACH: rendered var_rows=8 inner_w=1
[2026-05-08 16:10:56.989] render_done
[2026-05-08 16:12:37.788] reload_result PDSCH:h=14,r=8, PRACH:h=9,r=8, PUSCH:h=16,r=8
[2026-05-08 16:12:37.790] render_start
[2026-05-08 16:12:37.793] PDSCH: headers=14 rows=8 first_row_len=14
[2026-05-08 16:12:37.833] PDSCH: rendered var_rows=8 inner_w=1
[2026-05-08 16:12:37.836] PUSCH: headers=16 rows=8 first_row_len=16
[2026-05-08 16:12:37.872] PUSCH: rendered var_rows=8 inner_w=1
[2026-05-08 16:12:37.875] PRACH: headers=9 rows=8 first_row_len=9
[2026-05-08 16:12:37.902] PRACH: rendered var_rows=8 inner_w=1
[2026-05-08 16:12:37.916] render_done
[2026-05-08 16:17:29.648] reload_result PDSCH:h=14,r=8, PRACH:h=9,r=8, PUSCH:h=16,r=8
[2026-05-08 16:17:29.656] render_start
[2026-05-08 16:17:29.660] PDSCH: headers=14 rows=8 first_row_len=14
[2026-05-08 16:17:29.704] PDSCH: rendered var_rows=8 inner_w=1
[2026-05-08 16:17:29.708] PUSCH: headers=16 rows=8 first_row_len=16
[2026-05-08 16:17:29.749] PUSCH: rendered var_rows=8 inner_w=1
[2026-05-08 16:17:29.751] PRACH: headers=9 rows=8 first_row_len=9
[2026-05-08 16:17:29.781] PRACH: rendered var_rows=8 inner_w=1
[2026-05-08 16:17:29.795] render_done
[2026-05-08 16:19:32.878] reload_result PDSCH:h=14,r=8, PRACH:h=9,r=8, PUSCH:h=16,r=8
[2026-05-08 16:19:32.880] render_start
[2026-05-08 16:19:32.882] PDSCH: headers=14 rows=8 first_row_len=14
[2026-05-08 16:19:32.921] PDSCH: rendered var_rows=8 inner_w=1
[2026-05-08 16:19:32.923] PUSCH: headers=16 rows=8 first_row_len=16
[2026-05-08 16:19:32.963] PUSCH: rendered var_rows=8 inner_w=1
[2026-05-08 16:19:32.965] PRACH: headers=9 rows=8 first_row_len=9
[2026-05-08 16:19:32.998] PRACH: rendered var_rows=8 inner_w=1
[2026-05-08 16:19:33.014] render_done
[2026-05-08 16:25:03.185] reload_result PDSCH:h=14,r=8, PRACH:h=9,r=8, PUSCH:h=16,r=8
[2026-05-08 16:25:03.188] render_start
[2026-05-08 16:25:03.321] PDSCH: headers=14 rows=8 first_row_len=14
[2026-05-08 16:25:03.390] PDSCH: rendered var_rows=8 inner_w=1
[2026-05-08 16:25:03.500] PUSCH: headers=16 rows=8 first_row_len=16
[2026-05-08 16:25:03.532] PUSCH: rendered var_rows=8 inner_w=1
[2026-05-08 16:25:03.604] PRACH: headers=9 rows=8 first_row_len=9
[2026-05-08 16:25:03.625] PRACH: rendered var_rows=8 inner_w=1
[2026-05-08 16:25:03.639] render_done
[2026-05-08 16:30:05.206] reload_result PDSCH:h=14,r=8, PRACH:h=9,r=8, PUSCH:h=16,r=8
[2026-05-08 16:30:05.208] render_start
[2026-05-08 16:30:05.209] PDSCH: headers=14 rows=8 first_row_len=14
[2026-05-08 16:30:05.251] PDSCH: rendered var_rows=8 inner_w=1
[2026-05-08 16:30:05.252] PUSCH: headers=16 rows=8 first_row_len=16
[2026-05-08 16:30:05.286] PUSCH: rendered var_rows=8 inner_w=1
[2026-05-08 16:30:05.288] PRACH: headers=9 rows=8 first_row_len=9
[2026-05-08 16:30:05.312] PRACH: rendered var_rows=8 inner_w=1
[2026-05-08 16:30:05.325] render_done
[2026-05-08 16:35:09.512] reload_result PDSCH:h=14,r=8, PRACH:h=9,r=8, PUSCH:h=16,r=8
[2026-05-08 16:35:09.514] render_start
[2026-05-08 16:35:09.517] PDSCH: headers=14 rows=8 first_row_len=14
[2026-05-08 16:35:09.558] PDSCH: rendered var_rows=8 inner_w=1
[2026-05-08 16:35:09.559] PUSCH: headers=16 rows=8 first_row_len=16
[2026-05-08 16:35:09.594] PUSCH: rendered var_rows=8 inner_w=1
[2026-05-08 16:35:09.595] PRACH: headers=9 rows=8 first_row_len=9
[2026-05-08 16:35:09.620] PRACH: rendered var_rows=8 inner_w=1
[2026-05-08 16:35:09.633] render_done
[2026-05-08 16:37:38.804] reload_result PDSCH:h=14,r=8, PRACH:h=9,r=8, PUSCH:h=16,r=8
[2026-05-08 16:37:38.806] render_start
[2026-05-08 16:37:38.809] PDSCH: headers=14 rows=8 first_row_len=14
[2026-05-08 16:37:38.845] PDSCH: rendered var_rows=8 inner_w=1
[2026-05-08 16:37:38.847] PUSCH: headers=16 rows=8 first_row_len=16
[2026-05-08 16:37:38.880] PUSCH: rendered var_rows=8 inner_w=1
[2026-05-08 16:37:38.882] PRACH: headers=9 rows=8 first_row_len=9
[2026-05-08 16:37:38.907] PRACH: rendered var_rows=8 inner_w=1
[2026-05-08 16:37:38.920] render_done
[2026-05-08 16:41:10.389] reload_result PDSCH:h=14,r=8, PRACH:h=9,r=8, PUSCH:h=16,r=8
[2026-05-08 16:41:10.391] render_start
[2026-05-08 16:41:10.394] PDSCH: headers=14 rows=8 first_row_len=14
[2026-05-08 16:41:10.439] PDSCH: rendered var_rows=8 inner_w=1
[2026-05-08 16:41:10.440] PUSCH: headers=16 rows=8 first_row_len=16
[2026-05-08 16:41:10.486] PUSCH: rendered var_rows=8 inner_w=1
[2026-05-08 16:41:10.487] PRACH: headers=9 rows=8 first_row_len=9
[2026-05-08 16:41:10.517] PRACH: rendered var_rows=8 inner_w=1
[2026-05-08 16:41:10.532] render_done
[2026-05-08 16:45:04.275] reload_result PDSCH:h=14,r=8, PRACH:h=9,r=8, PUSCH:h=16,r=8
[2026-05-08 16:45:04.277] render_start
[2026-05-08 16:45:04.280] PDSCH: headers=14 rows=8 first_row_len=14
[2026-05-08 16:45:04.348] PDSCH: rendered var_rows=8 inner_w=1
[2026-05-08 16:45:04.349] PUSCH: headers=16 rows=8 first_row_len=16
[2026-05-08 16:45:04.387] PUSCH: rendered var_rows=8 inner_w=1
[2026-05-08 16:45:04.389] PRACH: headers=9 rows=8 first_row_len=9
[2026-05-08 16:45:04.412] PRACH: rendered var_rows=8 inner_w=1
[2026-05-08 16:45:04.424] render_done
[2026-05-08 16:47:24.200] reload_result PDSCH:h=14,r=8, PRACH:h=9,r=8, PUSCH:h=16,r=8
[2026-05-08 16:47:24.204] render_start
[2026-05-08 16:47:24.208] PDSCH: headers=14 rows=8 first_row_len=14
[2026-05-08 16:47:24.256] PDSCH: rendered var_rows=8 inner_w=1
[2026-05-08 16:47:24.258] PUSCH: headers=16 rows=8 first_row_len=16
[2026-05-08 16:47:24.297] PUSCH: rendered var_rows=8 inner_w=1
[2026-05-08 16:47:24.299] PRACH: headers=9 rows=8 first_row_len=9
[2026-05-08 16:47:24.327] PRACH: rendered var_rows=8 inner_w=1
[2026-05-08 16:47:24.340] render_done
[2026-05-08 16:53:30.102] reload_result PDSCH:h=14,r=8, PRACH:h=9,r=8, PUSCH:h=16,r=8
[2026-05-08 16:53:30.105] render_start
[2026-05-08 16:53:30.106] PDSCH: headers=14 rows=8 first_row_len=14
[2026-05-08 16:53:30.151] PDSCH: rendered var_rows=8 inner_w=1
[2026-05-08 16:53:30.153] PUSCH: headers=16 rows=8 first_row_len=16
[2026-05-08 16:53:30.188] PUSCH: rendered var_rows=8 inner_w=1
[2026-05-08 16:53:30.190] PRACH: headers=9 rows=8 first_row_len=9
[2026-05-08 16:53:30.214] PRACH: rendered var_rows=8 inner_w=1
[2026-05-08 16:53:30.227] render_done
[2026-05-08 16:55:24.473] reload_result PDSCH:h=14,r=8, PRACH:h=9,r=8, PUSCH:h=16,r=8
[2026-05-08 16:55:24.476] render_start
[2026-05-08 16:55:24.478] PDSCH: headers=14 rows=8 first_row_len=14
[2026-05-08 16:55:24.523] PDSCH: rendered var_rows=8 inner_w=1
[2026-05-08 16:55:24.525] PUSCH: headers=16 rows=8 first_row_len=16
[2026-05-08 16:55:24.564] PUSCH: rendered var_rows=8 inner_w=1
[2026-05-08 16:55:24.566] PRACH: headers=9 rows=8 first_row_len=9
[2026-05-08 16:55:24.595] PRACH: rendered var_rows=8 inner_w=1
[2026-05-08 16:55:24.608] render_done
[2026-05-08 16:57:18.392] reload_result PDSCH:h=14,r=8, PRACH:h=9,r=8, PUSCH:h=16,r=8
[2026-05-08 16:57:18.395] render_start
[2026-05-08 16:57:18.397] PDSCH: headers=14 rows=8 first_row_len=14
[2026-05-08 16:57:18.441] PDSCH: rendered var_rows=8 inner_w=1
[2026-05-08 16:57:18.442] PUSCH: headers=16 rows=8 first_row_len=16
[2026-05-08 16:57:18.478] PUSCH: rendered var_rows=8 inner_w=1
[2026-05-08 16:57:18.479] PRACH: headers=9 rows=8 first_row_len=9
[2026-05-08 16:57:18.518] PRACH: rendered var_rows=8 inner_w=1
[2026-05-08 16:57:18.531] render_done
[2026-05-08 17:04:18.459] reload_result PDSCH:h=14,r=8, PRACH:h=9,r=8, PUSCH:h=16,r=8
[2026-05-08 17:04:18.461] render_start
[2026-05-08 17:04:18.464] PDSCH: headers=14 rows=8 first_row_len=14
[2026-05-08 17:04:18.505] PDSCH: rendered var_rows=8 inner_w=1
[2026-05-08 17:04:18.507] PUSCH: headers=16 rows=8 first_row_len=16
[2026-05-08 17:04:18.540] PUSCH: rendered var_rows=8 inner_w=1
[2026-05-08 17:04:18.542] PRACH: headers=9 rows=8 first_row_len=9
[2026-05-08 17:04:18.567] PRACH: rendered var_rows=8 inner_w=1
[2026-05-08 17:04:18.579] render_done
[2026-05-08 17:07:15.710] reload_result PDSCH:h=14,r=8, PRACH:h=9,r=8, PUSCH:h=16,r=8
[2026-05-08 17:07:15.714] render_start
[2026-05-08 17:07:15.715] PDSCH: headers=14 rows=8 first_row_len=14
[2026-05-08 17:07:15.758] PDSCH: rendered var_rows=8 inner_w=1
[2026-05-08 17:07:15.759] PUSCH: headers=16 rows=8 first_row_len=16
[2026-05-08 17:07:15.797] PUSCH: rendered var_rows=8 inner_w=1
[2026-05-08 17:07:15.799] PRACH: headers=9 rows=8 first_row_len=9
[2026-05-08 17:07:15.826] PRACH: rendered var_rows=8 inner_w=1
[2026-05-08 17:07:15.839] render_done
[2026-05-08 17:09:17.673] reload_result PDSCH:h=14,r=8, PRACH:h=9,r=8, PUSCH:h=16,r=8
[2026-05-08 17:09:17.675] render_start
[2026-05-08 17:09:17.678] PDSCH: headers=14 rows=8 first_row_len=14
[2026-05-08 17:09:17.721] PDSCH: rendered var_rows=8 inner_w=1
[2026-05-08 17:09:17.724] PUSCH: headers=16 rows=8 first_row_len=16
[2026-05-08 17:09:17.765] PUSCH: rendered var_rows=8 inner_w=1
[2026-05-08 17:09:17.770] PRACH: headers=9 rows=8 first_row_len=9
[2026-05-08 17:09:17.807] PRACH: rendered var_rows=8 inner_w=1
[2026-05-08 17:09:17.822] render_done
[2026-05-08 17:11:42.104] reload_result PDSCH:h=14,r=8, PRACH:h=9,r=8, PUSCH:h=16,r=8
[2026-05-08 17:11:42.105] render_start
[2026-05-08 17:11:42.108] PDSCH: headers=14 rows=8 first_row_len=14
[2026-05-08 17:11:42.148] PDSCH: rendered var_rows=8 inner_w=1
[2026-05-08 17:11:42.150] PUSCH: headers=16 rows=8 first_row_len=16
[2026-05-08 17:11:42.191] PUSCH: rendered var_rows=8 inner_w=1
[2026-05-08 17:11:42.192] PRACH: headers=9 rows=8 first_row_len=9
[2026-05-08 17:11:42.217] PRACH: rendered var_rows=8 inner_w=1
[2026-05-08 17:11:42.230] render_done
[2026-05-08 17:14:17.273] reload_result PDSCH:h=14,r=8, PRACH:h=9,r=8, PUSCH:h=16,r=8
[2026-05-08 17:14:17.276] render_start
[2026-05-08 17:14:17.278] PDSCH: headers=14 rows=8 first_row_len=14
[2026-05-08 17:14:17.323] PDSCH: rendered var_rows=8 inner_w=1
[2026-05-08 17:14:17.324] PUSCH: headers=16 rows=8 first_row_len=16
[2026-05-08 17:14:17.359] PUSCH: rendered var_rows=8 inner_w=1
[2026-05-08 17:14:17.362] PRACH: headers=9 rows=8 first_row_len=9
[2026-05-08 17:14:17.396] PRACH: rendered var_rows=8 inner_w=1
[2026-05-08 17:14:17.408] render_done
[2026-05-08 17:15:13.990] reload_result PDSCH:h=14,r=8, PRACH:h=9,r=8, PUSCH:h=16,r=8
[2026-05-08 17:15:13.992] render_start
[2026-05-08 17:15:13.995] PDSCH: headers=14 rows=8 first_row_len=14
[2026-05-08 17:15:14.058] PDSCH: rendered var_rows=8 inner_w=1
[2026-05-08 17:15:14.060] PUSCH: headers=16 rows=8 first_row_len=16
[2026-05-08 17:15:14.109] PUSCH: rendered var_rows=8 inner_w=1
[2026-05-08 17:15:14.111] PRACH: headers=9 rows=8 first_row_len=9
[2026-05-08 17:15:14.139] PRACH: rendered var_rows=8 inner_w=1
[2026-05-08 17:15:14.152] render_done
[2026-05-08 17:17:13.859] reload_result PDSCH:h=14,r=8, PRACH:h=9,r=8, PUSCH:h=16,r=8
[2026-05-08 17:17:13.864] render_start
[2026-05-08 17:17:13.865] PDSCH: headers=14 rows=8 first_row_len=14
[2026-05-08 17:17:13.916] PDSCH: rendered var_rows=8 inner_w=1
[2026-05-08 17:17:13.918] PUSCH: headers=16 rows=8 first_row_len=16
[2026-05-08 17:17:13.956] PUSCH: rendered var_rows=8 inner_w=1
[2026-05-08 17:17:13.958] PRACH: headers=9 rows=8 first_row_len=9
[2026-05-08 17:17:13.992] PRACH: rendered var_rows=8 inner_w=1
[2026-05-08 17:17:14.010] render_done
[2026-05-08 17:25:06.872] reload_result PDSCH:h=14,r=8, PRACH:h=9,r=8, PUSCH:h=16,r=8
[2026-05-08 17:25:06.875] render_start
[2026-05-08 17:25:06.877] PDSCH: headers=14 rows=8 first_row_len=14
[2026-05-08 17:25:06.917] PDSCH: rendered var_rows=8 inner_w=1
[2026-05-08 17:25:06.918] PUSCH: headers=16 rows=8 first_row_len=16
[2026-05-08 17:25:06.952] PUSCH: rendered var_rows=8 inner_w=1
[2026-05-08 17:25:06.953] PRACH: headers=9 rows=8 first_row_len=9
[2026-05-08 17:25:06.979] PRACH: rendered var_rows=8 inner_w=1
[2026-05-08 17:25:07.003] render_done
[2026-05-08 17:35:05.664] reload_result PDSCH:h=14,r=8, PRACH:h=9,r=8, PUSCH:h=16,r=8
[2026-05-08 17:35:05.666] render_start
[2026-05-08 17:35:05.669] PDSCH: headers=14 rows=8 first_row_len=14
[2026-05-08 17:35:05.712] PDSCH: rendered var_rows=8 inner_w=1
[2026-05-08 17:35:05.714] PUSCH: headers=16 rows=8 first_row_len=16
[2026-05-08 17:35:05.755] PUSCH: rendered var_rows=8 inner_w=1
[2026-05-08 17:35:05.756] PRACH: headers=9 rows=8 first_row_len=9
[2026-05-08 17:35:05.784] PRACH: rendered var_rows=8 inner_w=1
[2026-05-08 17:35:05.813] render_done
[2026-05-08 17:39:03.756] reload_result PDSCH:h=14,r=8, PRACH:h=9,r=8, PUSCH:h=16,r=8
[2026-05-08 17:39:03.758] render_start
[2026-05-08 17:39:03.760] PDSCH: headers=14 rows=8 first_row_len=14
[2026-05-08 17:39:03.807] PDSCH: rendered var_rows=8 inner_w=1
[2026-05-08 17:39:03.808] PUSCH: headers=16 rows=8 first_row_len=16
[2026-05-08 17:39:03.850] PUSCH: rendered var_rows=8 inner_w=1
[2026-05-08 17:39:03.851] PRACH: headers=9 rows=8 first_row_len=9
[2026-05-08 17:39:03.886] PRACH: rendered var_rows=8 inner_w=1
[2026-05-08 17:39:03.896] render_done
[2026-05-08 17:39:43.269] reload_result PDSCH:h=14,r=8, PRACH:h=9,r=8, PUSCH:h=16,r=8
[2026-05-08 17:39:43.274] render_start
[2026-05-08 17:39:43.418] PDSCH: headers=14 rows=8 first_row_len=14
[2026-05-08 17:39:43.449] PDSCH: rendered var_rows=8 inner_w=1
[2026-05-08 17:39:43.602] PUSCH: headers=16 rows=8 first_row_len=16
[2026-05-08 17:39:43.634] PUSCH: rendered var_rows=8 inner_w=1
[2026-05-08 17:39:43.723] PRACH: headers=9 rows=8 first_row_len=9
[2026-05-08 17:39:43.741] PRACH: rendered var_rows=8 inner_w=1
[2026-05-08 17:39:43.753] render_done
[2026-05-08 17:42:16.024] reload_result PDSCH:h=14,r=8, PRACH:h=9,r=8, PUSCH:h=16,r=8
[2026-05-08 17:42:16.028] render_start
[2026-05-08 17:42:16.029] PDSCH: headers=14 rows=8 first_row_len=14
[2026-05-08 17:42:16.075] PDSCH: rendered var_rows=8 inner_w=1
[2026-05-08 17:42:16.076] PUSCH: headers=16 rows=8 first_row_len=16
[2026-05-08 17:42:16.121] PUSCH: rendered var_rows=8 inner_w=1
[2026-05-08 17:42:16.123] PRACH: headers=9 rows=8 first_row_len=9
[2026-05-08 17:42:16.183] PRACH: rendered var_rows=8 inner_w=1
[2026-05-08 17:42:16.197] render_done
[2026-05-08 19:05:36.135] reload_result PDSCH:h=14,r=8, PRACH:h=9,r=8, PUSCH:h=16,r=8
[2026-05-08 19:05:36.141] render_start
[2026-05-08 19:05:36.143] PDSCH: headers=14 rows=8 first_row_len=14
[2026-05-08 19:05:36.186] PDSCH: rendered var_rows=8 inner_w=1
[2026-05-08 19:05:36.190] PUSCH: headers=16 rows=8 first_row_len=16
[2026-05-08 19:05:36.230] PUSCH: rendered var_rows=8 inner_w=1
[2026-05-08 19:05:36.232] PRACH: headers=9 rows=8 first_row_len=9
[2026-05-08 19:05:36.254] PRACH: rendered var_rows=8 inner_w=1
[2026-05-08 19:05:36.267] render_done
[2026-05-08 19:05:42.706] reload_result PDSCH:h=14,r=8, PRACH:h=9,r=8, PUSCH:h=16,r=8
[2026-05-08 19:05:42.712] render_start
[2026-05-08 19:05:42.924] PDSCH: headers=14 rows=8 first_row_len=14
[2026-05-08 19:05:42.952] PDSCH: rendered var_rows=8 inner_w=1
[2026-05-08 19:05:43.146] PUSCH: headers=16 rows=8 first_row_len=16
[2026-05-08 19:05:43.175] PUSCH: rendered var_rows=8 inner_w=1
[2026-05-08 19:05:43.287] PRACH: headers=9 rows=8 first_row_len=9
[2026-05-08 19:05:43.307] PRACH: rendered var_rows=8 inner_w=1
[2026-05-08 19:05:43.317] render_done
[2026-05-08 19:06:48.205] reload_result PDSCH:h=14,r=8, PRACH:h=9,r=8, PUSCH:h=16,r=8
[2026-05-08 19:06:48.206] render_start
[2026-05-08 19:06:48.210] PDSCH: headers=14 rows=8 first_row_len=14
[2026-05-08 19:06:48.241] PDSCH: rendered var_rows=8 inner_w=1
[2026-05-08 19:06:48.245] PUSCH: headers=16 rows=8 first_row_len=16
[2026-05-08 19:06:48.276] PUSCH: rendered var_rows=8 inner_w=1
[2026-05-08 19:06:48.279] PRACH: headers=9 rows=8 first_row_len=9
[2026-05-08 19:06:48.302] PRACH: rendered var_rows=8 inner_w=1
[2026-05-08 19:06:48.311] render_done
[2026-05-08 19:06:54.020] reload_result PDSCH:h=14,r=8, PRACH:h=9,r=8, PUSCH:h=16,r=8
[2026-05-08 19:06:54.026] render_start
[2026-05-08 19:06:54.583] PDSCH: headers=14 rows=8 first_row_len=14
[2026-05-08 19:06:54.622] PDSCH: rendered var_rows=8 inner_w=1
[2026-05-08 19:06:54.840] PUSCH: headers=16 rows=8 first_row_len=16
[2026-05-08 19:06:54.877] PUSCH: rendered var_rows=8 inner_w=1
[2026-05-08 19:06:55.012] PRACH: headers=9 rows=8 first_row_len=9
[2026-05-08 19:06:55.056] PRACH: rendered var_rows=8 inner_w=1
[2026-05-08 19:06:55.074] render_done
[2026-05-08 19:09:21.857] reload_result PDSCH:h=14,r=8, PRACH:h=9,r=8, PUSCH:h=16,r=8
[2026-05-08 19:09:21.859] render_start
[2026-05-08 19:09:21.862] PDSCH: headers=14 rows=8 first_row_len=14
[2026-05-08 19:09:21.904] PDSCH: rendered var_rows=8 inner_w=1
[2026-05-08 19:09:21.907] PUSCH: headers=16 rows=8 first_row_len=16
[2026-05-08 19:09:21.944] PUSCH: rendered var_rows=8 inner_w=1
[2026-05-08 19:09:21.947] PRACH: headers=9 rows=8 first_row_len=9
[2026-05-08 19:09:21.975] PRACH: rendered var_rows=8 inner_w=1
[2026-05-08 19:09:21.990] render_done
[2026-05-08 19:10:54.187] reload_result PDSCH:h=14,r=8, PRACH:h=9,r=8, PUSCH:h=16,r=8
[2026-05-08 19:10:54.190] render_start
[2026-05-08 19:10:54.193] PDSCH: headers=14 rows=8 first_row_len=14
[2026-05-08 19:10:54.233] PDSCH: rendered var_rows=8 inner_w=1
[2026-05-08 19:10:54.235] PUSCH: headers=16 rows=8 first_row_len=16
[2026-05-08 19:10:54.267] PUSCH: rendered var_rows=8 inner_w=1
[2026-05-08 19:10:54.270] PRACH: headers=9 rows=8 first_row_len=9
[2026-05-08 19:10:54.293] PRACH: rendered var_rows=8 inner_w=1
[2026-05-08 19:10:54.305] render_done
[2026-05-08 19:11:46.648] reload_result PDSCH:h=14,r=8, PRACH:h=9,r=8, PUSCH:h=16,r=8
[2026-05-08 19:11:46.655] render_start
[2026-05-08 19:11:46.660] PDSCH: headers=14 rows=8 first_row_len=14
[2026-05-08 19:11:46.704] PDSCH: rendered var_rows=8 inner_w=1
[2026-05-08 19:11:46.708] PUSCH: headers=16 rows=8 first_row_len=16
[2026-05-08 19:11:46.749] PUSCH: rendered var_rows=8 inner_w=1
[2026-05-08 19:11:46.753] PRACH: headers=9 rows=8 first_row_len=9
[2026-05-08 19:11:46.782] PRACH: rendered var_rows=8 inner_w=1
[2026-05-08 19:11:46.795] render_done
[2026-05-08 19:12:45.762] reload_result PDSCH:h=14,r=8, PRACH:h=9,r=8, PUSCH:h=16,r=8
[2026-05-08 19:12:45.768] render_start
[2026-05-08 19:12:45.982] PDSCH: headers=14 rows=8 first_row_len=14
[2026-05-08 19:12:46.014] PDSCH: rendered var_rows=8 inner_w=1
[2026-05-08 19:12:46.233] PUSCH: headers=16 rows=8 first_row_len=16
[2026-05-08 19:12:46.264] PUSCH: rendered var_rows=8 inner_w=1
[2026-05-08 19:12:46.379] PRACH: headers=9 rows=8 first_row_len=9
[2026-05-08 19:12:46.402] PRACH: rendered var_rows=8 inner_w=1
[2026-05-08 19:12:46.415] render_done
[2026-05-08 19:22:49.841] reload_result PDSCH:h=14,r=8, PRACH:h=9,r=8, PUSCH:h=16,r=8
[2026-05-08 19:22:49.844] render_start
[2026-05-08 19:22:49.847] PDSCH: headers=14 rows=8 first_row_len=14
[2026-05-08 19:22:49.888] PDSCH: rendered var_rows=8 inner_w=1
[2026-05-08 19:22:49.890] PUSCH: headers=16 rows=8 first_row_len=16
[2026-05-08 19:22:49.924] PUSCH: rendered var_rows=8 inner_w=1
[2026-05-08 19:22:49.927] PRACH: headers=9 rows=8 first_row_len=9
[2026-05-08 19:22:49.952] PRACH: rendered var_rows=8 inner_w=1
[2026-05-08 19:22:49.967] render_done
[2026-05-08 19:39:46.229] reload_result PDSCH:h=14,r=8, PRACH:h=9,r=8, PUSCH:h=16,r=8
[2026-05-08 19:39:46.231] render_start
[2026-05-08 19:39:46.232] PDSCH: headers=14 rows=8 first_row_len=14
[2026-05-08 19:39:46.270] PDSCH: rendered var_rows=8 inner_w=1
[2026-05-08 19:39:46.271] PUSCH: headers=16 rows=8 first_row_len=16
[2026-05-08 19:39:46.309] PUSCH: rendered var_rows=8 inner_w=1
[2026-05-08 19:39:46.311] PRACH: headers=9 rows=8 first_row_len=9
[2026-05-08 19:39:46.349] PRACH: rendered var_rows=8 inner_w=1
[2026-05-08 19:39:46.368] render_done
[2026-05-08 19:59:38.288] reload_result PDSCH:h=14,r=8, PRACH:h=9,r=8, PUSCH:h=16,r=8
[2026-05-08 19:59:38.290] render_start
[2026-05-08 19:59:38.292] PDSCH: headers=14 rows=8 first_row_len=14
[2026-05-08 19:59:38.392] PDSCH: rendered var_rows=8 inner_w=1
[2026-05-08 19:59:38.395] PUSCH: headers=16 rows=8 first_row_len=16
[2026-05-08 19:59:38.457] PUSCH: rendered var_rows=8 inner_w=1
[2026-05-08 19:59:38.459] PRACH: headers=9 rows=8 first_row_len=9
[2026-05-08 19:59:38.494] PRACH: rendered var_rows=8 inner_w=1
[2026-05-08 19:59:38.511] render_done
[2026-05-08 20:03:38.402] reload_result PDSCH:h=14,r=8, PRACH:h=9,r=8, PUSCH:h=16,r=8
[2026-05-08 20:03:38.404] render_start
[2026-05-08 20:03:38.407] PDSCH: headers=14 rows=8 first_row_len=14
[2026-05-08 20:03:38.448] PDSCH: rendered var_rows=8 inner_w=1
[2026-05-08 20:03:38.450] PUSCH: headers=16 rows=8 first_row_len=16
[2026-05-08 20:03:38.503] PUSCH: rendered var_rows=8 inner_w=1
[2026-05-08 20:03:38.513] PRACH: headers=9 rows=8 first_row_len=9
[2026-05-08 20:03:38.543] PRACH: rendered var_rows=8 inner_w=1
[2026-05-08 20:03:38.557] render_done
[2026-05-08 20:13:19.428] reload_result PDSCH:h=14,r=8, PRACH:h=9,r=8, PUSCH:h=16,r=8
[2026-05-08 20:13:19.430] render_start
[2026-05-08 20:13:19.432] PDSCH: headers=14 rows=8 first_row_len=14
[2026-05-08 20:13:19.467] PDSCH: rendered var_rows=8 inner_w=1
[2026-05-08 20:13:19.470] PUSCH: headers=16 rows=8 first_row_len=16
[2026-05-08 20:13:19.504] PUSCH: rendered var_rows=8 inner_w=1
[2026-05-08 20:13:19.506] PRACH: headers=9 rows=8 first_row_len=9
[2026-05-08 20:13:19.532] PRACH: rendered var_rows=8 inner_w=1
[2026-05-08 20:13:19.543] render_done
[2026-05-12 10:29:02.819] reload_result PDSCH:h=14,r=8, PRACH:h=9,r=8, PUSCH:h=16,r=8
[2026-05-12 10:29:02.821] render_start
[2026-05-12 10:29:02.824] PDSCH: headers=14 rows=8 first_row_len=14
[2026-05-12 10:29:02.873] PDSCH: rendered var_rows=8 inner_w=1
[2026-05-12 10:29:02.874] PUSCH: headers=16 rows=8 first_row_len=16
[2026-05-12 10:29:02.916] PUSCH: rendered var_rows=8 inner_w=1
[2026-05-12 10:29:02.917] PRACH: headers=9 rows=8 first_row_len=9
[2026-05-12 10:29:02.951] PRACH: rendered var_rows=8 inner_w=1
[2026-05-12 10:29:02.964] render_done
