TRex RPC 준비 대기 중... (1/6)
통계 모니터 시작됨
slab
상태 변경: ready
TRex RPC connected (127.0.0.1)
[2026-04-30 12:45:29] COORD AUTO RUN 시작 mode=sequential-ports 항목절체_min=240.0 guard간격_min=10.0 files_p0=16 files_p1=16
[2026-04-30 12:45:29] COORD AUTO 시험 항목 -> phase=P0 idx=1/16 pcap=000a35000102_uplane_std_random_max_24g.pcap
Port 0 트래픽 전송 중지 명령 하달...
[2026-04-30 12:45:29] Port 0 시험 종료 요청 reason=auto-switch
[2026-04-30 12:45:30] Port 0 시험 종료 완료
[2026-04-30 12:45:30] Port 0 AUTO 절체 ready 대기 후 시작 재개
Port 0 TX 시작 요청
Port 0 링크 UP(오탐 보정) (speed=25.0, status=IDLE)
[2026-04-30 12:45:31] Port 0 시험 시작 reason=auto-switch pcap=000a35000102_uplane_std_random_max_24g.pcap rate=24Gbps duration_min=0.0
[2026-04-30 12:45:31] COORD 항목 절체(송출 유지) 14400.0초 (240.000분) port=0 idx=1
Port 0 log: [INFO] pcap_total=46875 sampled=50 unique_pkt_lens=5 lens=[64,423,782,1141,1500]
Port 0 log: [INFO] port=0 first-check tx_bps=13880868864.0 tx_pps=2207517.5
Port 0 log: [INFO] start check ok tx_bps_sum=13880868864.0
Port 0 TX 시작 요청 완료. 상세 오류: /tmp/run_trex_p0.log
[2026-04-30 12:46:27] COORD AUTO RUN 중지 요청 -> port=0 (순차 전체 정지)
Port 0 트래픽 전송 중지 명령 하달...
[2026-04-30 12:46:27] Port 0 시험 종료 요청 reason=auto-stop
Port 1 트래픽 전송 중지 명령 하달...
[2026-04-30 12:46:27] Port 1 시험 종료 요청 reason=auto-stop
[2026-04-30 12:46:30] COORD AUTO RUN 중지 완료
[2026-04-30 12:46:32] Port 0 시험 종료 완료
[2026-04-30 12:46:32] Port 1 시험 종료 완료
[2026-04-30 12:46:45] COORD AUTO RUN 시작 mode=sequential-ports 항목절체_min=240.0 guard간격_min=10.0 files_p0=16 files_p1=16
[2026-04-30 12:46:45] COORD AUTO 시험 항목 -> phase=P0 idx=1/16 pcap=000a35000102_uplane_std_random_max_24g.pcap
Port 0 트래픽 전송 중지 명령 하달...
[2026-04-30 12:46:46] Port 0 시험 종료 요청 reason=auto-switch
[2026-04-30 12:46:46] Port 0 시험 종료 완료
[2026-04-30 12:46:47] Port 0 AUTO 절체 ready 대기 후 시작 재개
Port 0 TX 시작 요청
Port 0 링크 UP(오탐 보정) (speed=25.0, status=IDLE)
[2026-04-30 12:46:47] Port 0 시험 시작 reason=auto-switch pcap=000a35000102_uplane_std_random_max_24g.pcap rate=24Gbps duration_min=0.0
[2026-04-30 12:46:47] COORD 항목 절체(송출 유지) 14400.0초 (240.000분) port=0 idx=1
Port 0 log: slab
Port 0 log: [INFO] pcap_total=46875 sampled=50 unique_pkt_lens=5 lens=[64,423,782,1141,1500]
Port 0 log: [ERROR] Port 0 : *** Link state is DOWN.
Port 0 시작 실패: [ERROR] Port 0 : *** Link state is DOWN.
[2026-04-30 12:46:53] Port 0 시험 시작 실패 reason=auto-switch pcap=000a35000102_uplane_std_random_max_24g.pcap
TRex RPC 준비 대기 중... (1/6)
TRex RPC 준비 대기 중... (2/6)
통계 모니터 시작됨
slab
상태 변경: ready
TRex RPC connected (127.0.0.1)
[2026-04-30 12:47:49] COORD AUTO RUN 시작 mode=sequential-ports 항목절체_min=240.0 guard간격_min=10.0 files_p0=16 files_p1=16
[2026-04-30 12:47:49] COORD AUTO 시험 항목 -> phase=P0 idx=1/16 pcap=000a35000102_uplane_std_random_max_24g.pcap
Port 0 트래픽 전송 중지 명령 하달...
[2026-04-30 12:47:49] Port 0 시험 종료 요청 reason=auto-switch
[2026-04-30 12:47:50] Port 0 시험 종료 완료
[2026-04-30 12:47:50] Port 0 AUTO 절체 ready 대기 후 시작 재개
Port 0 TX 시작 요청
Port 0 링크 UP(오탐 보정) (speed=25.0, status=IDLE)
[2026-04-30 12:47:51] Port 0 시험 시작 reason=auto-switch pcap=000a35000102_uplane_std_random_max_24g.pcap rate=24Gbps duration_min=0.0
[2026-04-30 12:47:51] COORD 항목 절체(송출 유지) 14400.0초 (240.000분) port=0 idx=1
Port 0 log: [INFO] pcap_total=46875 sampled=50 unique_pkt_lens=5 lens=[64,423,782,1141,1500]
Port 0 log: [INFO] port=0 first-check tx_bps=11976326144.0 tx_pps=1904629.125
Port 0 log: [INFO] start check ok tx_bps_sum=11976326144.0
Port 0 TX 시작 요청 완료. 상세 오류: /tmp/run_trex_p0.log
[2026-04-30 12:48:07] COORD AUTO RUN 중지 요청 -> port=0 (순차 전체 정지)
Port 0 트래픽 전송 중지 명령 하달...
[2026-04-30 12:48:07] Port 0 시험 종료 요청 reason=auto-stop
Port 1 트래픽 전송 중지 명령 하달...
[2026-04-30 12:48:07] Port 1 시험 종료 요청 reason=auto-stop
[2026-04-30 12:48:10] COORD AUTO RUN 중지 완료
[2026-04-30 12:48:12] Port 0 시험 종료 완료
[2026-04-30 12:48:13] Port 1 시험 종료 완료
[2026-04-30 12:48:21] COORD AUTO RUN 시작 mode=sequential-ports 항목절체_min=240.0 guard간격_min=10.0 files_p0=16 files_p1=16
[2026-04-30 12:48:21] COORD AUTO 시험 항목 -> phase=P0 idx=1/16 pcap=000a35000102_uplane_std_random_max_24g.pcap
Port 0 트래픽 전송 중지 명령 하달...
[2026-04-30 12:48:21] Port 0 시험 종료 요청 reason=auto-switch
[2026-04-30 12:48:22] Port 0 시험 종료 완료
[2026-04-30 12:48:22] Port 0 AUTO 절체 ready 대기 후 시작 재개
Port 0 TX 시작 요청
Port 0 링크 UP(오탐 보정) (speed=25.0, status=IDLE)
[2026-04-30 12:48:23] Port 0 시험 시작 reason=auto-switch pcap=000a35000102_uplane_std_random_max_24g.pcap rate=24Gbps duration_min=0.0
[2026-04-30 12:48:24] COORD 항목 절체(송출 유지) 14400.0초 (240.000분) port=0 idx=1
Port 0 log: [INFO] pcap_total=46875 sampled=50 unique_pkt_lens=5 lens=[64,423,782,1141,1500]
Port 0 log: [INFO] port=0 first-check tx_bps=7627936768.0 tx_pps=1213096.375
Port 0 log: [INFO] start check ok tx_bps_sum=7627936768.0
Port 0 TX 시작 요청 완료. 상세 오류: /tmp/run_trex_p0.log
TRex RPC 준비 대기 중... (1/6)
TRex RPC 준비 대기 중... (2/6)
[2026-04-30 12:52:42] COORD AUTO RUN 시작 mode=sequential-ports 항목절체_min=1.0 guard간격_min=1.0 files_p0=16 files_p1=16
[2026-04-30 12:52:42] COORD AUTO 시험 항목 -> phase=P0 idx=1/16 pcap=000a35000102_uplane_std_random_max_24g.pcap
Port 0 트래픽 전송 중지 명령 하달...
[2026-04-30 12:52:42] Port 0 시험 종료 요청 reason=auto-switch
[2026-04-30 12:52:46] Port 0 시험 종료 완료
통계 모니터 시작됨
slab
상태 변경: ready
TRex RPC connected (127.0.0.1)
[2026-04-30 12:52:47] Port 0 AUTO 절체 ready 대기 후 시작 재개
Port 0 TX 시작 요청
Port 0 링크 UP(오탐 보정) (speed=25.0, status=IDLE)
[2026-04-30 12:52:49] Port 0 시험 시작 reason=auto-switch pcap=000a35000102_uplane_std_random_max_24g.pcap rate=24Gbps duration_min=0.0
[2026-04-30 12:52:50] COORD 항목 절체(송출 유지) 60.0초 (1.000분) port=0 idx=1
Port 0 log: [INFO] pcap_total=46875 sampled=50 unique_pkt_lens=5 lens=[64,423,782,1141,1500]
Port 0 log: [INFO] port=0 first-check tx_bps=9194557440.0 tx_pps=1462238.625
Port 0 log: [INFO] start check ok tx_bps_sum=9194557440.0
Port 0 TX 시작 요청 완료. 상세 오류: /tmp/run_trex_p0.log
[2026-04-30 12:52:58] COORD AUTO RUN 중지 요청 -> port=0 (순차 전체 정지)
Port 0 트래픽 전송 중지 명령 하달...
[2026-04-30 12:52:58] Port 0 시험 종료 요청 reason=auto-stop
Port 1 트래픽 전송 중지 명령 하달...
[2026-04-30 12:52:58] Port 1 시험 종료 요청 reason=auto-stop
[2026-04-30 12:53:01] COORD AUTO RUN 중지 완료
[2026-04-30 12:53:02] Port 1 시험 종료 완료
[2026-04-30 12:53:04] Port 0 시험 종료 완료
[2026-04-30 12:53:04] COORD AUTO RUN 시작 mode=sequential-ports 항목절체_min=1.0 guard간격_min=1.0 files_p0=16 files_p1=16
[2026-04-30 12:53:04] COORD AUTO 시험 항목 -> phase=P0 idx=1/16 pcap=000a35000102_uplane_std_random_max_24g.pcap
Port 0 트래픽 전송 중지 명령 하달...
[2026-04-30 12:53:04] Port 0 시험 종료 요청 reason=auto-switch
[2026-04-30 12:53:05] Port 0 시험 종료 완료
[2026-04-30 12:53:05] Port 0 AUTO 절체 ready 대기 후 시작 재개
Port 0 TX 시작 요청
Port 0 링크 UP(오탐 보정) (speed=25.0, status=IDLE)
[2026-04-30 12:53:06] Port 0 시험 시작 reason=auto-switch pcap=000a35000102_uplane_std_random_max_24g.pcap rate=24Gbps duration_min=0.0
[2026-04-30 12:53:06] COORD 항목 절체(송출 유지) 60.0초 (1.000분) port=0 idx=1
Port 0 log: [INFO] pcap_total=46875 sampled=50 unique_pkt_lens=5 lens=[64,423,782,1141,1500]
Port 0 log: [INFO] port=0 first-check tx_bps=10252622848.0 tx_pps=1630508.625
Port 0 log: [INFO] start check ok tx_bps_sum=10252622848.0
Port 0 TX 시작 요청 완료. 상세 오류: /tmp/run_trex_p0.log
Port 0 트래픽 전송 중지 명령 하달...
[2026-04-30 12:54:07] Port 0 시험 종료 요청 reason=auto-switch
[2026-04-30 12:54:07] COORD AUTO P0 idx=1 송출 종료
[2026-04-30 12:54:07] COORD Guard Time(항목 간) 60.0초 (1.000분) port=0 idx=1
[2026-04-30 12:54:08] Port 0 시험 종료 완료
[2026-04-30 12:55:07] COORD AUTO 시험 항목 -> phase=P0 idx=2/16 pcap=000a35000102_uplane_jumbo_random_max_24g.pcap
Port 0 트래픽 전송 중지 명령 하달...
[2026-04-30 12:55:07] Port 0 시험 종료 요청 reason=auto-switch
[2026-04-30 12:55:08] Port 0 시험 종료 완료
[2026-04-30 12:55:08] Port 0 AUTO 절체 ready 대기 후 시작 재개
Port 0 TX 시작 요청
Port 0 링크 UP(오탐 보정) (speed=0.0, status=IDLE)
[2026-04-30 12:55:09] Port 0 시험 시작 reason=auto-switch pcap=000a35000102_uplane_jumbo_random_max_24g.pcap rate=24Gbps duration_min=0.0
[2026-04-30 12:55:09] COORD 항목 절체(송출 유지) 60.0초 (1.000분) port=0 idx=2
Port 0 log: [INFO] pcap_total=46875 sampled=50 unique_pkt_lens=5 lens=[64,2298,4532,6766,9000]
Port 0 log: [INFO] port=0 first-check tx_bps=14636141568.0 tx_pps=403335.65625
Port 0 log: [INFO] start check ok tx_bps_sum=14636141568.0
Port 0 TX 시작 요청 완료. 상세 오류: /tmp/run_trex_p0.log
[2026-04-30 12:55:32] AUTO 순서 저장 P0=2개 P1=2개
[2026-04-30 12:55:35] COORD AUTO RUN 중지 요청 -> port=0 (순차 전체 정지)
Port 0 트래픽 전송 중지 명령 하달...
[2026-04-30 12:55:35] Port 0 시험 종료 요청 reason=auto-stop
Port 1 트래픽 전송 중지 명령 하달...
[2026-04-30 12:55:35] Port 1 시험 종료 요청 reason=auto-stop
[2026-04-30 12:55:38] COORD AUTO RUN 중지 완료
[2026-04-30 12:55:42] Port 0 시험 종료 완료
[2026-04-30 12:55:42] Port 1 시험 종료 완료
[2026-04-30 12:55:49] COORD AUTO RUN 시작 mode=sequential-ports 항목절체_min=1.0 guard간격_min=1.0 files_p0=2 files_p1=2
[2026-04-30 12:55:49] COORD AUTO 시험 항목 -> phase=P0 idx=1/2 pcap=000a35000102_uplane_std_random_max_24g.pcap
Port 0 트래픽 전송 중지 명령 하달...
[2026-04-30 12:55:49] Port 0 시험 종료 요청 reason=auto-switch
[2026-04-30 12:55:50] Port 0 시험 종료 완료
[2026-04-30 12:55:50] Port 0 AUTO 절체 ready 대기 후 시작 재개
Port 0 TX 시작 요청
Port 0 링크 UP(오탐 보정) (speed=25.0, status=IDLE)
[2026-04-30 12:55:50] Port 0 시험 시작 reason=auto-switch pcap=000a35000102_uplane_std_random_max_24g.pcap rate=24Gbps duration_min=0.0
[2026-04-30 12:55:51] COORD 항목 절체(송출 유지) 60.0초 (1.000분) port=0 idx=1
Port 0 log: [INFO] pcap_total=46875 sampled=50 unique_pkt_lens=5 lens=[64,423,782,1141,1500]
Port 0 log: [INFO] port=0 first-check tx_bps=8921206784.0 tx_pps=1418623.875
Port 0 log: [INFO] start check ok tx_bps_sum=8921206784.0
Port 0 TX 시작 요청 완료. 상세 오류: /tmp/run_trex_p0.log
Port 0 트래픽 전송 중지 명령 하달...
[2026-04-30 12:56:51] Port 0 시험 종료 요청 reason=auto-switch
[2026-04-30 12:56:51] COORD AUTO P0 idx=1 송출 종료
[2026-04-30 12:56:51] COORD Guard Time(항목 간) 60.0초 (1.000분) port=0 idx=1
[2026-04-30 12:56:51] Port 0 시험 종료 완료
[2026-04-30 12:57:51] COORD AUTO 시험 항목 -> phase=P0 idx=2/2 pcap=000a35000102_uplane_jumbo_random_max_24g.pcap
Port 0 트래픽 전송 중지 명령 하달...
[2026-04-30 12:57:51] Port 0 시험 종료 요청 reason=auto-switch
[2026-04-30 12:57:52] Port 0 시험 종료 완료
[2026-04-30 12:57:52] Port 0 AUTO 절체 ready 대기 후 시작 재개
Port 0 TX 시작 요청
Port 0 링크 UP(오탐 보정) (speed=0.0, status=IDLE)
[2026-04-30 12:57:52] Port 0 시험 시작 reason=auto-switch pcap=000a35000102_uplane_jumbo_random_max_24g.pcap rate=24Gbps duration_min=0.0
[2026-04-30 12:57:52] COORD 항목 절체(송출 유지) 60.0초 (1.000분) port=0 idx=2
Port 0 log: [INFO] pcap_total=46875 sampled=50 unique_pkt_lens=5 lens=[64,2298,4532,6766,9000]
Port 0 log: [INFO] port=0 first-check tx_bps=14182712320.0 tx_pps=390841.84375
Port 0 log: [INFO] start check ok tx_bps_sum=14182712320.0
Port 0 TX 시작 요청 완료. 상세 오류: /tmp/run_trex_p0.log
Port 0 트래픽 전송 중지 명령 하달...
[2026-04-30 12:58:52] Port 0 시험 종료 요청 reason=auto-switch
[2026-04-30 12:58:52] COORD AUTO P0 idx=2 송출 종료
[2026-04-30 12:58:52] COORD Guard Time(항목 간) 60.0초 (1.000분) port=0 idx=2
[2026-04-30 12:58:53] Port 0 시험 종료 완료
[2026-04-30 12:59:53] COORD AUTO P0 전체 항목 완료 -> P1 진행
[2026-04-30 12:59:53] COORD AUTO 시험 항목 -> phase=P1 idx=1/2 pcap=dcc101000001_uplane_std_random_24g.pcap
Port 1 트래픽 전송 중지 명령 하달...
[2026-04-30 12:59:53] Port 1 시험 종료 요청 reason=auto-switch
[2026-04-30 12:59:53] Port 1 시험 종료 완료
[2026-04-30 12:59:53] Port 1 AUTO 절체 ready 대기 후 시작 재개
Port 1 TX 시작 요청
Port 1 링크 UP(오탐 보정) (speed=25.0, status=IDLE)
[2026-04-30 12:59:54] Port 1 시험 시작 reason=auto-switch pcap=dcc101000001_uplane_std_random_24g.pcap rate=24Gbps duration_min=0.0
[2026-04-30 12:59:54] COORD 항목 절체(송출 유지) 60.0초 (1.000분) port=1 idx=1
Port 1 log: [INFO] pcap_total=46875 sampled=50 unique_pkt_lens=5 lens=[64,423,782,1141,1500]
Port 1 log: [INFO] port=1 first-check tx_bps=13172372480.0 tx_pps=2094842.625
Port 1 log: [INFO] start check ok tx_bps_sum=13172372480.0
Port 1 TX 시작 요청 완료. 상세 오류: /tmp/run_trex_p1.log
[2026-04-30 13:00:05] COORD AUTO RUN 중지 요청 -> port=0 (순차 전체 정지)
Port 0 트래픽 전송 중지 명령 하달...
[2026-04-30 13:00:05] Port 0 시험 종료 요청 reason=auto-stop
Port 1 트래픽 전송 중지 명령 하달...
[2026-04-30 13:00:05] Port 1 시험 종료 요청 reason=auto-stop
[2026-04-30 13:00:08] COORD AUTO RUN 중지 완료
[2026-04-30 13:00:09] Port 0 시험 종료 완료
[2026-04-30 13:00:11] Port 1 시험 종료 완료
TRex RPC 준비 대기 중... (1/6)
TRex RPC 준비 대기 중... (2/6)
통계 모니터 시작됨
slab
상태 변경: ready
TRex RPC connected (127.0.0.1)
Port 0 TX 시작 요청
Port 0 링크 UP(오탐 보정) (speed=0.0, status=IDLE)
[2026-05-11 16:09:21] Port 0 시험 시작 reason=manual pcap=RHU_vlan2000.pcap rate=10Gbps duration_min=0.0
Port 0 log: slab
Port 0 log: [INFO] pcap_total=19531 sampled=50 unique_pkt_lens=1 lens=[64]
Port 0 log: [ERROR] port(s) [0]: link is DOWN - check the connection or specify 'force'
Port 0 시작 실패: [ERROR] port(s) [0]: link is DOWN - check the connection or specify 'force'
[2026-05-11 16:09:27] Port 0 시험 시작 실패 reason=manual pcap=RHU_vlan2000.pcap
Port 0 TX 시작 요청
Port 0 링크 UP(오탐 보정) (speed=0.0, status=IDLE)
[2026-05-11 16:09:34] Port 0 시험 시작 reason=manual pcap=RHU_vlan2000.pcap rate=10Gbps duration_min=0.0
Port 0 log: slab
Port 0 log: [INFO] pcap_total=19531 sampled=50 unique_pkt_lens=1 lens=[64]
Port 0 log: [ERROR] port(s) [0]: link is DOWN - check the connection or specify 'force'
Port 0 시작 실패: [ERROR] port(s) [0]: link is DOWN - check the connection or specify 'force'
[2026-05-11 16:09:37] Port 0 시험 시작 실패 reason=manual pcap=RHU_vlan2000.pcap
[2026-05-11 16:09:52] Port 0 TX 시작 실패(port state not ready) reason=manual
TRex RPC 준비 대기 중... (1/6)
TRex RPC 준비 대기 중... (2/6)
[2026-05-11 16:10:07] Port 0 AUTO RUN 동시 중지(reason=manual)
Port 0 트래픽 전송 중지 명령 하달...
[2026-05-11 16:10:07] Port 0 시험 종료 요청 reason=manual
통계 모니터 시작됨
slab
상태 변경: ready
TRex RPC connected (127.0.0.1)
[2026-05-11 16:10:09] Port 0 시험 종료 완료
Port 0 TX 시작 요청
Port 0 링크 UP(오탐 보정) (speed=0.0, status=IDLE)
[2026-05-11 16:10:16] Port 0 시험 시작 reason=manual pcap=RHU_vlan2000.pcap rate=10Gbps duration_min=0.0
Port 0 log: slab
Port 0 log: [INFO] pcap_total=19531 sampled=50 unique_pkt_lens=1 lens=[64]
Port 0 log: [ERROR] port(s) [0]: link is DOWN - check the connection or specify 'force'
Port 0 시작 실패: [ERROR] port(s) [0]: link is DOWN - check the connection or specify 'force'
[2026-05-11 16:10:18] Port 0 시험 시작 실패 reason=manual pcap=RHU_vlan2000.pcap
[2026-05-11 16:10:30] Port 0 AUTO RUN 동시 중지(reason=manual)
Port 0 트래픽 전송 중지 명령 하달...
[2026-05-11 16:10:30] Port 0 시험 종료 요청 reason=manual
[2026-05-11 16:10:30] Port 0 시험 종료 완료
TRex RPC 준비 대기 중... (1/6)
TRex RPC 준비 대기 중... (2/6)
통계 모니터 시작됨
slab
상태 변경: ready
TRex RPC connected (127.0.0.1)
Port 0 TX 시작 요청
Port 0 링크 UP(오탐 보정) (speed=0.0, status=IDLE)
[2026-05-11 16:11:20] Port 0 시험 시작 reason=manual pcap=RHU_vlan2000.pcap rate=10Gbps duration_min=0.0
Port 0 log: slab
Port 0 log: [INFO] pcap_total=19531 sampled=50 unique_pkt_lens=1 lens=[64]
Port 0 log: [ERROR] port(s) [0]: link is DOWN - check the connection or specify 'force'
Port 0 시작 실패: [ERROR] port(s) [0]: link is DOWN - check the connection or specify 'force'
[2026-05-11 16:11:22] Port 0 시험 시작 실패 reason=manual pcap=RHU_vlan2000.pcap
TRex Path 확인 재시도(1/4)
TRex RPC 준비 대기 중... (1/6)
통계 모니터 시작됨
slab
상태 변경: ready
TRex RPC connected (127.0.0.1)
Port 0 TX 시작 요청
Port 0 링크 UP(오탐 보정) (speed=0.0, status=IDLE)
[2026-05-11 16:31:54] Port 0 시험 시작 reason=manual pcap=RHU_vlan2000.pcap rate=9Gbps duration_min=0.0
Port 0 log: slab
Port 0 log: [INFO] pcap_total=19531 sampled=50 unique_pkt_lens=1 lens=[64]
Port 0 log: [ERROR] port(s) [0]: link is DOWN - check the connection or specify 'force'
Port 0 시작 실패: [ERROR] port(s) [0]: link is DOWN - check the connection or specify 'force'
[2026-05-11 16:31:56] Port 0 시험 시작 실패 reason=manual pcap=RHU_vlan2000.pcap
[2026-05-11 16:34:33] Port 0 AUTO RUN 동시 중지(reason=manual)
Port 0 트래픽 전송 중지 명령 하달...
[2026-05-11 16:34:33] Port 0 시험 종료 요청 reason=manual
[2026-05-11 16:34:33] Port 0 시험 종료 완료
Port 0 TX 시작 요청
Port 0 링크 UP(오탐 보정) (speed=10.0, status=IDLE)
[2026-05-11 16:34:36] Port 0 시험 시작 reason=manual pcap=RHU_vlan2000.pcap rate=9Gbps duration_min=0.0
Port 0 log: slab
Port 0 log: [INFO] pcap_total=19531 sampled=50 unique_pkt_lens=1 lens=[64]
Port 0 log: [ERROR] Port 0 : *** Expected L1 B/W: '11.6471 Gbps' exceeds port line rate: '10 Gbps'
Port 0 시작 실패: [ERROR] Port 0 : *** Expected L1 B/W: '11.6471 Gbps' exceeds port line rate: '10 Gbps'
[2026-05-11 16:34:39] Port 0 시험 시작 실패 reason=manual pcap=RHU_vlan2000.pcap
TRex Path 확인 재시도(1/4)
통계 모니터 시작됨
slab
상태 변경: ready
TRex RPC connected (127.0.0.1)
Port 0 TX 시작 요청
Port 0 링크 UP(오탐 보정) (speed=10.0, status=IDLE)
[2026-05-11 16:35:14] Port 0 시험 시작 reason=manual pcap=RHU_vlan2000.pcap rate=9Gbps duration_min=0.0
Port 0 log: slab
Port 0 log: [INFO] pcap_total=19531 sampled=50 unique_pkt_lens=1 lens=[64]
Port 0 log: [ERROR] Port 0 : *** Expected L1 B/W: '11.6471 Gbps' exceeds port line rate: '10 Gbps'
Port 0 시작 실패: [ERROR] Port 0 : *** Expected L1 B/W: '11.6471 Gbps' exceeds port line rate: '10 Gbps'
[2026-05-11 16:35:17] Port 0 시험 시작 실패 reason=manual pcap=RHU_vlan2000.pcap
통계 모니터 시작됨
slab
상태 변경: ready
TRex RPC connected (127.0.0.1)
Port 0 TX 시작 요청
Port 0 링크 UP(오탐 보정) (speed=10.0, status=IDLE)
[2026-05-11 16:41:41] Port 0 시험 시작 reason=manual pcap=RHU_vlan2000.pcap rate=9Gbps duration_min=0.0
Port 0 log: slab
Port 0 log: [INFO] pcap_total=19531 sampled=50 unique_pkt_lens=1 lens=[64]
Port 0 log: [ERROR] Port 0 : *** Expected L1 B/W: '11.6471 Gbps' exceeds port line rate: '10 Gbps'
Port 0 시작 실패: [ERROR] Port 0 : *** Expected L1 B/W: '11.6471 Gbps' exceeds port line rate: '10 Gbps'
[2026-05-11 16:41:44] Port 0 시험 시작 실패 reason=manual pcap=RHU_vlan2000.pcap
[2026-05-11 16:43:22] Port 0 TX 시작 실패(port state not ready) reason=manual
[2026-05-11 16:43:26] Port 0 AUTO RUN 동시 중지(reason=manual)
Port 0 트래픽 전송 중지 명령 하달...
[2026-05-11 16:43:26] Port 0 시험 종료 요청 reason=manual
[2026-05-11 16:43:27] Port 0 시험 종료 완료
Port 0 TX 시작 요청
Port 0 링크 UP(오탐 보정) (speed=10.0, status=IDLE)
[2026-05-11 16:43:28] Port 0 시험 시작 reason=manual pcap=RHU_vlan2000.pcap rate=9Gbps duration_min=0.0
Port 0 log: slab
Port 0 log: [INFO] pcap_total=19531 sampled=50 unique_pkt_lens=1 lens=[64]
Port 0 log: [ERROR] Port 0 : *** Expected L1 B/W: '11.6471 Gbps' exceeds port line rate: '10 Gbps'
Port 0 시작 실패: [ERROR] Port 0 : *** Expected L1 B/W: '11.6471 Gbps' exceeds port line rate: '10 Gbps'
[2026-05-11 16:43:30] Port 0 시험 시작 실패 reason=manual pcap=RHU_vlan2000.pcap
PCAP 생성 중단 요청
[2026-05-11 16:44:44] PCAP 생성 중단 요청
[2026-05-11 16:44:44] PCAP 빌더 재시도(1/5): slab (sleep=0.5s)
Port 0 TX 시작 요청
Port 0 링크 UP(오탐 보정) (speed=10.0, status=IDLE)
[2026-05-11 16:45:26] Port 0 시험 시작 reason=manual pcap=RHU_Vlan2000.pcap rate=7Gbps duration_min=0.0
Port 0 log: [INFO] pcap_total=13671 sampled=50 unique_pkt_lens=1 lens=[64]
Port 0 log: [INFO] port=0 first-check tx_bps=3051303936.0 tx_pps=5609021.0
Port 0 log: [INFO] start check ok tx_bps_sum=3051303936.0
Port 0 TX 시작 요청 완료. 상세 오류: /tmp/run_trex_p0.log
[2026-05-11 16:46:06] Port 0 AUTO RUN 동시 중지(reason=manual)
Port 0 트래픽 전송 중지 명령 하달...
[2026-05-11 16:46:06] Port 0 시험 종료 요청 reason=manual
[2026-05-11 16:46:07] Port 0 시험 종료 완료
Port 0 TX 시작 요청
Port 0 링크 UP(오탐 보정) (speed=10.0, status=IDLE)
[2026-05-11 16:47:41] Port 0 시험 시작 reason=manual pcap=RHU_Vlan2000.pcap rate=7Gbps duration_min=0.0
Port 0 log: [INFO] pcap_total=13671 sampled=50 unique_pkt_lens=1 lens=[64]
Port 0 log: [INFO] port=0 first-check tx_bps=1942236160.0 tx_pps=3570290.25
Port 0 log: [INFO] start check ok tx_bps_sum=1942236160.0
Port 0 TX 시작 요청 완료. 상세 오류: /tmp/run_trex_p0.log
[2026-05-11 16:56:02] Port 0 AUTO RUN 동시 중지(reason=manual)
Port 0 트래픽 전송 중지 명령 하달...
[2026-05-11 16:56:02] Port 0 시험 종료 요청 reason=manual
[2026-05-11 16:56:02] Port 0 시험 종료 완료
Port 0 TX 시작 요청
Port 0 링크 UP(오탐 보정) (speed=10.0, status=IDLE)
[2026-05-11 16:58:35] Port 0 시험 시작 reason=manual pcap=RHU_Vlan2000.pcap rate=7Gbps duration_min=0.0
Port 0 log: [INFO] pcap_total=13671 sampled=50 unique_pkt_lens=1 lens=[64]
Port 0 log: [INFO] port=0 first-check tx_bps=928952128.0 tx_pps=1707641.625
Port 0 log: [INFO] start check ok tx_bps_sum=928952128.0
Port 0 TX 시작 요청 완료. 상세 오류: /tmp/run_trex_p0.log
[2026-05-11 17:01:28] Port 0 AUTO RUN 동시 중지(reason=manual)
Port 0 트래픽 전송 중지 명령 하달...
[2026-05-11 17:01:28] Port 0 시험 종료 요청 reason=manual
[2026-05-11 17:01:29] Port 0 시험 종료 완료
Port 0 TX 시작 요청
Port 0 링크 UP(오탐 보정) (speed=10.0, status=IDLE)
[2026-05-11 17:01:33] Port 0 시험 시작 reason=manual pcap=RHU_MAC.pcap rate=7Gbps duration_min=0.0
Port 0 log: [INFO] pcap_total=13671 sampled=50 unique_pkt_lens=1 lens=[64]
Port 0 log: [INFO] port=0 first-check tx_bps=1641470208.0 tx_pps=3017411.5
Port 0 log: [INFO] start check ok tx_bps_sum=1641470208.0
Port 0 TX 시작 요청 완료. 상세 오류: /tmp/run_trex_p0.log
[2026-05-11 17:02:40] Port 0 AUTO RUN 동시 중지(reason=manual)
Port 0 트래픽 전송 중지 명령 하달...
[2026-05-11 17:02:40] Port 0 시험 종료 요청 reason=manual
[2026-05-11 17:02:42] Port 0 시험 종료 완료
Port 0 TX 시작 요청
Port 0 링크 UP(오탐 보정) (speed=10.0, status=IDLE)
[2026-05-11 17:02:50] Port 0 시험 시작 reason=manual pcap=RHU_MAC.pcap rate=7Gbps duration_min=0.0
Port 0 log: [INFO] pcap_total=13671 sampled=50 unique_pkt_lens=1 lens=[64]
Port 0 log: [INFO] port=0 first-check tx_bps=2858444032.0 tx_pps=5254495.5
Port 0 log: [INFO] start check ok tx_bps_sum=2858444032.0
Port 0 TX 시작 요청 완료. 상세 오류: /tmp/run_trex_p0.log
[2026-05-11 17:04:50] Port 0 AUTO RUN 동시 중지(reason=manual)
Port 0 트래픽 전송 중지 명령 하달...
[2026-05-11 17:04:50] Port 0 시험 종료 요청 reason=manual
[2026-05-11 17:04:51] Port 0 시험 종료 완료
Port 0 TX 시작 요청
Port 0 링크 UP(오탐 보정) (speed=10.0, status=IDLE)
[2026-05-11 17:05:28] Port 0 시험 시작 reason=manual pcap=RHU_Length.pcap rate=7Gbps duration_min=0.0
Port 0 log: [INFO] pcap_total=13671 sampled=50 unique_pkt_lens=1 lens=[64]
Port 0 log: [INFO] port=0 first-check tx_bps=2742943488.0 tx_pps=5042182.0
Port 0 log: [INFO] start check ok tx_bps_sum=2742943488.0
Port 0 TX 시작 요청 완료. 상세 오류: /tmp/run_trex_p0.log
[2026-05-11 17:06:11] Port 0 AUTO RUN 동시 중지(reason=manual)
Port 0 트래픽 전송 중지 명령 하달...
[2026-05-11 17:06:11] Port 0 시험 종료 요청 reason=manual
[2026-05-11 17:06:13] Port 0 시험 종료 완료
Port 0 TX 시작 요청
Port 0 링크 UP(오탐 보정) (speed=10.0, status=IDLE)
[2026-05-11 17:06:17] Port 0 시험 시작 reason=manual pcap=RHU_Length.pcap rate=7Gbps duration_min=0.0
Port 0 log: [INFO] pcap_total=13671 sampled=50 unique_pkt_lens=1 lens=[64]
Port 0 log: [INFO] port=0 first-check tx_bps=3136646912.0 tx_pps=5765897.5
Port 0 log: [INFO] start check ok tx_bps_sum=3136646912.0
Port 0 TX 시작 요청 완료. 상세 오류: /tmp/run_trex_p0.log
[2026-05-11 17:06:49] Port 0 AUTO RUN 동시 중지(reason=manual)
Port 0 트래픽 전송 중지 명령 하달...
[2026-05-11 17:06:49] Port 0 시험 종료 요청 reason=manual
[2026-05-11 17:06:50] Port 0 시험 종료 완료
