[2026-04-28 16:35:37] Port 0 AUTO RUN 시작 interval_min=1.0 guard_sec=1.0 files=17
[2026-04-28 16:35:37] Port 0 AUTO 절체 시작 -> 000a35000102_uplane_std_random_10.pcap
[2026-04-28 16:35:37] Port 0 시험 종료 요청 reason=auto-switch
[2026-04-28 16:35:37] Port 0 Guard Time 대기 1초
[2026-04-28 16:35:38] Port 0 시험 종료 완료
[2026-04-28 16:35:38] Port 0 AUTO rate 적용 10.0Gbps (000a35000102_uplane_std_random_10.pcap)
[2026-04-28 16:35:39] Port 0 시험 시작 reason=auto-switch pcap=000a35000102_uplane_std_random_10.pcap rate=10.0Gbps duration_min=0.0
[2026-04-28 16:35:40] Port 1 AUTO RUN 시작 interval_min=1.0 guard_sec=1.0 files=17
[2026-04-28 16:35:40] Port 1 AUTO 절체 시작 -> dcc101000001_uplane_std_random_10.pcap
[2026-04-28 16:35:40] Port 1 시험 종료 요청 reason=auto-switch
[2026-04-28 16:35:40] Port 1 Guard Time 대기 1초
[2026-04-28 16:35:40] Port 1 시험 종료 완료
[2026-04-28 16:35:41] Port 1 AUTO rate 적용 10.0Gbps (dcc101000001_uplane_std_random_10.pcap)
[2026-04-28 16:35:41] Port 1 시험 시작 reason=auto-switch pcap=dcc101000001_uplane_std_random_10.pcap rate=10.0Gbps duration_min=0.0
[2026-04-28 16:39:18] Port 0 시험 시작 reason=manual pcap=000a35000102_uplane_std_random_10.pcap rate=10.0Gbps duration_min=0.0
[2026-04-28 16:39:18] Port 0 TX 준비 단계 예외 reason=manual: name 'total_pkts' is not defined
[2026-04-28 16:39:25] Port 0 AUTO RUN 시작 interval_min=1.0 guard_sec=1.0 files=17
[2026-04-28 16:39:25] Port 0 AUTO 절체 시작 -> 000a35000102_uplane_std_random_10.pcap
[2026-04-28 16:39:25] Port 0 시험 종료 요청 reason=auto-switch
[2026-04-28 16:39:25] Port 0 Guard Time 대기 1초
[2026-04-28 16:39:26] Port 0 시험 종료 완료
[2026-04-28 16:39:26] Port 0 AUTO rate 적용 10.0Gbps (000a35000102_uplane_std_random_10.pcap)
[2026-04-28 16:39:27] Port 0 시험 시작 reason=auto-switch pcap=000a35000102_uplane_std_random_10.pcap rate=10.0Gbps duration_min=0.0
[2026-04-28 16:39:27] Port 0 TX 준비 단계 예외 reason=auto-switch: name 'total_pkts' is not defined
[2026-04-28 16:39:27] Port 0 AUTO 절체 실패 -> 000a35000102_uplane_std_random_10.pcap
[2026-04-28 16:39:33] Port 0 시험 시작 reason=manual pcap=000a35000102_uplane_std_random_10.pcap rate=10.0Gbps duration_min=0.0
[2026-04-28 16:39:33] Port 0 TX 준비 단계 예외 reason=manual: name 'total_pkts' is not defined
[2026-04-29 19:11:05] Port 0 시험 시작 reason=manual pcap=eCPRI_U_Plane_RRC.pcap rate=10.0Gbps duration_min=0.0
[2026-04-29 19:11:05] Port 0 시험 시작 실패 reason=manual pcap=eCPRI_U_Plane_RRC.pcap
[2026-04-29 19:11:21] Port 0 TX 시작 실패(port state not ready) reason=manual
[2026-04-29 19:12:15] Port 0 시험 시작 reason=manual pcap=dcc101000001_uplane_fixed9000_24g.pcap rate=10.0Gbps duration_min=0.0
[2026-04-29 19:12:29] Port 1 시험 시작 reason=manual pcap=000a35000102_prach_fixed64_max_19p0g.pcap rate=10.0Gbps duration_min=0.0
[2026-04-29 19:12:54] Port 0 AUTO RUN 동시 중지(reason=manual)
[2026-04-29 19:12:54] Port 0 시험 종료 요청 reason=manual
[2026-04-29 19:12:55] Port 1 AUTO RUN 동시 중지(reason=manual)
[2026-04-29 19:12:55] Port 1 시험 종료 요청 reason=manual
[2026-04-29 19:12:55] Port 0 시험 종료 완료
[2026-04-29 19:12:56] Port 1 시험 종료 완료
[2026-04-29 19:12:59] Port 0 시험 시작 reason=manual pcap=dcc101000001_uplane_fixed9000_24g.pcap rate=9Gbps duration_min=0.0
[2026-04-29 19:13:05] Port 1 시험 시작 reason=manual pcap=000a35000102_prach_fixed64_max_19p0g.pcap rate=9Gbps duration_min=0.0
[2026-04-29 19:13:29] Port 1 AUTO RUN 동시 중지(reason=manual)
[2026-04-29 19:13:30] Port 1 시험 종료 요청 reason=manual
[2026-04-29 19:13:31] Port 1 시험 종료 완료
[2026-04-29 19:13:40] Port 1 시험 시작 reason=manual pcap=000a35000102_prach_fixed64_max_19p0g.pcap rate=19Gbps duration_min=0.0
[2026-04-29 19:13:52] Port 0 AUTO RUN 동시 중지(reason=manual)
[2026-04-29 19:13:52] Port 0 시험 종료 요청 reason=manual
[2026-04-29 19:13:53] Port 0 시험 종료 완료
[2026-04-29 19:14:12] Port 1 AUTO RUN 동시 중지(reason=manual)
[2026-04-29 19:14:12] Port 1 시험 종료 요청 reason=manual
[2026-04-29 19:14:13] Port 1 시험 종료 완료
[2026-04-29 19:14:19] Port 0 시험 시작 reason=manual pcap=dcc101000001_uplane_fixed9000_24g.pcap rate=19Gbps duration_min=0.0
[2026-04-29 19:14:46] Port 0 AUTO RUN 동시 중지(reason=manual)
[2026-04-29 19:14:46] Port 0 시험 종료 요청 reason=manual
[2026-04-29 19:14:47] Port 0 시험 종료 완료
[2026-04-29 19:14:50] Port 1 시험 시작 reason=manual pcap=000a35000102_prach_fixed64_max_19p0g.pcap rate=19Gbps duration_min=0.0
[2026-04-29 19:16:08] Port 1 AUTO RUN 동시 중지(reason=manual)
[2026-04-29 19:16:08] Port 1 시험 종료 요청 reason=manual
[2026-04-29 19:16:10] Port 1 시험 종료 완료
[2026-04-29 19:16:19] Port 0 시험 시작 reason=manual pcap=dcc101000001_uplane_fixed9000_24g.pcap rate=10Gbps duration_min=0.0
[2026-04-29 19:16:33] Port 0 AUTO RUN 동시 중지(reason=manual)
[2026-04-29 19:16:33] Port 0 시험 종료 요청 reason=manual
[2026-04-29 19:16:35] Port 0 시험 종료 완료
[2026-04-29 19:16:39] Port 1 시험 시작 reason=manual pcap=000a35000102_prach_fixed64_max_19p0g.pcap rate=10Gbps duration_min=0.0
[2026-04-29 19:17:15] Port 1 AUTO RUN 동시 중지(reason=manual)
[2026-04-29 19:17:15] Port 1 시험 종료 요청 reason=manual
[2026-04-29 19:17:16] Port 1 시험 종료 완료
[2026-04-29 19:17:19] Port 1 시험 시작 reason=manual pcap=000a35000102_udp_netconf64_untag830_19g.pcap rate=10Gbps duration_min=0.0
[2026-04-29 19:17:42] Port 1 TX 시작 실패(port state not ready) reason=manual
[2026-04-29 19:17:46] Port 1 AUTO RUN 동시 중지(reason=manual)
[2026-04-29 19:17:46] Port 1 시험 종료 요청 reason=manual
[2026-04-29 19:17:47] Port 1 시험 종료 완료
[2026-04-29 19:17:50] Port 1 시험 시작 reason=manual pcap=000a35000102_udp_netconf64_untag830_19g.pcap rate=19Gbps duration_min=0.0
[2026-04-30 10:32:58] AUTO 순서 저장 P0=16개 P1=16개
[2026-04-30 12:45:29] COORD AUTO RUN 시작 mode=sequential-ports 항목절체_min=240.0 guard간격_min=10.0 files_p0=16 files_p1=16
[2026-04-30 12:45:29] COORD AUTO 시험 항목 -> phase=P0 idx=1/16 pcap=000a35000102_uplane_std_random_max_24g.pcap
[2026-04-30 12:45:29] Port 0 시험 종료 요청 reason=auto-switch
[2026-04-30 12:45:30] Port 0 시험 종료 완료
[2026-04-30 12:45:30] Port 0 AUTO 절체 ready 대기 후 시작 재개
[2026-04-30 12:45:31] Port 0 시험 시작 reason=auto-switch pcap=000a35000102_uplane_std_random_max_24g.pcap rate=24Gbps duration_min=0.0
[2026-04-30 12:45:31] COORD 항목 절체(송출 유지) 14400.0초 (240.000분) port=0 idx=1
[2026-04-30 12:46:27] COORD AUTO RUN 중지 요청 -> port=0 (순차 전체 정지)
[2026-04-30 12:46:27] Port 0 시험 종료 요청 reason=auto-stop
[2026-04-30 12:46:27] Port 1 시험 종료 요청 reason=auto-stop
[2026-04-30 12:46:30] COORD AUTO RUN 중지 완료
[2026-04-30 12:46:32] Port 0 시험 종료 완료
[2026-04-30 12:46:32] Port 1 시험 종료 완료
[2026-04-30 12:46:45] COORD AUTO RUN 시작 mode=sequential-ports 항목절체_min=240.0 guard간격_min=10.0 files_p0=16 files_p1=16
[2026-04-30 12:46:45] COORD AUTO 시험 항목 -> phase=P0 idx=1/16 pcap=000a35000102_uplane_std_random_max_24g.pcap
[2026-04-30 12:46:46] Port 0 시험 종료 요청 reason=auto-switch
[2026-04-30 12:46:46] Port 0 시험 종료 완료
[2026-04-30 12:46:47] Port 0 AUTO 절체 ready 대기 후 시작 재개
[2026-04-30 12:46:47] Port 0 시험 시작 reason=auto-switch pcap=000a35000102_uplane_std_random_max_24g.pcap rate=24Gbps duration_min=0.0
[2026-04-30 12:46:47] COORD 항목 절체(송출 유지) 14400.0초 (240.000분) port=0 idx=1
[2026-04-30 12:46:53] Port 0 시험 시작 실패 reason=auto-switch pcap=000a35000102_uplane_std_random_max_24g.pcap
[2026-04-30 12:47:49] COORD AUTO RUN 시작 mode=sequential-ports 항목절체_min=240.0 guard간격_min=10.0 files_p0=16 files_p1=16
[2026-04-30 12:47:49] COORD AUTO 시험 항목 -> phase=P0 idx=1/16 pcap=000a35000102_uplane_std_random_max_24g.pcap
[2026-04-30 12:47:49] Port 0 시험 종료 요청 reason=auto-switch
[2026-04-30 12:47:50] Port 0 시험 종료 완료
[2026-04-30 12:47:50] Port 0 AUTO 절체 ready 대기 후 시작 재개
[2026-04-30 12:47:51] Port 0 시험 시작 reason=auto-switch pcap=000a35000102_uplane_std_random_max_24g.pcap rate=24Gbps duration_min=0.0
[2026-04-30 12:47:51] COORD 항목 절체(송출 유지) 14400.0초 (240.000분) port=0 idx=1
[2026-04-30 12:48:07] COORD AUTO RUN 중지 요청 -> port=0 (순차 전체 정지)
[2026-04-30 12:48:07] Port 0 시험 종료 요청 reason=auto-stop
[2026-04-30 12:48:07] Port 1 시험 종료 요청 reason=auto-stop
[2026-04-30 12:48:10] COORD AUTO RUN 중지 완료
[2026-04-30 12:48:12] Port 0 시험 종료 완료
[2026-04-30 12:48:13] Port 1 시험 종료 완료
[2026-04-30 12:48:21] COORD AUTO RUN 시작 mode=sequential-ports 항목절체_min=240.0 guard간격_min=10.0 files_p0=16 files_p1=16
[2026-04-30 12:48:21] COORD AUTO 시험 항목 -> phase=P0 idx=1/16 pcap=000a35000102_uplane_std_random_max_24g.pcap
[2026-04-30 12:48:21] Port 0 시험 종료 요청 reason=auto-switch
[2026-04-30 12:48:22] Port 0 시험 종료 완료
[2026-04-30 12:48:22] Port 0 AUTO 절체 ready 대기 후 시작 재개
[2026-04-30 12:48:23] Port 0 시험 시작 reason=auto-switch pcap=000a35000102_uplane_std_random_max_24g.pcap rate=24Gbps duration_min=0.0
[2026-04-30 12:48:24] COORD 항목 절체(송출 유지) 14400.0초 (240.000분) port=0 idx=1
[2026-04-30 12:52:42] COORD AUTO RUN 시작 mode=sequential-ports 항목절체_min=1.0 guard간격_min=1.0 files_p0=16 files_p1=16
[2026-04-30 12:52:42] COORD AUTO 시험 항목 -> phase=P0 idx=1/16 pcap=000a35000102_uplane_std_random_max_24g.pcap
[2026-04-30 12:52:42] Port 0 시험 종료 요청 reason=auto-switch
[2026-04-30 12:52:46] Port 0 시험 종료 완료
[2026-04-30 12:52:47] Port 0 AUTO 절체 ready 대기 후 시작 재개
[2026-04-30 12:52:49] Port 0 시험 시작 reason=auto-switch pcap=000a35000102_uplane_std_random_max_24g.pcap rate=24Gbps duration_min=0.0
[2026-04-30 12:52:50] COORD 항목 절체(송출 유지) 60.0초 (1.000분) port=0 idx=1
[2026-04-30 12:52:58] COORD AUTO RUN 중지 요청 -> port=0 (순차 전체 정지)
[2026-04-30 12:52:58] Port 0 시험 종료 요청 reason=auto-stop
[2026-04-30 12:52:58] Port 1 시험 종료 요청 reason=auto-stop
[2026-04-30 12:53:01] COORD AUTO RUN 중지 완료
[2026-04-30 12:53:02] Port 1 시험 종료 완료
[2026-04-30 12:53:04] Port 0 시험 종료 완료
[2026-04-30 12:53:04] COORD AUTO RUN 시작 mode=sequential-ports 항목절체_min=1.0 guard간격_min=1.0 files_p0=16 files_p1=16
[2026-04-30 12:53:04] COORD AUTO 시험 항목 -> phase=P0 idx=1/16 pcap=000a35000102_uplane_std_random_max_24g.pcap
[2026-04-30 12:53:04] Port 0 시험 종료 요청 reason=auto-switch
[2026-04-30 12:53:05] Port 0 시험 종료 완료
[2026-04-30 12:53:05] Port 0 AUTO 절체 ready 대기 후 시작 재개
[2026-04-30 12:53:06] Port 0 시험 시작 reason=auto-switch pcap=000a35000102_uplane_std_random_max_24g.pcap rate=24Gbps duration_min=0.0
[2026-04-30 12:53:06] COORD 항목 절체(송출 유지) 60.0초 (1.000분) port=0 idx=1
[2026-04-30 12:54:07] Port 0 시험 종료 요청 reason=auto-switch
[2026-04-30 12:54:07] COORD AUTO P0 idx=1 송출 종료
[2026-04-30 12:54:07] COORD Guard Time(항목 간) 60.0초 (1.000분) port=0 idx=1
[2026-04-30 12:54:08] Port 0 시험 종료 완료
[2026-04-30 12:55:07] COORD AUTO 시험 항목 -> phase=P0 idx=2/16 pcap=000a35000102_uplane_jumbo_random_max_24g.pcap
[2026-04-30 12:55:07] Port 0 시험 종료 요청 reason=auto-switch
[2026-04-30 12:55:08] Port 0 시험 종료 완료
[2026-04-30 12:55:08] Port 0 AUTO 절체 ready 대기 후 시작 재개
[2026-04-30 12:55:09] Port 0 시험 시작 reason=auto-switch pcap=000a35000102_uplane_jumbo_random_max_24g.pcap rate=24Gbps duration_min=0.0
[2026-04-30 12:55:09] COORD 항목 절체(송출 유지) 60.0초 (1.000분) port=0 idx=2
[2026-04-30 12:55:32] AUTO 순서 저장 P0=2개 P1=2개
[2026-04-30 12:55:35] COORD AUTO RUN 중지 요청 -> port=0 (순차 전체 정지)
[2026-04-30 12:55:35] Port 0 시험 종료 요청 reason=auto-stop
[2026-04-30 12:55:35] Port 1 시험 종료 요청 reason=auto-stop
[2026-04-30 12:55:38] COORD AUTO RUN 중지 완료
[2026-04-30 12:55:42] Port 0 시험 종료 완료
[2026-04-30 12:55:42] Port 1 시험 종료 완료
[2026-04-30 12:55:49] COORD AUTO RUN 시작 mode=sequential-ports 항목절체_min=1.0 guard간격_min=1.0 files_p0=2 files_p1=2
[2026-04-30 12:55:49] COORD AUTO 시험 항목 -> phase=P0 idx=1/2 pcap=000a35000102_uplane_std_random_max_24g.pcap
[2026-04-30 12:55:49] Port 0 시험 종료 요청 reason=auto-switch
[2026-04-30 12:55:50] Port 0 시험 종료 완료
[2026-04-30 12:55:50] Port 0 AUTO 절체 ready 대기 후 시작 재개
[2026-04-30 12:55:50] Port 0 시험 시작 reason=auto-switch pcap=000a35000102_uplane_std_random_max_24g.pcap rate=24Gbps duration_min=0.0
[2026-04-30 12:55:51] COORD 항목 절체(송출 유지) 60.0초 (1.000분) port=0 idx=1
[2026-04-30 12:56:51] Port 0 시험 종료 요청 reason=auto-switch
[2026-04-30 12:56:51] COORD AUTO P0 idx=1 송출 종료
[2026-04-30 12:56:51] COORD Guard Time(항목 간) 60.0초 (1.000분) port=0 idx=1
[2026-04-30 12:56:51] Port 0 시험 종료 완료
[2026-04-30 12:57:51] COORD AUTO 시험 항목 -> phase=P0 idx=2/2 pcap=000a35000102_uplane_jumbo_random_max_24g.pcap
[2026-04-30 12:57:51] Port 0 시험 종료 요청 reason=auto-switch
[2026-04-30 12:57:52] Port 0 시험 종료 완료
[2026-04-30 12:57:52] Port 0 AUTO 절체 ready 대기 후 시작 재개
[2026-04-30 12:57:52] Port 0 시험 시작 reason=auto-switch pcap=000a35000102_uplane_jumbo_random_max_24g.pcap rate=24Gbps duration_min=0.0
[2026-04-30 12:57:52] COORD 항목 절체(송출 유지) 60.0초 (1.000분) port=0 idx=2
[2026-04-30 12:58:52] Port 0 시험 종료 요청 reason=auto-switch
[2026-04-30 12:58:52] COORD AUTO P0 idx=2 송출 종료
[2026-04-30 12:58:52] COORD Guard Time(항목 간) 60.0초 (1.000분) port=0 idx=2
[2026-04-30 12:58:53] Port 0 시험 종료 완료
[2026-04-30 12:59:53] COORD AUTO P0 전체 항목 완료 -> P1 진행
[2026-04-30 12:59:53] COORD AUTO 시험 항목 -> phase=P1 idx=1/2 pcap=dcc101000001_uplane_std_random_24g.pcap
[2026-04-30 12:59:53] Port 1 시험 종료 요청 reason=auto-switch
[2026-04-30 12:59:53] Port 1 시험 종료 완료
[2026-04-30 12:59:53] Port 1 AUTO 절체 ready 대기 후 시작 재개
[2026-04-30 12:59:54] Port 1 시험 시작 reason=auto-switch pcap=dcc101000001_uplane_std_random_24g.pcap rate=24Gbps duration_min=0.0
[2026-04-30 12:59:54] COORD 항목 절체(송출 유지) 60.0초 (1.000분) port=1 idx=1
[2026-04-30 13:00:05] COORD AUTO RUN 중지 요청 -> port=0 (순차 전체 정지)
[2026-04-30 13:00:05] Port 0 시험 종료 요청 reason=auto-stop
[2026-04-30 13:00:05] Port 1 시험 종료 요청 reason=auto-stop
[2026-04-30 13:00:08] COORD AUTO RUN 중지 완료
[2026-04-30 13:00:09] Port 0 시험 종료 완료
[2026-04-30 13:00:11] Port 1 시험 종료 완료
[2026-05-11 16:09:21] Port 0 시험 시작 reason=manual pcap=RHU_vlan2000.pcap rate=10Gbps duration_min=0.0
[2026-05-11 16:09:27] Port 0 시험 시작 실패 reason=manual pcap=RHU_vlan2000.pcap
[2026-05-11 16:09:34] Port 0 시험 시작 reason=manual pcap=RHU_vlan2000.pcap rate=10Gbps duration_min=0.0
[2026-05-11 16:09:37] Port 0 시험 시작 실패 reason=manual pcap=RHU_vlan2000.pcap
[2026-05-11 16:09:52] Port 0 TX 시작 실패(port state not ready) reason=manual
[2026-05-11 16:10:07] Port 0 AUTO RUN 동시 중지(reason=manual)
[2026-05-11 16:10:07] Port 0 시험 종료 요청 reason=manual
[2026-05-11 16:10:09] Port 0 시험 종료 완료
[2026-05-11 16:10:16] Port 0 시험 시작 reason=manual pcap=RHU_vlan2000.pcap rate=10Gbps duration_min=0.0
[2026-05-11 16:10:18] Port 0 시험 시작 실패 reason=manual pcap=RHU_vlan2000.pcap
[2026-05-11 16:10:30] Port 0 AUTO RUN 동시 중지(reason=manual)
[2026-05-11 16:10:30] Port 0 시험 종료 요청 reason=manual
[2026-05-11 16:10:30] Port 0 시험 종료 완료
[2026-05-11 16:11:20] Port 0 시험 시작 reason=manual pcap=RHU_vlan2000.pcap rate=10Gbps duration_min=0.0
[2026-05-11 16:11:22] Port 0 시험 시작 실패 reason=manual pcap=RHU_vlan2000.pcap
[2026-05-11 16:31:54] Port 0 시험 시작 reason=manual pcap=RHU_vlan2000.pcap rate=9Gbps duration_min=0.0
[2026-05-11 16:31:56] Port 0 시험 시작 실패 reason=manual pcap=RHU_vlan2000.pcap
[2026-05-11 16:34:33] Port 0 AUTO RUN 동시 중지(reason=manual)
[2026-05-11 16:34:33] Port 0 시험 종료 요청 reason=manual
[2026-05-11 16:34:33] Port 0 시험 종료 완료
[2026-05-11 16:34:36] Port 0 시험 시작 reason=manual pcap=RHU_vlan2000.pcap rate=9Gbps duration_min=0.0
[2026-05-11 16:34:39] Port 0 시험 시작 실패 reason=manual pcap=RHU_vlan2000.pcap
[2026-05-11 16:35:14] Port 0 시험 시작 reason=manual pcap=RHU_vlan2000.pcap rate=9Gbps duration_min=0.0
[2026-05-11 16:35:17] Port 0 시험 시작 실패 reason=manual pcap=RHU_vlan2000.pcap
[2026-05-11 16:41:41] Port 0 시험 시작 reason=manual pcap=RHU_vlan2000.pcap rate=9Gbps duration_min=0.0
[2026-05-11 16:41:44] Port 0 시험 시작 실패 reason=manual pcap=RHU_vlan2000.pcap
[2026-05-11 16:43:22] Port 0 TX 시작 실패(port state not ready) reason=manual
[2026-05-11 16:43:26] Port 0 AUTO RUN 동시 중지(reason=manual)
[2026-05-11 16:43:26] Port 0 시험 종료 요청 reason=manual
[2026-05-11 16:43:27] Port 0 시험 종료 완료
[2026-05-11 16:43:28] Port 0 시험 시작 reason=manual pcap=RHU_vlan2000.pcap rate=9Gbps duration_min=0.0
[2026-05-11 16:43:30] Port 0 시험 시작 실패 reason=manual pcap=RHU_vlan2000.pcap
[2026-05-11 16:44:44] PCAP 생성 중단 요청
[2026-05-11 16:44:44] PCAP 빌더 재시도(1/5): slab (sleep=0.5s)
[2026-05-11 16:45:26] Port 0 시험 시작 reason=manual pcap=RHU_Vlan2000.pcap rate=7Gbps duration_min=0.0
[2026-05-11 16:46:06] Port 0 AUTO RUN 동시 중지(reason=manual)
[2026-05-11 16:46:06] Port 0 시험 종료 요청 reason=manual
[2026-05-11 16:46:07] Port 0 시험 종료 완료
[2026-05-11 16:47:41] Port 0 시험 시작 reason=manual pcap=RHU_Vlan2000.pcap rate=7Gbps duration_min=0.0
[2026-05-11 16:56:02] Port 0 AUTO RUN 동시 중지(reason=manual)
[2026-05-11 16:56:02] Port 0 시험 종료 요청 reason=manual
[2026-05-11 16:56:02] Port 0 시험 종료 완료
[2026-05-11 16:58:35] Port 0 시험 시작 reason=manual pcap=RHU_Vlan2000.pcap rate=7Gbps duration_min=0.0
[2026-05-11 17:01:28] Port 0 AUTO RUN 동시 중지(reason=manual)
[2026-05-11 17:01:28] Port 0 시험 종료 요청 reason=manual
[2026-05-11 17:01:29] Port 0 시험 종료 완료
[2026-05-11 17:01:33] Port 0 시험 시작 reason=manual pcap=RHU_MAC.pcap rate=7Gbps duration_min=0.0
[2026-05-11 17:02:40] Port 0 AUTO RUN 동시 중지(reason=manual)
[2026-05-11 17:02:40] Port 0 시험 종료 요청 reason=manual
[2026-05-11 17:02:42] Port 0 시험 종료 완료
[2026-05-11 17:02:50] Port 0 시험 시작 reason=manual pcap=RHU_MAC.pcap rate=7Gbps duration_min=0.0
[2026-05-11 17:04:50] Port 0 AUTO RUN 동시 중지(reason=manual)
[2026-05-11 17:04:50] Port 0 시험 종료 요청 reason=manual
[2026-05-11 17:04:51] Port 0 시험 종료 완료
[2026-05-11 17:05:28] Port 0 시험 시작 reason=manual pcap=RHU_Length.pcap rate=7Gbps duration_min=0.0
[2026-05-11 17:06:11] Port 0 AUTO RUN 동시 중지(reason=manual)
[2026-05-11 17:06:11] Port 0 시험 종료 요청 reason=manual
[2026-05-11 17:06:13] Port 0 시험 종료 완료
[2026-05-11 17:06:17] Port 0 시험 시작 reason=manual pcap=RHU_Length.pcap rate=7Gbps duration_min=0.0
[2026-05-11 17:06:49] Port 0 AUTO RUN 동시 중지(reason=manual)
[2026-05-11 17:06:49] Port 0 시험 종료 요청 reason=manual
[2026-05-11 17:06:50] Port 0 시험 종료 완료
